Microchip MPLAB XC8 Compiler V1.34 ()

Linker command line:

--edf=C:\Program Files (x86)\Microchip\xc8\v1.34\dat\en_msgs.txt -cs \
  -h+dist/Standalone/production\LoRaMote.X.production.sym \
  --cmf=dist/Standalone/production\LoRaMote.X.production.cmf -z -Q18LF45K50 \
  -oC:\Users\Lenovo\AppData\Local\Temp\sei4.6 \
  -Mdist/Standalone/production/LoRaMote.X.production.map -E1 -ver=XC8 \
  -ASTACK=0580h-07ffh -pstack=STACK -ACODE=00h-07FFFh -ACONST=00h-07FFFh \
  -ASMALLCONST=0800h-08FFhx120 -AMEDIUMCONST=0800h-07FFFh -ACOMRAM=01h-05Fh \
  -AABS1=00h-07FFh -ABIGRAM=01h-07FFh -ARAM=060h-0FFh,0100h-01FFhx7 \
  -ABANK0=060h-0FFh -ABANK1=0100h-01FFh -ABANK2=0200h-02FFh \
  -ABANK3=0300h-03FFh -ABANK4=0400h-04FFh -ABANK5=0500h-05FFh \
  -ABANK6=0600h-06FFh -ABANK7=0700h-07FFh -ASFR=0F53h-0F5Fh,0F60h-0FFFh \
  -preset_vec=00h,intcode=08h,intcodelo,powerup,init,end_init \
  -pramtop=0800h -psmallconst=SMALLCONST -pmediumconst=MEDIUMCONST \
  -pconst=CONST -AFARRAM=00h-00h -ACONFIG=0300000h-030000Dh -pconfig=CONFIG \
  -AIDLOC=0200000h-0200007h -pidloc=IDLOC -AEEDATA=0F00000h-0F000FFh \
  -peeprom_data=EEDATA \
  -prdata=COMRAM,nvrram=COMRAM,nvbit=COMRAM,rbss=COMRAM,rbit=COMRAM \
  -pfarbss=FARRAM,fardata=FARRAM,nvFARRAM=FARRAM \
  -pintsave_regs=BIGRAM,bigbss=BIGRAM,bigdata=BIGRAM -pbss=RAM \
  -pidata=CODE,irdata=CODE,ibigdata=CODE,ifardata=CODE -prparam=COMRAM \
  C:\Users\Lenovo\AppData\Local\Temp\sei4.obj \
  dist/Standalone/production\LoRaMote.X.production.obj 

Object code version is 3.11

Machine type is 18LF45K50

Call graph: (short form)




                Name                               Link     Load   Length Selector   Space Scale
C:\Users\Lenovo\AppData\Local\Temp\sei4.obj
                end_init                             C4       C4        4        4       0
                reset_vec                             0        0        4        0       0
                idloc                            200000   200000        8   200000       0
                config                           300000   300000        E   300000       0
dist/Standalone/production\LoRaMote.X.production.obj
                intcode                               8        8       BC        4       0
                mediumconst                        75F8     75F8      A08     3AFC       0
                text139                            5F5C     5F5C        4     2F8B       0
                text138                            59D6     59D6       3A        4       0
                text137                            599C     599C       3A        4       0
                text136                            5EE2     5EE2        C        4       0
                text135                            5D2E     5D2E       20        4       0
                text134                            5F4A     5F4A        6     2F8B       0
                text133                            4CC6     4CC6       8C        4       0
                text132                            58EA     58EA       3E        4       0
                text131                            55B6     55B6       5A        4       0
                text130                            3F50     3F50       DE        4       0
                text129                            3AE8     3AE8       E6        4       0
                text128                            42A6     42A6       D0        4       0
                text127                            2D90     2D90      138        4       0
                text126                            543A     543A       62        4       0
                text125                            44F2     44F2       BA        4       0
                text124                            4B0C     4B0C       96        4       0
                text123                            582E     582E       40        4       0
                text122                            4376     4376       C0        4       0
                text121                            5230     5230       6E        4       0
                text120                            555C     555C       5A        4       0
                text119                            54FC     54FC       60        4       0
                text118                            19BC     19BC      296        4       0
                text117                            2FFE     2FFE      124        4       0
                text116                            45AC     45AC       B8        4       0
                text115                            5BEC     5BEC       2E        4       0
                text114                            3CB2     3CB2       E2        4       0
                text113                            3BCE     3BCE       E4        4       0
                text112                            4A6C     4A6C       A0        4       0
                text111                            323C     323C      10A        4       0
                text110                            4D52     4D52       88        4       0
                text109                            41D6     41D6       D0        4       0
                text108                            57EA     57EA       44        4       0
                text107                            5C9C     5C9C       2A        4       0
                text106                            5BBA     5BBA       32        4       0
                text105                            2B1E     2B1E      13A        4       0
                text104                            288A     288A      150        4       0
                text103                            5F44     5F44        6     2F8B       0
                text101                            5E1A     5E1A       18        4       0
                text100                            5F02     5F02        A        4       0
                text99                             5DA0     5DA0       1A        4       0
                text98                             5EA6     5EA6       12        4       0
                text97                             58AC     58AC       3E        4       0
                text96                             5E02     5E02       18        4       0
                text95                             5610     5610       56        4       0
                text94                             5F58     5F58        4     2F8B       0
                text93                             5A48     5A48       38        4       0
                text92                             5F54     5F54        4     2F8B       0
                text91                             5E5C     5E5C       14        4       0
                text90                             5F50     5F50        4     2F8B       0
                text89                             5D0C     5D0C       22        4       0
                text88                             5CEA     5CEA       22        4       0
                text87                             5AEC     5AEC       36        4       0
                text86                             5AB6     5AB6       36        4       0
                text85                             2732     2732      158        4       0
                text84                             3E72     3E72       DE        4       0
                text83                             2142     2142      190        4       0
                text82                             5754     5754       4C        4       0
                text81                             57A0     57A0       4A        4       0
                text80                             5F36     5F36        8     2F8B       0
                text79                             5F3E     5F3E        6     2F8B       0
                text78                             3646     3646       F4        4       0
                text77                             5CC6     5CC6       24        4       0
                text76                             3914     3914       EC        4       0
                text75                             5DEA     5DEA       18        4       0
                text74                             5D4E     5D4E       1E        4       0
                text73                             5D86     5D86       1A        4       0
                text72                             5DD2     5DD2       18        4       0
                text71                             4718     4718       B4        4       0
                text70                             5B22     5B22       34        4       0
                text69                             5D6C     5D6C       1A        4       0
                text68                             5060     5060       7C        4       0
                text67                             4DDA     4DDA       86        4       0
                text66                             4104     4104       D2        4       0
                text65                             5EF8     5EF8        A        4       0
                text64                             5EC8     5EC8        E        4       0
                text63                             5B88     5B88       32        4       0
                text62                             5E94     5E94       12        4       0
                text61                             5C46     5C46       2C        4       0
                text60                             5F2E     5F2E        8     2F8B       0
                text59                             344C     344C      104        4       0
                text58                             529E     529E       6C        4       0
                text57                             29DA     29DA      144        4       0
                text56                             5F26     5F26        8     2F8B       0
                text55                             5EEE     5EEE        A        4       0
                text54                             586E     586E       3E        4       0
                text53                             5962     5962       3A        4       0
                text52                             549C     549C       60        4       0
                text51                             4922     4922       A6        4       0
                text50                             133C     133C      680        4       0
                text49                             22D2     22D2      180        4       0
                text48                             1ED6     1ED6      26C        4       0
                text47                             2EC8     2EC8      136        4       0
                text46                             25CE     25CE      164        4       0
                text45                             3122     3122      11A        4       0
                text44                             5A80     5A80       36        4       0
                text43                             3A00     3A00       E8        4       0
                text42                             2452     2452      17C        4       0
                text41                             5ED6     5ED6        C        4       0
                text40                             56B8     56B8       50        4       0
                text39                             4FE4     4FE4       7C        4       0
                text38                             4C36     4C36       90        4       0
                text37                             5C72     5C72       2A        4       0
                text36                             5F1E     5F1E        8     2F8B       0
                text35                             5E48     5E48       14        4       0
                text34                             5E82     5E82       12        4       0
                text33                             5E70     5E70       12        4       0
                text32                             5E32     5E32       16        4       0
                text31                             4F64     4F64       80        4       0
                text30                             5C1A     5C1A       2C        4       0
                text29                             5DBA     5DBA       18        4       0
                text28                             5B56     5B56       32        4       0
                text27                             373A     373A       EE        4       0
                text26                             4664     4664       B4        4       0
                text25                             530A     530A       68        4       0
                text24                             3D94     3D94       DE        4       0
                text23                             4E60     4E60       84        4       0
                text22                             4436     4436       BC        4       0
                text21                             5A10     5A10       38        4       0
                text20                             49C8     49C8       A4        4       0
                text19                             5EB8     5EB8       10        4       0
                text18                             5708     5708       4C        4       0
                text17                             4EE4     4EE4       80        4       0
                text16                             53D8     53D8       62        4       0
                text15                             5666     5666       52        4       0
                text14                             5F16     5F16        8     2F8B       0
                text13                             4BA2     4BA2       94        4       0
                text12                             487A     487A       A8        4       0
                text11                             402E     402E       D6        4       0
                text10                               C8       C8     1274        4       0
                text9                              1C52     1C52      284        4       0
                text8                              3828     3828       EC        4       0
                text7                              5928     5928       3A        4       0
                text6                              3550     3550       F6        4       0
                text5                              51C2     51C2       6E        4       0
                text4                              5372     5372       66        4       0
                text3                              47CC     47CC       AE        4       0
                text2                              3346     3346      106        4       0
                text1                              5150     5150       72        4       0
                text0                              2C58     2C58      138        4       0
                cstackCOMRAM                          1        1       2D        1       1
                cstackBANK0                          AF       AF       47       60       1
                cstackBANK2                         2A0      2A0        5      200       1
                bssBANK2                            200      200       A0      200       1
                dataBANK1                           1FB      1FB        2      100       1
                bssBANK1                            100      100       FB      100       1
                dataBANK0                            F6       F6        9       60       1
                bssBANK0                             60       60       4F       60       1
                bssCOMRAM                            2E       2E       2C        1       1
                bitbssCOMRAM                        2D0       5A        1        1       1     8
                cinit                              50DC     50DC       74        4       0
                idataBANK1                         5F60     5F60        2     2F8B       0
                idataBANK0                         5F0C     5F0C        9        4       0

TOTAL           Name                               Link     Load   Length     Space
        CLASS   STACK          

        CLASS   CODE           
                end_init                             C4       C4        4         0
                intcode                               8        8       BC         0
                reset_vec                             0        0        4         0
                text139                            5F5C     5F5C        4         0
                text138                            59D6     59D6       3A         0
                text137                            599C     599C       3A         0
                text136                            5EE2     5EE2        C         0
                text135                            5D2E     5D2E       20         0
                text134                            5F4A     5F4A        6         0
                text133                            4CC6     4CC6       8C         0
                text132                            58EA     58EA       3E         0
                text131                            55B6     55B6       5A         0
                text130                            3F50     3F50       DE         0
                text129                            3AE8     3AE8       E6         0
                text128                            42A6     42A6       D0         0
                text127                            2D90     2D90      138         0
                text126                            543A     543A       62         0
                text125                            44F2     44F2       BA         0
                text124                            4B0C     4B0C       96         0
                text123                            582E     582E       40         0
                text122                            4376     4376       C0         0
                text121                            5230     5230       6E         0
                text120                            555C     555C       5A         0
                text119                            54FC     54FC       60         0
                text118                            19BC     19BC      296         0
                text117                            2FFE     2FFE      124         0
                text116                            45AC     45AC       B8         0
                text115                            5BEC     5BEC       2E         0
                text114                            3CB2     3CB2       E2         0
                text113                            3BCE     3BCE       E4         0
                text112                            4A6C     4A6C       A0         0
                text111                            323C     323C      10A         0
                text110                            4D52     4D52       88         0
                text109                            41D6     41D6       D0         0
                text108                            57EA     57EA       44         0
                text107                            5C9C     5C9C       2A         0
                text106                            5BBA     5BBA       32         0
                text105                            2B1E     2B1E      13A         0
                text104                            288A     288A      150         0
                text103                            5F44     5F44        6         0
                text101                            5E1A     5E1A       18         0
                text100                            5F02     5F02        A         0
                text99                             5DA0     5DA0       1A         0
                text98                             5EA6     5EA6       12         0
                text97                             58AC     58AC       3E         0
                text96                             5E02     5E02       18         0
                text95                             5610     5610       56         0
                text94                             5F58     5F58        4         0
                text93                             5A48     5A48       38         0
                text92                             5F54     5F54        4         0
                text91                             5E5C     5E5C       14         0
                text90                             5F50     5F50        4         0
                text89                             5D0C     5D0C       22         0
                text88                             5CEA     5CEA       22         0
                text87                             5AEC     5AEC       36         0
                text86                             5AB6     5AB6       36         0
                text85                             2732     2732      158         0
                text84                             3E72     3E72       DE         0
                text83                             2142     2142      190         0
                text82                             5754     5754       4C         0
                text81                             57A0     57A0       4A         0
                text80                             5F36     5F36        8         0
                text79                             5F3E     5F3E        6         0
                text78                             3646     3646       F4         0
                text77                             5CC6     5CC6       24         0
                text76                             3914     3914       EC         0
                text75                             5DEA     5DEA       18         0
                text74                             5D4E     5D4E       1E         0
                text73                             5D86     5D86       1A         0
                text72                             5DD2     5DD2       18         0
                text71                             4718     4718       B4         0
                text70                             5B22     5B22       34         0
                text69                             5D6C     5D6C       1A         0
                text68                             5060     5060       7C         0
                text67                             4DDA     4DDA       86         0
                text66                             4104     4104       D2         0
                text65                             5EF8     5EF8        A         0
                text64                             5EC8     5EC8        E         0
                text63                             5B88     5B88       32         0
                text62                             5E94     5E94       12         0
                text61                             5C46     5C46       2C         0
                text60                             5F2E     5F2E        8         0
                text59                             344C     344C      104         0
                text58                             529E     529E       6C         0
                text57                             29DA     29DA      144         0
                text56                             5F26     5F26        8         0
                text55                             5EEE     5EEE        A         0
                text54                             586E     586E       3E         0
                text53                             5962     5962       3A         0
                text52                             549C     549C       60         0
                text51                             4922     4922       A6         0
                text50                             133C     133C      680         0
                text49                             22D2     22D2      180         0
                text48                             1ED6     1ED6      26C         0
                text47                             2EC8     2EC8      136         0
                text46                             25CE     25CE      164         0
                text45                             3122     3122      11A         0
                text44                             5A80     5A80       36         0
                text43                             3A00     3A00       E8         0
                text42                             2452     2452      17C         0
                text41                             5ED6     5ED6        C         0
                text40                             56B8     56B8       50         0
                text39                             4FE4     4FE4       7C         0
                text38                             4C36     4C36       90         0
                text37                             5C72     5C72       2A         0
                text36                             5F1E     5F1E        8         0
                text35                             5E48     5E48       14         0
                text34                             5E82     5E82       12         0
                text33                             5E70     5E70       12         0
                text32                             5E32     5E32       16         0
                text31                             4F64     4F64       80         0
                text30                             5C1A     5C1A       2C         0
                text29                             5DBA     5DBA       18         0
                text28                             5B56     5B56       32         0
                text27                             373A     373A       EE         0
                text26                             4664     4664       B4         0
                text25                             530A     530A       68         0
                text24                             3D94     3D94       DE         0
                text23                             4E60     4E60       84         0
                text22                             4436     4436       BC         0
                text21                             5A10     5A10       38         0
                text20                             49C8     49C8       A4         0
                text19                             5EB8     5EB8       10         0
                text18                             5708     5708       4C         0
                text17                             4EE4     4EE4       80         0
                text16                             53D8     53D8       62         0
                text15                             5666     5666       52         0
                text14                             5F16     5F16        8         0
                text13                             4BA2     4BA2       94         0
                text12                             487A     487A       A8         0
                text11                             402E     402E       D6         0
                text10                               C8       C8     1274         0
                text9                              1C52     1C52      284         0
                text8                              3828     3828       EC         0
                text7                              5928     5928       3A         0
                text6                              3550     3550       F6         0
                text5                              51C2     51C2       6E         0
                text4                              5372     5372       66         0
                text3                              47CC     47CC       AE         0
                text2                              3346     3346      106         0
                text1                              5150     5150       72         0
                text0                              2C58     2C58      138         0
                cinit                              50DC     50DC       74         0
                idataBANK1                         5F60     5F60        2         0
                idataBANK0                         5F0C     5F0C        9         0

        CLASS   CONST          

        CLASS   SMALLCONST     

        CLASS   MEDIUMCONST    
                mediumconst                        75F8     75F8      A08         0

        CLASS   COMRAM         
                cstackCOMRAM                          1        1       2D         1
                bssCOMRAM                            2E       2E       2C         1
                bitbssCOMRAM                        2D0       5A        1         1

        CLASS   ABS1           
                abs_s1                              400      400       40         1
                abs_s1                              500      500       80         1

        CLASS   BIGRAM         

        CLASS   RAM            

        CLASS   BANK0          
                cstackBANK0                          AF       AF       47         1
                dataBANK0                            F6       F6        9         1
                bssBANK0                             60       60       4F         1

        CLASS   BANK1          
                dataBANK1                           1FB      1FB        2         1
                bssBANK1                            100      100       FB         1

        CLASS   BANK2          
                cstackBANK2                         2A0      2A0        5         1
                bssBANK2                            200      200       A0         1

        CLASS   BANK3          

        CLASS   BANK4          

        CLASS   BANK5          

        CLASS   BANK6          

        CLASS   BANK7          

        CLASS   SFR            

        CLASS   FARRAM         

        CLASS   CONFIG         
                config                           300000   300000        E         0

        CLASS   IDLOC          
                idloc                            200000   200000        8         0

        CLASS   EEDATA         



SEGMENTS        Name                           Load    Length   Top    Selector   Space  Class

                reset_vec                      000000  000004  000004         0       0  CODE    
                cstackCOMRAM                   000001  00005A  00005B         1       1  COMRAM  
                intcode                        000008  005F0D  005F15         4       0  CODE    
                bssBANK0                       000060  00009F  0000FF        60       1  BANK0   
                bssBANK1                       000100  0000FD  0001FD       100       1  BANK1   
                bssBANK2                       000200  0000A5  0002A5       200       1  BANK2   
                text14                         005F16  00004C  005F62      2F8B       0  CODE    
                mediumconst                    0075F8  000A08  008000      3AFC       0  MEDIUMCO
                idloc                          200000  000008  200008    200000       0  IDLOC   
                config                         300000  00000E  30000E    300000       0  CONFIG  


UNUSED ADDRESS RANGES

        Name                Unused          Largest block    Delta
        BANK0            0000FF-0000FF                1
        BANK1            0001FD-0001FF                3
        BANK2            0002A5-0002FF               5B
        BANK3            000300-0003FF              100
        BANK4            000440-0004FF               C0
        BANK5            000580-0005FF               80
        BANK6            000600-0006FF              100
        BANK7            000700-0007FF              100
        BIGRAM           00005B-00005F                5
                         0000FF-0000FF                1
                         0001FD-0001FF                3
                         0002A5-0003FF              15B
                         000440-0004FF               C0
                         000580-0007FF              280
        CODE             000004-000007                4
                         005F15-005F15                1
                         005F62-0075F7             1696
        COMRAM           00005B-00005F                5
        CONST            000004-000007                4
                         005F15-005F15                1
                         005F62-0075F7             1696
        EEDATA           F00000-F000FF              100
        MEDIUMCONST      005F15-005F15                1
                         005F62-0075F7             1696
        RAM              0000FF-0000FF                1
                         0001FD-0001FF                3
                         0002A5-0003FF               5B
                         000440-0004FF               C0
                         000580-0007FF              100
        SFR              000F53-000FFF                D
        SMALLCONST       005F15-005F15                1
                         005F62-0075F7              100
        STACK            000580-0007FF              280

                                  Symbol Table

?_USBTransferOnePacket                       cstackBANK0  0000AF
?___almod                                    cstackBANK0  0000AF
?___awmod                                    cstackBANK0  0000AF
?___fladd                                    cstackBANK0  0000B9
?___fldiv                                    cstackBANK0  0000D4
?___flmul                                    cstackBANK0  0000C5
?___flpack                                   cstackBANK0  0000AF
?___fltol                                    cstackBANK0  0000AF
?___lbtofl                                   cstackBANK0  0000B9
?___lldiv                                    cstackCOMRAM 000001
?___lwmod                                    cstackBANK0  0000AF
?___wmul                                     cstackBANK0  0000AF
?_moteApp_convertSensorValue                 cstackBANK0  0000C0
?_moteApp_getLightString                     cstackBANK0  0000AF
?_moteApp_getLightValue                      cstackBANK0  0000BC
?_moteApp_getTempValue                       cstackBANK0  0000B2
?_strcmp                                     cstackBANK0  0000AF
?_strncmp                                    cstackBANK0  0000AF
?i2_USBTransferOnePacket                     cstackCOMRAM 000001
ADC_TempConversion@temp                      cstackBANK0  0000E4
ADC_TempConversion@tempRaw                   cstackBANK0  0000E3
ADC_TempConversion@val                       cstackBANK0  0000E5
CDCTxService@byte_to_send                    cstackBANK0  0000BA
CDCTxService@i                               cstackBANK0  0000B9
DATAEE_ReadByte@bAdd                         cstackBANK0  0000AF
DATAEE_WriteByte@GIEBitValue                 cstackBANK0  0000B1
DATAEE_WriteByte@bAdd                        cstackBANK0  0000B0
DATAEE_WriteByte@bData                       cstackBANK0  0000AF
EUSART_FlushBuffer@index                     cstackBANK0  0000AF
EUSART_Read@readValue                        cstackBANK0  0000AF
EUSART_Write@txData                          cstackBANK0  0000AF
MOTEapp@EndLine                              text64       005EC8
MOTEapp@sendCommand                          text63       005B88
MOTEapp@sendCommand@string                   cstackBANK0  0000B0
MOTEapp_SetDataRateSetting@dr                cstackBANK0  0000B3
MOTEapp_TimerBasedTask@timerTask             cstackBANK0  0000AF
MOTEapp_getModuleResponse@bufferByte         cstackBANK0  0000B1
MOTEapp_getModuleResponse@terminatorReceived cstackBANK0  0000B0
MOTEapp_handlerState@state                   cstackBANK0  0000AF
Set_Column_Address@address                   cstackBANK0  0000B0
Set_Page_Address@address                     cstackBANK0  0000B0
TMR2_ReadTimer@readVal                       cstackBANK0  0000AF
USART_mySetLineCodingHandler@dwBaud          cstackCOMRAM 00000E
USBConfigureEndpoint@EPNum                   cstackCOMRAM 000006
USBConfigureEndpoint@direction               cstackCOMRAM 000001
USBConfigureEndpoint@handle                  cstackCOMRAM 000007
USBCtrlEPService@setup_cnt                   cstackCOMRAM 00001E
USBCtrlTrfInHandler@lastDTS                  cstackCOMRAM 000012
USBCtrlTrfRxService@byteToRead               cstackCOMRAM 000013
USBCtrlTrfRxService@i                        cstackCOMRAM 000012
USBCtrlTrfTxService@byteToSend               cstackCOMRAM 000001
USBDeviceInit@i                              cstackBANK0  0000B7
USBDeviceTasks@i                             cstackCOMRAM 00001F
USBEnableEndpoint@ep                         cstackCOMRAM 00000C
USBEnableEndpoint@options                    cstackCOMRAM 000009
USBEnableEndpoint@p                          cstackCOMRAM 00000A
USBStdFeatureReqHandler@current_ep_data      cstackCOMRAM 000019
USBStdFeatureReqHandler@p                    cstackCOMRAM 00001A
USBStdFeatureReqHandler@pUEP                 cstackCOMRAM 000017
USBStdGetStatusHandler@p                     cstackCOMRAM 000002
USBStdSetCfgHandler@i                        cstackCOMRAM 000016
USBTransferOnePacket@data                    cstackBANK0  0000B0
USBTransferOnePacket@dir                     cstackBANK0  0000AF
USBTransferOnePacket@ep                      cstackBANK0  0000B3
USBTransferOnePacket@handle                  cstackBANK0  0000B4
USBTransferOnePacket@len                     cstackBANK0  0000B2
USBapp_CdcEmulatorInitialize@i               cstackCOMRAM 00000D
USBapp_Handler@buttonPress                   cstackBANK0  0000C5
USBapp_LEDUpdateStatus@ledCount              bssCOMRAM    00003C
USBapp_exitCDCState@usbState                 cstackBANK0  0000AF
USBapp_handlerState@state                    cstackBANK0  0000AF
USER_USB_CALLBACK_EVENT_HANDLER@event        cstackCOMRAM 00000E
USER_USB_CALLBACK_EVENT_HANDLER@pdata        cstackCOMRAM 000010
USER_USB_CALLBACK_EVENT_HANDLER@size         cstackCOMRAM 000012
_ACTCON                                      (abs)        000FB5
_ADCON0                                      (abs)        000FC2
_ADCON0bits                                  (abs)        000FC2
_ADCON1                                      (abs)        000FC1
_ADCON2                                      (abs)        000FC0
_ADC_Initialize                              text99       005DA0
_ADC_TempConversion                          text43       003A00
_ADRESH                                      (abs)        000FC4
_ADRESL                                      (abs)        000FC3
_ANSELAbits                                  (abs)        000F5B
_ANSELCbits                                  (abs)        000F5D
_BAUDCON                                     (abs)        000FB8
_BDT                                         (abs)        000400
_BaudRateGen                                 bssBANK1     000130
_BothEP0OutUOWNsSet                          bssBANK0     000084
_CDCDataInHandle                             bssBANK0     000072
_CDCDataOutHandle                            bssBANK0     000074
_CDCInitEP                                   text121      005230
_CDCTxService                                text83       002142
_CDCTxService$6486                           cstackBANK0  0000B7
_CKE                                         (abs)        007E3E
_CKP                                         (abs)        007E34
_CM1CON0                                     (abs)        000F98
_CM1CON0bits                                 (abs)        000F98
_CM2CON1bits                                 (abs)        000F9A
_CMP1_ISR                                    text139      005F5C
_CMP1_Initialize                             text98       005EA6
_Contrast_level                              dataBANK0    0000F6
_CtrlTrfData                                 (abs)        000438
_DATAEE_ReadByte                             text101      005E1A
_DATAEE_WriteByte                            text54       00586E
_EEADR                                       (abs)        000FA9
_EECON1bits                                  (abs)        000FA6
_EECON2                                      (abs)        000FA7
_EEDATA                                      (abs)        000FA8
_EUSART_FlushBuffer                          text40       0056B8
_EUSART_Initialize                           text97       0058AC
_EUSART_Read                                 text82       005754
_EUSART_Receive_ISR                          text138      0059D6
_EUSART_Transmit_ISR                         text137      00599C
_EUSART_Write                                text81       0057A0
_GIE                                         (abs)        007F97
_INTCON3bits                                 (abs)        000FF0
_INTCONbits                                  (abs)        000FF2
_INTERRUPT_InterruptManager                  intcode      000008
_IOCCbits                                    (abs)        000F87
_IPR3bits                                    (abs)        000FA5
_LATAbits                                    (abs)        000F89
_LATBbits                                    (abs)        000F8A
_LATCbits                                    (abs)        000F8B
_LATD                                        (abs)        000F8C
_LATEbits                                    (abs)        000F8D
_LastRS232Out                                bssCOMRAM    000044
_MOTEapp_SetDataRateSetting                  text42       002452
_MOTEapp_TimerBasedTask                      text61       005C46
_MOTEapp_getModuleResponse                   text39       004FE4
_MOTEapp_handlerState                        text100      005F02
_MOTEapp_setResponseReady                    text80       005F36
_NextUSBOut                                  bssCOMRAM    000045
_OSCCON                                      (abs)        000FD3
_OSCCON2                                     (abs)        000FD2
_OSCCON2bits                                 (abs)        000FD2
_OSCILLATOR_Initialize                       text96       005E02
_OSCTUNE                                     (abs)        000F9B
_OledFont0                                   mediumconst  007601
_PEIE                                        (abs)        007F96
_PIE1bits                                    (abs)        000F9D
_PIE2bits                                    (abs)        000FA0
_PIE3bits                                    (abs)        000FA3
_PIN_MANAGER_Initialize                      text95       005610
_PIR1bits                                    (abs)        000F9E
_PIR2bits                                    (abs)        000FA1
_PIR3bits                                    (abs)        000FA4
_PORTAbits                                   (abs)        000F80
_PORTBbits                                   (abs)        000F81
_PORTCbits                                   (abs)        000F82
_PR2                                         (abs)        000FBB
_RCONbits                                    (abs)        000FD0
_RCREG                                       (abs)        000FAE
_RCSTA                                       (abs)        000FAB
_RCSTAbits                                   (abs)        000FAB
_RS232_Out_Data_Rdy                          bssCOMRAM    000046
_RS232cp                                     bssCOMRAM    000047
_RemoteWakeup                                bssBANK0     000085
_SPBRG                                       (abs)        000FAF
_SPBRGH                                      (abs)        000FB0
_SSP1ADD                                     (abs)        000FC8
_SSP1CON1                                    (abs)        000FC6
_SSP1CON1bits                                (abs)        000FC6
_SSP1STAT                                    (abs)        000FC7
_SSP1STATbits                                (abs)        000FC7
_SSPBUF                                      (abs)        000FC9
_SYSTEM_Initialize                           text88       005CEA
_Set_Column_Address                          text74       005D4E
_Set_Page_Address                            text73       005D86
_SetupPkt                                    (abs)        000430
_T1CON                                       (abs)        000FCD
_T1CONbits                                   (abs)        000FCD
_T1GCON                                      (abs)        000FCC
_T1GCONbits                                  (abs)        000FCC
_T2CON                                       (abs)        000FBA
_T2CONbits                                   (abs)        000FBA
_T3CON                                       (abs)        000FB1
_T3CONbits                                   (abs)        000FB1
_T3GCON                                      (abs)        000FB4
_T3GCONbits                                  (abs)        000FB4
_TABLAT                                      (abs)        000FF5
_TBLPTRH                                     (abs)        000FF7
_TBLPTRL                                     (abs)        000FF6
_TBLPTRU                                     (abs)        000FF8
_TMR1H                                       (abs)        000FCF
_TMR1L                                       (abs)        000FCE
_TMR1_ISR                                    text136      005EE2
_TMR1_Initialize                             text93       005A48
_TMR1_StartTimer                             text94       005F58
_TMR2                                        (abs)        000FBC
_TMR2_Initialize                             text91       005E5C
_TMR2_ReadTimer                              text41       005ED6
_TMR2_StartTimer                             text92       005F54
_TMR3                                        (abs)        000FB2
_TMR3H                                       (abs)        000FB3
_TMR3L                                       (abs)        000FB2
_TMR3_ISR                                    text135      005D2E
_TMR3_Initialize                             text89       005D0C
_TMR3_StartTimer                             text90       005F50
_TMRapp_ClearBitFlags                        text60       005F2E
_TMRapp_Handler                              text57       0029DA
_TMRapp_Tick                                 text134      005F4A
_TRISAbits                                   (abs)        000F92
_TRISBbits                                   (abs)        000F93
_TRISCbits                                   (abs)        000F94
_TRISD                                       (abs)        000F95
_TRISEbits                                   (abs)        000F96
_TXREG                                       (abs)        000FAD
_TXSTA                                       (abs)        000FAC
_TXSTAbits                                   (abs)        000FAC
_UADDR                                       (abs)        000F63
_UCFG                                        (abs)        000F62
_UCON                                        (abs)        000F60
_UCONbits                                    (abs)        000F60
_UEIE                                        (abs)        000F66
_UEIR                                        (abs)        000F67
_UEP0                                        (abs)        000F6A
_UEP0bits                                    (abs)        000F6A
_UEP1                                        (abs)        000F6B
_UIE                                         (abs)        000F64
_UIEbits                                     (abs)        000F64
_UIR                                         (abs)        000F65
_UIRbits                                     (abs)        000F65
_USART_mySetLineCodingHandler                text131      0055B6
_USBActiveConfiguration                      bssCOMRAM    000058
_USBAlternateInterface                       bssBANK0     0000AD
_USBBusIsSuspended                           bssBANK0     000086
_USBCheckCDCRequest                          text125      0044F2
_USBCheckStdRequest                          text113      003BCE
_USBConfigureEndpoint                        text124      004B0C
_USBCtrlEPAllowDataStage                     text112      004A6C
_USBCtrlEPAllowStatusStage                   text128      0042A6
_USBCtrlEPService                            text109      0041D6
_USBCtrlEPServiceComplete                    text111      00323C
_USBCtrlTrfInHandler                         text129      003AE8
_USBCtrlTrfOutHandler                        text126      00543A
_USBCtrlTrfRxService                         text127      002D90
_USBCtrlTrfSetupHandler                      text110      004D52
_USBCtrlTrfTxService                         text130      003F50
_USBDeferINDataStagePackets                  bssBANK0     000087
_USBDeferOUTDataStagePackets                 bssBANK0     000088
_USBDeferStatusStagePacket                   bssCOMRAM    000048
_USBDeviceAttach                             text87       005AEC
_USBDeviceInit                               text85       002732
_USBDeviceState                              bssBANK0     000089
_USBDeviceTasks                              text104      00288A
_USBEnableEndpoint                           text123      00582E
_USBStallHandler                             text108      0057EA
_USBStatusStageEnabledFlag1                  bssBANK0     00008A
_USBStatusStageEnabledFlag2                  bssBANK0     00008B
_USBStatusStageTimeoutCounter                bssCOMRAM    000049
_USBStdFeatureReqHandler                     text118      0019BC
_USBStdGetDscHandler                         text117      002FFE
_USBStdGetStatusHandler                      text116      0045AC
_USBStdSetCfgHandler                         text114      003CB2
_USBSuspend                                  text107      005C9C
_USBTransferOnePacket                        text84       003E72
_USBWakeFromSuspend                          text106      005BBA
_USB_Buffer                                  bssBANK1     000138
_USB_CD_Ptr                                  mediumconst  0075FF
_USB_SD_Ptr                                  mediumconst  0075F9
_USBapp_CdcEmulatorInitialize                text120      00555C
_USBapp_DeviceCdcEmulatorHandler             text76       003914
_USBapp_Handler                              text66       004104
_USBapp_exitCDC                              text56       005F26
_USBapp_exitCDCState                         text55       005EEE
_USBapp_getrxByteFlag                        text79       005F3E
_USBapp_handlerState                         text65       005EF8
_USBapp_setrxByteFlag                        text103      005F44
_USER_USB_CALLBACK_EVENT_HANDLER             text119      0054FC
_USTAT                                       (abs)        000F61
_USTATcopy                                   bssCOMRAM    000059
_VREFCON0                                    (abs)        000F7D
_VREFCON0bits                                (abs)        000F7D
_WDTCONbits                                  (abs)        000FD1
__CFG_BOREN$SBORDIS                          (abs)        000000
__CFG_BORV$190                               (abs)        000000
__CFG_CCP2MX$RC1                             (abs)        000000
__CFG_CFGPLLEN$OFF                           (abs)        000000
__CFG_CP0$OFF                                (abs)        000000
__CFG_CP1$OFF                                (abs)        000000
__CFG_CP2$OFF                                (abs)        000000
__CFG_CP3$OFF                                (abs)        000000
__CFG_CPB$OFF                                (abs)        000000
__CFG_CPD$OFF                                (abs)        000000
__CFG_CPUDIV$NOCLKDIV                        (abs)        000000
__CFG_EBTR0$OFF                              (abs)        000000
__CFG_EBTR1$OFF                              (abs)        000000
__CFG_EBTR2$OFF                              (abs)        000000
__CFG_EBTR3$OFF                              (abs)        000000
__CFG_EBTRB$OFF                              (abs)        000000
__CFG_FCMEN$OFF                              (abs)        000000
__CFG_FOSC$INTOSCIO                          (abs)        000000
__CFG_ICPRT$OFF                              (abs)        000000
__CFG_IESO$OFF                               (abs)        000000
__CFG_LS48MHZ$SYS48X8                        (abs)        000000
__CFG_LVP$OFF                                (abs)        000000
__CFG_MCLRE$ON                               (abs)        000000
__CFG_PBADEN$OFF                             (abs)        000000
__CFG_PCLKEN$OFF                             (abs)        000000
__CFG_PLLSEL$PLL3X                           (abs)        000000
__CFG_SDOMX$RB3                              (abs)        000000
__CFG_STVREN$ON                              (abs)        000000
__CFG_T3CMX$RC0                              (abs)        000000
__CFG_WDTEN$SWON                             (abs)        000000
__CFG_WDTPS$8192                             (abs)        000000
__CFG_WRT0$OFF                               (abs)        000000
__CFG_WRT1$OFF                               (abs)        000000
__CFG_WRT2$OFF                               (abs)        000000
__CFG_WRT3$OFF                               (abs)        000000
__CFG_WRTB$OFF                               (abs)        000000
__CFG_WRTC$OFF                               (abs)        000000
__CFG_WRTD$OFF                               (abs)        000000
__CFG_XINST$OFF                              (abs)        000000
__CFG_nLPBOR$ON                              (abs)        000000
__CFG_nPWRTEN$OFF                            (abs)        000000
__HRAM                                       (abs)        000000
__Habs1                                      abs1         000000
__Hbank0                                     bank0        000000
__Hbank1                                     bank1        000000
__Hbank2                                     bank2        000000
__Hbank3                                     bank3        000000
__Hbank4                                     bank4        000000
__Hbank5                                     bank5        000000
__Hbank6                                     bank6        000000
__Hbank7                                     bank7        000000
__Hbigbss                                    bigbss       000000
__Hbigdata                                   bigdata      000000
__Hbigram                                    bigram       000000
__HbitbssCOMRAM                              bitbssCOMRAM 000000
__Hbss                                       bss          000000
__HbssBANK0                                  bssBANK0     000000
__HbssBANK1                                  bssBANK1     000000
__HbssBANK2                                  bssBANK2     000000
__HbssCOMRAM                                 bssCOMRAM    000000
__Hcinit                                     cinit        000000
__Hclrtext                                   clrtext      000000
__Hcomram                                    comram       000000
__Hconfig                                    config       30000E
__Hconst                                     const        000000
__HcstackBANK0                               cstackBANK0  000000
__HcstackBANK2                               cstackBANK2  000000
__HcstackCOMRAM                              cstackCOMRAM 000000
__Hdata                                      data         000000
__HdataBANK0                                 dataBANK0    000000
__HdataBANK1                                 dataBANK1    000000
__Heeprom_data                               eeprom_data  000000
__Hend_init                                  end_init     0000C8
__Hfarbss                                    farbss       000000
__Hfardata                                   fardata      000000
__Hibigdata                                  ibigdata     000000
__Hidata                                     idata        000000
__HidataBANK0                                idataBANK0   000000
__HidataBANK1                                idataBANK1   000000
__Hidloc                                     idloc        200008
__Hifardata                                  ifardata     000000
__Hinit                                      init         0000C4
__Hintcode                                   intcode      0000C4
__Hintcode_body                              intcode_body 000000
__Hintcodelo                                 intcodelo    0000C4
__Hintentry                                  intentry     000000
__Hintret                                    intret       000000
__Hintsave_regs                              intsave_regs 000000
__Hirdata                                    irdata       000000
__Hmediumconst                               mediumconst  008000
__HnvFARRAM                                  nvFARRAM     000000
__Hnvbit                                     nvbit        000000
__Hnvrram                                    nvrram       000000
__Hparam                                     rparam       000000
__Hpowerup                                   powerup      0000C4
__Hram                                       ram          000000
__Hramtop                                    ramtop       000800
__Hrbit                                      rbit         000000
__Hrbss                                      rbss         000000
__Hrdata                                     rdata        000000
__Hreset_vec                                 reset_vec    000004
__Hrparam                                    rparam       000000
__Hsfr                                       sfr          000000
__Hsmallconst                                smallconst   000000
__Hspace_0                                   (abs)        30000E
__Hspace_1                                   (abs)        0002D1
__Hspace_2                                   (abs)        000000
__Hstack                                     stack        000000
__Hstruct                                    struct       000000
__Htemp                                      temp         000000
__Htext                                      text         000000
__Htext0                                     text0        000000
__Htext1                                     text1        000000
__Htext10                                    text10       000000
__Htext100                                   text100      000000
__Htext101                                   text101      000000
__Htext103                                   text103      000000
__Htext104                                   text104      000000
__Htext105                                   text105      000000
__Htext106                                   text106      000000
__Htext107                                   text107      000000
__Htext108                                   text108      000000
__Htext109                                   text109      000000
__Htext11                                    text11       000000
__Htext110                                   text110      000000
__Htext111                                   text111      000000
__Htext112                                   text112      000000
__Htext113                                   text113      000000
__Htext114                                   text114      000000
__Htext115                                   text115      000000
__Htext116                                   text116      000000
__Htext117                                   text117      000000
__Htext118                                   text118      000000
__Htext119                                   text119      000000
__Htext12                                    text12       000000
__Htext120                                   text120      000000
__Htext121                                   text121      000000
__Htext122                                   text122      000000
__Htext123                                   text123      000000
__Htext124                                   text124      000000
__Htext125                                   text125      000000
__Htext126                                   text126      000000
__Htext127                                   text127      000000
__Htext128                                   text128      000000
__Htext129                                   text129      000000
__Htext13                                    text13       000000
__Htext130                                   text130      000000
__Htext131                                   text131      000000
__Htext132                                   text132      000000
__Htext133                                   text133      000000
__Htext134                                   text134      000000
__Htext135                                   text135      000000
__Htext136                                   text136      000000
__Htext137                                   text137      000000
__Htext138                                   text138      000000
__Htext139                                   text139      000000
__Htext14                                    text14       000000
__Htext140                                   text140      000000
__Htext15                                    text15       000000
__Htext16                                    text16       000000
__Htext17                                    text17       000000
__Htext18                                    text18       000000
__Htext19                                    text19       000000
__Htext2                                     text2        000000
__Htext20                                    text20       000000
__Htext21                                    text21       000000
__Htext22                                    text22       000000
__Htext23                                    text23       000000
__Htext24                                    text24       000000
__Htext25                                    text25       000000
__Htext26                                    text26       000000
__Htext27                                    text27       000000
__Htext28                                    text28       000000
__Htext29                                    text29       000000
__Htext3                                     text3        000000
__Htext30                                    text30       000000
__Htext31                                    text31       000000
__Htext32                                    text32       000000
__Htext33                                    text33       000000
__Htext34                                    text34       000000
__Htext35                                    text35       000000
__Htext36                                    text36       000000
__Htext37                                    text37       000000
__Htext38                                    text38       000000
__Htext39                                    text39       000000
__Htext4                                     text4        000000
__Htext40                                    text40       000000
__Htext41                                    text41       000000
__Htext42                                    text42       000000
__Htext43                                    text43       000000
__Htext44                                    text44       000000
__Htext45                                    text45       000000
__Htext46                                    text46       000000
__Htext47                                    text47       000000
__Htext48                                    text48       000000
__Htext49                                    text49       000000
__Htext5                                     text5        000000
__Htext50                                    text50       000000
__Htext51                                    text51       000000
__Htext52                                    text52       000000
__Htext53                                    text53       000000
__Htext54                                    text54       000000
__Htext55                                    text55       000000
__Htext56                                    text56       000000
__Htext57                                    text57       000000
__Htext58                                    text58       000000
__Htext59                                    text59       000000
__Htext6                                     text6        000000
__Htext60                                    text60       000000
__Htext61                                    text61       000000
__Htext62                                    text62       000000
__Htext63                                    text63       000000
__Htext64                                    text64       000000
__Htext65                                    text65       000000
__Htext66                                    text66       000000
__Htext67                                    text67       000000
__Htext68                                    text68       000000
__Htext69                                    text69       000000
__Htext7                                     text7        000000
__Htext70                                    text70       000000
__Htext71                                    text71       000000
__Htext72                                    text72       000000
__Htext73                                    text73       000000
__Htext74                                    text74       000000
__Htext75                                    text75       000000
__Htext76                                    text76       000000
__Htext77                                    text77       000000
__Htext78                                    text78       000000
__Htext79                                    text79       000000
__Htext8                                     text8        000000
__Htext80                                    text80       000000
__Htext81                                    text81       000000
__Htext82                                    text82       000000
__Htext83                                    text83       000000
__Htext84                                    text84       000000
__Htext85                                    text85       000000
__Htext86                                    text86       000000
__Htext87                                    text87       000000
__Htext88                                    text88       000000
__Htext89                                    text89       000000
__Htext9                                     text9        000000
__Htext90                                    text90       000000
__Htext91                                    text91       000000
__Htext92                                    text92       000000
__Htext93                                    text93       000000
__Htext94                                    text94       000000
__Htext95                                    text95       000000
__Htext96                                    text96       000000
__Htext97                                    text97       000000
__Htext98                                    text98       000000
__Htext99                                    text99       000000
__LRAM                                       (abs)        000001
__Labs1                                      abs1         000000
__Lbank0                                     bank0        000000
__Lbank1                                     bank1        000000
__Lbank2                                     bank2        000000
__Lbank3                                     bank3        000000
__Lbank4                                     bank4        000000
__Lbank5                                     bank5        000000
__Lbank6                                     bank6        000000
__Lbank7                                     bank7        000000
__Lbigbss                                    bigbss       000000
__Lbigdata                                   bigdata      000000
__Lbigram                                    bigram       000000
__LbitbssCOMRAM                              bitbssCOMRAM 000000
__Lbss                                       bss          000000
__LbssBANK0                                  bssBANK0     000000
__LbssBANK1                                  bssBANK1     000000
__LbssBANK2                                  bssBANK2     000000
__LbssCOMRAM                                 bssCOMRAM    000000
__Lcinit                                     cinit        000000
__Lclrtext                                   clrtext      000000
__Lcomram                                    comram       000000
__Lconfig                                    config       300000
__Lconst                                     const        000000
__LcstackBANK0                               cstackBANK0  000000
__LcstackBANK2                               cstackBANK2  000000
__LcstackCOMRAM                              cstackCOMRAM 000000
__Ldata                                      data         000000
__LdataBANK0                                 dataBANK0    000000
__LdataBANK1                                 dataBANK1    000000
__Leeprom_data                               eeprom_data  000000
__Lend_init                                  end_init     0000C4
__Lfarbss                                    farbss       000000
__Lfardata                                   fardata      000000
__Libigdata                                  ibigdata     000000
__Lidata                                     idata        000000
__LidataBANK0                                idataBANK0   000000
__LidataBANK1                                idataBANK1   000000
__Lidloc                                     idloc        200000
__Lifardata                                  ifardata     000000
__Linit                                      init         0000C4
__Lintcode                                   intcode      000008
__Lintcode_body                              intcode_body 000000
__Lintcodelo                                 intcodelo    0000C4
__Lintentry                                  intentry     000000
__Lintret                                    intret       000000
__Lintsave_regs                              intsave_regs 000000
__Lirdata                                    irdata       000000
__Lmediumconst                               mediumconst  0075F8
__LnvFARRAM                                  nvFARRAM     000000
__Lnvbit                                     nvbit        000000
__Lnvrram                                    nvrram       000000
__Lparam                                     rparam       000000
__Lpowerup                                   powerup      0000C4
__Lram                                       ram          000000
__Lramtop                                    ramtop       000800
__Lrbit                                      rbit         000000
__Lrbss                                      rbss         000000
__Lrdata                                     rdata        000000
__Lreset_vec                                 reset_vec    000000
__Lrparam                                    rparam       000000
__Lsfr                                       sfr          000000
__Lsmallconst                                smallconst   000000
__Lspace_0                                   (abs)        000000
__Lspace_1                                   (abs)        000000
__Lspace_2                                   (abs)        000000
__Lstack                                     stack        000000
__Lstruct                                    struct       000000
__Ltemp                                      temp         000000
__Ltext                                      text         000000
__Ltext0                                     text0        000000
__Ltext1                                     text1        000000
__Ltext10                                    text10       000000
__Ltext100                                   text100      000000
__Ltext101                                   text101      000000
__Ltext103                                   text103      000000
__Ltext104                                   text104      000000
__Ltext105                                   text105      000000
__Ltext106                                   text106      000000
__Ltext107                                   text107      000000
__Ltext108                                   text108      000000
__Ltext109                                   text109      000000
__Ltext11                                    text11       000000
__Ltext110                                   text110      000000
__Ltext111                                   text111      000000
__Ltext112                                   text112      000000
__Ltext113                                   text113      000000
__Ltext114                                   text114      000000
__Ltext115                                   text115      000000
__Ltext116                                   text116      000000
__Ltext117                                   text117      000000
__Ltext118                                   text118      000000
__Ltext119                                   text119      000000
__Ltext12                                    text12       000000
__Ltext120                                   text120      000000
__Ltext121                                   text121      000000
__Ltext122                                   text122      000000
__Ltext123                                   text123      000000
__Ltext124                                   text124      000000
__Ltext125                                   text125      000000
__Ltext126                                   text126      000000
__Ltext127                                   text127      000000
__Ltext128                                   text128      000000
__Ltext129                                   text129      000000
__Ltext13                                    text13       000000
__Ltext130                                   text130      000000
__Ltext131                                   text131      000000
__Ltext132                                   text132      000000
__Ltext133                                   text133      000000
__Ltext134                                   text134      000000
__Ltext135                                   text135      000000
__Ltext136                                   text136      000000
__Ltext137                                   text137      000000
__Ltext138                                   text138      000000
__Ltext139                                   text139      000000
__Ltext14                                    text14       000000
__Ltext140                                   text140      000000
__Ltext15                                    text15       000000
__Ltext16                                    text16       000000
__Ltext17                                    text17       000000
__Ltext18                                    text18       000000
__Ltext19                                    text19       000000
__Ltext2                                     text2        000000
__Ltext20                                    text20       000000
__Ltext21                                    text21       000000
__Ltext22                                    text22       000000
__Ltext23                                    text23       000000
__Ltext24                                    text24       000000
__Ltext25                                    text25       000000
__Ltext26                                    text26       000000
__Ltext27                                    text27       000000
__Ltext28                                    text28       000000
__Ltext29                                    text29       000000
__Ltext3                                     text3        000000
__Ltext30                                    text30       000000
__Ltext31                                    text31       000000
__Ltext32                                    text32       000000
__Ltext33                                    text33       000000
__Ltext34                                    text34       000000
__Ltext35                                    text35       000000
__Ltext36                                    text36       000000
__Ltext37                                    text37       000000
__Ltext38                                    text38       000000
__Ltext39                                    text39       000000
__Ltext4                                     text4        000000
__Ltext40                                    text40       000000
__Ltext41                                    text41       000000
__Ltext42                                    text42       000000
__Ltext43                                    text43       000000
__Ltext44                                    text44       000000
__Ltext45                                    text45       000000
__Ltext46                                    text46       000000
__Ltext47                                    text47       000000
__Ltext48                                    text48       000000
__Ltext49                                    text49       000000
__Ltext5                                     text5        000000
__Ltext50                                    text50       000000
__Ltext51                                    text51       000000
__Ltext52                                    text52       000000
__Ltext53                                    text53       000000
__Ltext54                                    text54       000000
__Ltext55                                    text55       000000
__Ltext56                                    text56       000000
__Ltext57                                    text57       000000
__Ltext58                                    text58       000000
__Ltext59                                    text59       000000
__Ltext6                                     text6        000000
__Ltext60                                    text60       000000
__Ltext61                                    text61       000000
__Ltext62                                    text62       000000
__Ltext63                                    text63       000000
__Ltext64                                    text64       000000
__Ltext65                                    text65       000000
__Ltext66                                    text66       000000
__Ltext67                                    text67       000000
__Ltext68                                    text68       000000
__Ltext69                                    text69       000000
__Ltext7                                     text7        000000
__Ltext70                                    text70       000000
__Ltext71                                    text71       000000
__Ltext72                                    text72       000000
__Ltext73                                    text73       000000
__Ltext74                                    text74       000000
__Ltext75                                    text75       000000
__Ltext76                                    text76       000000
__Ltext77                                    text77       000000
__Ltext78                                    text78       000000
__Ltext79                                    text79       000000
__Ltext8                                     text8        000000
[...]
		_USBCtrlTrfRxService
		_USBCtrlTrfInHandler
 This function uses a non-reentrant model


 *************** function i2_EUSART_Initialize *****************
 Defined at:
		line 77 in file "../Includes/MccGenerated/eusart.c"
 Parameters:    Size  Location     Type
		None
 Auto vars:     Size  Location     Type
		None
 Return value:  Size  Location     Type
		None               void
 Registers used:
		wreg, status,2
 Tracked objects:
		On entry : 
		On exit  : 
		Unchanged: 
 Data sizes:     COMRAM   BANK0   BANK1   BANK2   BANK3   BANK4   BANK5   BANK6   BANK7
      Params:         0       0       0       0       0       0       0       0       0
      Locals:         0       0       0       0       0       0       0       0       0
      Temps:          0       0       0       0       0       0       0       0       0
      Totals:         0       0       0       0       0       0       0       0       0
Total ram usage:        0 bytes
 Hardware stack levels used:    1
 This function calls:
		Nothing
 This function is called by:
		_USBapp_CdcEmulatorInitialize
		_USART_mySetLineCodingHandler
 This function uses a non-reentrant model


 *************** function ___lldiv *****************
 Defined at:
		line 8 in file "C:\Program Files (x86)\Microchip\xc8\v1.34\sources\common\lldiv.c"
 Parameters:    Size  Location     Type
  dividend        4    0[COMRAM] unsigned long 
  divisor         4    4[COMRAM] unsigned long 
 Auto vars:     Size  Location     Type
  quotient        4    8[COMRAM] unsigned long 
  counter         1   12[COMRAM] unsigned char 
 Return value:  Size  Location     Type
                  4    0[COMRAM] unsigned long 
 Registers used:
		wreg, status,2, status,0
 Tracked objects:
		On entry : 
		On exit  : 
		Unchanged: 
 Data sizes:     COMRAM   BANK0   BANK1   BANK2   BANK3   BANK4   BANK5   BANK6   BANK7
      Params:         8       0       0       0       0       0       0       0       0
      Locals:         5       0       0       0       0       0       0       0       0
      Temps:          0       0       0       0       0       0       0       0       0
      Totals:        13       0       0       0       0       0       0       0       0
Total ram usage:       13 bytes
 Hardware stack levels used:    1
 This function calls:
		Nothing
 This function is called by:
		_USART_mySetLineCodingHandler
 This function uses a non-reentrant model


 *************** function _TMRapp_Tick *****************
 Defined at:
		line 45 in file "../Includes/Drivers/TMRapp.c"
 Parameters:    Size  Location     Type
		None
 Auto vars:     Size  Location     Type
		None
 Return value:  Size  Location     Type
		None               void
 Registers used:
		None
 Tracked objects:
		On entry : 
		On exit  : 
		Unchanged: 
 Data sizes:     COMRAM   BANK0   BANK1   BANK2   BANK3   BANK4   BANK5   BANK6   BANK7
      Params:         0       0       0       0       0       0       0       0       0
      Locals:         0       0       0       0       0       0       0       0       0
      Temps:          0       0       0       0       0       0       0       0       0
      Totals:         0       0       0       0       0       0       0       0       0
Total ram usage:        0 bytes
 Hardware stack levels used:    1
 This function calls:
		Nothing
 This function is called by:
		_INTERRUPT_InterruptManager
 This function uses a non-reentrant model


 *************** function _TMR3_ISR *****************
 Defined at:
		line 161 in file "../Includes/MccGenerated/tmr3.c"
 Parameters:    Size  Location     Type
		None
 Auto vars:     Size  Location     Type
		None
 Return value:  Size  Location     Type
		None               void
 Registers used:
		wreg, status,2
 Tracked objects:
		On entry : 
		On exit  : 
		Unchanged: 
 Data sizes:     COMRAM   BANK0   BANK1   BANK2   BANK3   BANK4   BANK5   BANK6   BANK7
      Params:         0       0       0       0       0       0       0       0       0
      Locals:         0       0       0       0       0       0       0       0       0
      Temps:          0       0       0       0       0       0       0       0       0
      Totals:         0       0       0       0       0       0       0       0       0
Total ram usage:        0 bytes
 Hardware stack levels used:    1
 This function calls:
		Nothing
 This function is called by:
		_INTERRUPT_InterruptManager
 This function uses a non-reentrant model


 *************** function _TMR1_ISR *****************
 Defined at:
		line 152 in file "../Includes/MccGenerated/tmr1.c"
 Parameters:    Size  Location     Type
		None
 Auto vars:     Size  Location     Type
		None
 Return value:  Size  Location     Type
		None               void
 Registers used:
		wreg, status,2
 Tracked objects:
		On entry : 
		On exit  : 
		Unchanged: 
 Data sizes:     COMRAM   BANK0   BANK1   BANK2   BANK3   BANK4   BANK5   BANK6   BANK7
      Params:         0       0       0       0       0       0       0       0       0
      Locals:         0       0       0       0       0       0       0       0       0
      Temps:          0       0       0       0       0       0       0       0       0
      Totals:         0       0       0       0       0       0       0       0       0
Total ram usage:        0 bytes
 Hardware stack levels used:    1
 This function calls:
		Nothing
 This function is called by:
		_INTERRUPT_InterruptManager
 This function uses a non-reentrant model


 *************** function _EUSART_Transmit_ISR *****************
 Defined at:
		line 162 in file "../Includes/MccGenerated/eusart.c"
 Parameters:    Size  Location     Type
		None
 Auto vars:     Size  Location     Type
		None
 Return value:  Size  Location     Type
		None               void
 Registers used:
		wreg, fsr2l, fsr2h, status,2, status,0, prodl, prodh
 Tracked objects:
		On entry : 
		On exit  : 
		Unchanged: 
 Data sizes:     COMRAM   BANK0   BANK1   BANK2   BANK3   BANK4   BANK5   BANK6   BANK7
      Params:         0       0       0       0       0       0       0       0       0
      Locals:         0       0       0       0       0       0       0       0       0
      Temps:          0       0       0       0       0       0       0       0       0
      Totals:         0       0       0       0       0       0       0       0       0
Total ram usage:        0 bytes
 Hardware stack levels used:    1
 This function calls:
		Nothing
 This function is called by:
		_INTERRUPT_InterruptManager
 This function uses a non-reentrant model


 *************** function _EUSART_Receive_ISR *****************
 Defined at:
		line 181 in file "../Includes/MccGenerated/eusart.c"
 Parameters:    Size  Location     Type
		None
 Auto vars:     Size  Location     Type
		None
 Return value:  Size  Location     Type
		None               void
 Registers used:
		wreg, fsr2l, fsr2h, status,2, status,0, prodl, prodh
 Tracked objects:
		On entry : 
		On exit  : 
		Unchanged: 
 Data sizes:     COMRAM   BANK0   BANK1   BANK2   BANK3   BANK4   BANK5   BANK6   BANK7
      Params:         0       0       0       0       0       0       0       0       0
      Locals:         0       0       0       0       0       0       0       0       0
      Temps:          0       0       0       0       0       0       0       0       0
      Totals:         0       0       0       0       0       0       0       0       0
Total ram usage:        0 bytes
 Hardware stack levels used:    1
 This function calls:
		Nothing
 This function is called by:
		_INTERRUPT_InterruptManager
 This function uses a non-reentrant model


 *************** function _CMP1_ISR *****************
 Defined at:
		line 95 in file "../Includes/MccGenerated/cmp1.c"
 Parameters:    Size  Location     Type
		None
 Auto vars:     Size  Location     Type
		None
 Return value:  Size  Location     Type
		None               void
 Registers used:
		None
 Tracked objects:
		On entry : 
		On exit  : 
		Unchanged: 
 Data sizes:     COMRAM   BANK0   BANK1   BANK2   BANK3   BANK4   BANK5   BANK6   BANK7
      Params:         0       0       0       0       0       0       0       0       0
      Locals:         0       0       0       0       0       0       0       0       0
      Temps:          0       0       0       0       0       0       0       0       0
      Totals:         0       0       0       0       0       0       0       0       0
Total ram usage:        0 bytes
 Hardware stack levels used:    1
 This function calls:
		Nothing
 This function is called by:
		_INTERRUPT_InterruptManager
 This function uses a non-reentrant model



MODULE INFORMATION

Module		Function		Class		Link	Load	Size
../Includes/MccGenerated/cmp1.c
		_CMP1_ISR      		CODE           	5F5C	0000	5
		_CMP1_Initializ		CODE           	5EA6	0000	19

../Includes/MccGenerated/cmp1.c estimated size: 24

C:\Program Files (x86)\Microchip\xc8\v1.34\sources\common\memcpy.c
		_memcpy        		CODE           	5708	0000	77

C:\Program Files (x86)\Microchip\xc8\v1.34\sources\common\memcpy.c estimated size: 77

C:\Program Files (x86)\Microchip\xc8\v1.34\sources\common\lbdiv.c
		___lbdiv       		CODE           	530A	0000	105

C:\Program Files (x86)\Microchip\xc8\v1.34\sources\common\lbdiv.c estimated size: 105

../Includes/MccGenerated/pin_manager.c
		_PIN_MANAGER_In		CODE           	5610	0000	87

../Includes/MccGenerated/pin_manager.c estimated size: 87

C:\Program Files (x86)\Microchip\xc8\v1.34\sources\common\strncmp.c
		_strncmp       		CODE           	4922	0000	167

C:\Program Files (x86)\Microchip\xc8\v1.34\sources\common\strncmp.c estimated size: 167

../Includes/Usb/Framework/usb_device.c
		_USBCtrlTrfInHa		CODE           	3AE8	0000	231
		_USBTransferOne		CODE           	3E72	0000	223
		_USBDeviceAttac		CODE           	5AEC	0000	55
		_USBStdGetDscHa		CODE           	2FFE	0000	293
		_USBCtrlEPAllow		CODE           	4A6C	0000	161
		_USBStdFeatureR		CODE           	19BC	0000	663
		_USBCtrlEPAllow		CODE           	42A6	0000	209
		_USBCtrlTrfSetu		CODE           	4D52	0000	137
		_USBCtrlTrfOutH		CODE           	543A	0000	99
		_USBCtrlEPServi		CODE           	323C	0000	267
		_USBSuspend    		CODE           	5C9C	0000	43
		_USBStdSetCfgHa		CODE           	3CB2	0000	227
		_USBStdGetStatu		CODE           	45AC	0000	185
		_USBWakeFromSus		CODE           	5BBA	0000	51
		_USBCtrlTrfRxSe		CODE           	2D90	0000	313
		_USBCtrlTrfTxSe		CODE           	3F50	0000	223
		_USBEnableEndpo		CODE           	582E	0000	65
		_USBConfigureEn		CODE           	4B0C	0000	151
		_USBDeviceInit 		CODE           	2732	0000	345
		_USBCtrlEPServi		CODE           	41D6	0000	209
		_USBStallHandle		CODE           	57EA	0000	69
		_USBDeviceTasks		CODE           	288A	0000	337
		_USBCheckStdReq		CODE           	3BCE	0000	229

../Includes/Usb/Framework/usb_device.c estimated size: 4785

../Includes/Drivers/buttons.c
		_service_pushbu		CODE           	4DDA	0000	135

../Includes/Drivers/buttons.c estimated size: 135

../Includes/MccGenerated/interrupt_manager.c
		_INTERRUPT_Inte		CODE           	0008	0000	189

../Includes/MccGenerated/interrupt_manager.c estimated size: 189

C:\Program Files (x86)\Microchip\xc8\v1.34\sources\common\lwmod.c
		___lwmod       		CODE           	529E	0000	109

C:\Program Files (x86)\Microchip\xc8\v1.34\sources\common\lwmod.c estimated size: 109

C:\Program Files (x86)\Microchip\xc8\v1.34\sources\common\awmod.c
		___awmod       		CODE           	4664	0000	181

C:\Program Files (x86)\Microchip\xc8\v1.34\sources\common\awmod.c estimated size: 181

../Includes/Board/USBapp.c
		_USBapp_exitCDC		CODE           	5EEE	0000	11
		_USBapp_DeviceC		CODE           	3914	0000	237
		_USBapp_handler		CODE           	5EF8	0000	11
		_USART_mySetLin		CODE           	55B6	0000	91
		_USBapp_exitCDC		CODE           	5F26	0000	9
		_USER_USB_CALLB		CODE           	54FC	0000	97
		_USBapp_getrxBy		CODE           	5F3E	0000	7
		_USBapp_setrxBy		CODE           	5F44	0000	7
		_USBapp_Handler		CODE           	4104	0000	211
		_USBapp_CdcEmul		CODE           	555C	0000	91

../Includes/Board/USBapp.c estimated size: 772

../Includes/MccGenerated/memory.c
		_DATAEE_WriteBy		CODE           	586E	0000	63
		_DATAEE_ReadByt		CODE           	5E1A	0000	25

../Includes/MccGenerated/memory.c estimated size: 88

C:\Program Files (x86)\Microchip\xc8\v1.34\sources\common\almod.c
		___almod       		CODE           	344C	0000	261

C:\Program Files (x86)\Microchip\xc8\v1.34\sources\common\almod.c estimated size: 261

../Includes/Drivers/SSD1306oLED.c
		_oled_displayOf		CODE           	5F1E	0000	9
		_Set_Column_Add		CODE           	5D4E	0000	31
		_oled_powerCont		CODE           	5E82	0000	19
		_oled_putString		CODE           	5060	0000	125
		_oled_clear    		CODE           	5D6C	0000	27
		_oled_regulorRe		CODE           	5E70	0000	19
		_oled_clearRow 		CODE           	5B22	0000	53
		_oled_initialDi		CODE           	5E48	0000	21
		_oled_writeComm		CODE           	5DEA	0000	25
		_Set_Page_Addre		CODE           	5D86	0000	27
		_oled_writeData		CODE           	5DD2	0000	25
		_oled_setDispla		CODE           	5C1A	0000	45
		_oled_setContra		CODE           	5E32	0000	23
		_oled_init     		CODE           	5B56	0000	51
		_oled_devInit  		CODE           	4F64	0000	129
		_oled_putint8  		CODE           	402E	0000	215
		_oled_putChar  		CODE           	4718	0000	181
		_oled_setFont  		CODE           	5DBA	0000	25
		_oled_putUint8 		CODE           	487A	0000	169

../Includes/Drivers/SSD1306oLED.c estimated size: 1219

C:\Program Files (x86)\Microchip\xc8\v1.34\sources\common\flmul.c
		___flmul       		CODE           	25CE	0000	357

C:\Program Files (x86)\Microchip\xc8\v1.34\sources\common\flmul.c estimated size: 357

C:\Program Files (x86)\Microchip\xc8\v1.34\sources\common\double.c
		___flpack      		CODE           	22D2	0000	385

C:\Program Files (x86)\Microchip\xc8\v1.34\sources\common\double.c estimated size: 385

../Includes/MccGenerated/tmr3.c
		_TMR3_ISR      		CODE           	5D2E	0000	33
		_TMR3_Initializ		CODE           	5D0C	0000	35
		_TMR3_StartTime		CODE           	5F50	0000	5

../Includes/MccGenerated/tmr3.c estimated size: 73

../Includes/Board/MOTEapp.c
		_moteRunningPro		CODE           	00C8	0000	4725
		_moteApp_addToD		CODE           	4E60	0000	133
		_MOTEapp_setRes		CODE           	5F36	0000	9
		_moteApp_getTem		CODE           	5666	0000	83
		_moteApp_clearB		CODE           	4436	0000	189
		_moteJoiningPro		CODE           	133C	0000	1665
		_MOTEapp_TimerB		CODE           	5C46	0000	45
		_moteApp_getLig		CODE           	53D8	0000	99
		_moteApp_GoToSl		CODE           	373A	0000	239
		_MOTEapp_handle		CODE           	5F02	0000	11
		_moduleSleep   		CODE           	5C72	0000	43
		_MOTEapp_SetDat		CODE           	2452	0000	381
		_moteApp_toggle		CODE           	3550	0000	247
		_moteApp_delaym		CODE           	5962	0000	59
		_moteApp_add8bT		CODE           	3D94	0000	223
		_moteHandler   		CODE           	1C52	0000	645
		_moteApp_clearC		CODE           	5E94	0000	19
		_MOTEapp_getMod		CODE           	4FE4	0000	125
		_moduleResync  		CODE           	4C36	0000	145
		_moteApp_lightS		CODE           	5F16	0000	9
		_moteApp_testSe		CODE           	3828	0000	237
		_moteApp_setSen		CODE           	4BA2	0000	149
		_moteApp_getLig		CODE           	5EB8	0000	17
		_moteApp_setLig		CODE           	4EE4	0000	129
		_moteApp_conver		CODE           	49C8	0000	165

../Includes/Board/MOTEapp.c estimated size: 9791

C:\Program Files (x86)\Microchip\xc8\v1.34\sources\common\fldiv.c
		___fldiv       		CODE           	2EC8	0000	311

C:\Program Files (x86)\Microchip\xc8\v1.34\sources\common\fldiv.c estimated size: 311

../Includes/MccGenerated/tmr1.c
		_TMR1_Initializ		CODE           	5A48	0000	57
		_TMR1_StartTime		CODE           	5F58	0000	5
		_TMR1_ISR      		CODE           	5EE2	0000	13

../Includes/MccGenerated/tmr1.c estimated size: 75

../Includes/MccGenerated/adc.c
		_ADC_TempConver		CODE           	3A00	0000	233
		_ADC_Initialize		CODE           	5DA0	0000	27

../Includes/MccGenerated/adc.c estimated size: 260

shared
		MOTEapp@EndLine		CODE           	5EC8	0000	15
		_configDescript		MEDIUMCONST    	7901	0000	68
		_USB_CD_Ptr    		MEDIUMCONST    	75FF	0000	3
		_sd001         		MEDIUMCONST    	7944	0000	53
		_OledFont0     		MEDIUMCONST    	7601	0000	769
		MOTEapp@sendCom		CODE           	5B88	0000	51
		_sd002         		MEDIUMCONST    	7978	0000	53
		i2_EUSART_Initi		CODE           	58EA	0000	63
		i2_USBDeviceIni		CODE           	2B1E	0000	315
		__initializatio		CODE           	50DC	0000	107
		_device_dsc    		MEDIUMCONST    	79AC	0000	19
		_USB_SD_Ptr    		MEDIUMCONST    	75F9	0000	7
		i2_memset      		CODE           	5BEC	0000	47
		_sd000         		MEDIUMCONST    	79BE	0000	5
		i2_USBTransferO		CODE           	4376	0000	193

shared estimated size: 1768

C:\Program Files (x86)\Microchip\xc8\v1.34\sources\common\strcmp.c
		_strcmp        		CODE           	549C	0000	97

C:\Program Files (x86)\Microchip\xc8\v1.34\sources\common\strcmp.c estimated size: 97

C:\Program Files (x86)\Microchip\xc8\v1.34\sources\common\lbtofl.c
		___lbtofl      		CODE           	5A80	0000	55

C:\Program Files (x86)\Microchip\xc8\v1.34\sources\common\lbtofl.c estimated size: 55

C:\Program Files (x86)\Microchip\xc8\v1.34\sources\common\memset.c
		_memset        		CODE           	5AB6	0000	55

C:\Program Files (x86)\Microchip\xc8\v1.34\sources\common\memset.c estimated size: 55

../Includes/MccGenerated/eusart.c
		_EUSART_Read   		CODE           	5754	0000	77
		_EUSART_Write  		CODE           	57A0	0000	75
		_EUSART_Transmi		CODE           	599C	0000	59
		_EUSART_Initial		CODE           	58AC	0000	63
		_EUSART_Receive		CODE           	59D6	0000	59
		_EUSART_FlushBu		CODE           	56B8	0000	81

../Includes/MccGenerated/eusart.c estimated size: 414

C:\Program Files (x86)\Microchip\xc8\v1.34\sources\common\fltol.c
		___fltol       		CODE           	3122	0000	283

C:\Program Files (x86)\Microchip\xc8\v1.34\sources\common\fltol.c estimated size: 283

C:\Program Files (x86)\Microchip\xc8\v1.34\sources\common\lldiv.c
		___lldiv       		CODE           	4CC6	0000	141

C:\Program Files (x86)\Microchip\xc8\v1.34\sources\common\lldiv.c estimated size: 141

../Includes/Drivers/TMRapp.c
		_TMRapp_ClearBi		CODE           	5F2E	0000	9
		_TMRapp_Tick   		CODE           	5F4A	0000	7
		_TMRapp_Handler		CODE           	29DA	0000	325

../Includes/Drivers/TMRapp.c estimated size: 341

../Includes/MccGenerated/mcc.c
		_OSCILLATOR_Ini		CODE           	5E02	0000	25
		_SYSTEM_Initial		CODE           	5CEA	0000	35

../Includes/MccGenerated/mcc.c estimated size: 60

C:\Program Files (x86)\Microchip\xc8\v1.34\sources\common\fladd.c
		___fladd       		CODE           	1ED6	0000	621

C:\Program Files (x86)\Microchip\xc8\v1.34\sources\common\fladd.c estimated size: 621

main.c
		_main          		CODE           	2C58	0000	313

main.c estimated size: 313

C:\Program Files (x86)\Microchip\xc8\v1.34\sources\common\Umul16.c
		___wmul        		CODE           	5A10	0000	57

C:\Program Files (x86)\Microchip\xc8\v1.34\sources\common\Umul16.c estimated size: 57

../Includes/Usb/Framework/usb_device_cdc.c
		_CDCTxService  		CODE           	2142	0000	401
		_CDCInitEP     		CODE           	5230	0000	111
		_putUSBUSART   		CODE           	5CC6	0000	37
		_getsUSBUSART  		CODE           	3646	0000	245
		_USBCheckCDCReq		CODE           	44F2	0000	187

../Includes/Usb/Framework/usb_device_cdc.c estimated size: 981

../Includes/Board/poweruptest.c
		_test_comms    		CODE           	51C2	0000	111
		_test_switch   		CODE           	3346	0000	263
		_test_oled     		CODE           	47CC	0000	175
		_test_leds     		CODE           	5372	0000	103
		_test_powerup  		CODE           	5150	0000	115
		_delayms       		CODE           	5928	0000	59

../Includes/Board/poweruptest.c estimated size: 826

../Includes/MccGenerated/tmr2.c
		_TMR2_Initializ		CODE           	5E5C	0000	21
		_TMR2_StartTime		CODE           	5F54	0000	5
		_TMR2_ReadTimer		CODE           	5ED6	0000	13

../Includes/MccGenerated/tmr2.c estimated size: 39

