Microchip MPLAB XC8 Compiler V1.45 ()

Linker command line:

-W-3 --edf=C:\Program Files (x86)\Microchip\xc8\v1.45\dat\en_msgs.txt -cs \
  -h+dist/default/debug\usart.X.debug.sym \
  --cmf=dist/default/debug\usart.X.debug.cmf -z -Q18LF46K22 \
  -oC:\Users\Lenovo\AppData\Local\Temp\se1c.2 \
  -Mdist/default/debug/usart.X.debug.map -E1 -ver=XC8 -ASTACK=0E82h-0f37h \
  -pstack=STACK -ACODE=00h-0FFFFh -ACONST=00h-0FFFFh \
  -ASMALLCONST=01000h-010FFhx240 -AMEDIUMCONST=01000h-0FFFFh \
  -ACOMRAM=01h-05Fh -AABS1=00h-0F37h -ABIGRAM=01h-0F37h \
  -ARAM=060h-0FFh,0100h-01FFhx14,0F00h-0F37h -ABANK0=060h-0FFh \
  -ABANK1=0100h-01FFh -ABANK2=0200h-02FFh -ABANK3=0300h-03FFh \
  -ABANK4=0400h-04FFh -ABANK5=0500h-05FFh -ABANK6=0600h-06FFh \
  -ABANK7=0700h-07FFh -ABANK8=0800h-08FFh -ABANK9=0900h-09FFh \
  -ABANK10=0A00h-0AFFh -ABANK11=0B00h-0BFFh -ABANK12=0C00h-0CFFh \
  -ABANK13=0D00h-0DFFh -ABANK14=0E00h-0EFFh -ABANK15=0F00h-0F37h \
  -ASFR=0F38h-0F5Fh,0F60h-0FFCh \
  -preset_vec=00h,intcode=08h,intcodelo,powerup,init -pramtop=01000h \
  -psmallconst=SMALLCONST -pmediumconst=MEDIUMCONST -pconst=CONST \
  -AFARRAM=00h-00h -ACONFIG=0300000h-030000Dh -pconfig=CONFIG \
  -AIDLOC=0200000h-0200007h -pidloc=IDLOC -AEEDATA=0F00000h-0F003FFh \
  -peeprom_data=EEDATA \
  -prdata=COMRAM,nvrram=COMRAM,nvbit=COMRAM,rbss=COMRAM,rbit=COMRAM \
  -pfarbss=FARRAM,fardata=FARRAM,nvFARRAM=FARRAM \
  -pintsave_regs=BIGRAM,bigbss=BIGRAM,bigdata=BIGRAM -pbss=RAM \
  -pidata=CODE,irdata=CODE,ibigdata=CODE,ifardata=CODE -prparam=COMRAM \
  C:\Users\Lenovo\AppData\Local\Temp\se1c.obj \
  dist/default/debug\usart.X.debug.obj 

Object code version is 3.11

Machine type is 18LF46K22

Call graph: (short form)




                Name                               Link     Load   Length Selector   Space Scale
C:\Users\Lenovo\AppData\Local\Temp\se1c.obj
                stack                               E82      E82       B6      E82       2
                init                                 CC       CC        8        4       0
                reset_vec                             0        0        6        0       0
                idloc                            200000   200000        8   200000       0
                config                           300000   300000        E   300000       0
dist/default/debug\usart.X.debug.obj
                intcode                               8        8       C4        4       0
                temp                                 4C       4C        C        1       1
                mediumconst                        FE66     FE66      19A     7F33       0
                text59                              B1C      B1C       26        4       0
                text58                              D7C      D7C        6        4       0
                text57                              D94      D94        2        4       0
                text56                              D76      D76        6        4       0
                text55                              9A4      9A4       4A        4       0
                text54                              890      890       64        4       0
                text53                               D4       D4      266        4       0
                text52                              A70      A70       30        4       0
                text51                              D92      D92        2        4       0
                text50                              D70      D70        6        4       0
                text49                              C04      C04       20        4       0
                text48                              D56      D56        8        4       0
                text47                              D90      D90        2        4       0
                text46                              D6A      D6A        6        4       0
                text45                              BE4      BE4       20        4       0
                text44                              D4E      D4E        8        4       0
                text43                              D8E      D8E        2        4       0
                text42                              D64      D64        6        4       0
                text41                              BC4      BC4       20        4       0
                text40                              D44      D44        A        4       0
                text39                              BA4      BA4       20        4       0
                text38                              33A      33A      16A        4       0
                text37                              5E2      5E2       FE        4       0
                text36                              C42      C42       1C        4       0
                text35                              9EE      9EE       44        4       0
                text34                              8F4      8F4       5C        4       0
                text33                              D8C      D8C        2        4       0
                text32                              B84      B84       20        4       0
                text31                              C5E      C5E       14        4       0
                text29                              A32      A32       3E        4       0
                text28                              D3A      D3A        A        4       0
                text27                              D30      D30        A        4       0
                text26                              D26      D26        A        4       0
                text25                              D1C      D1C        A        4       0
                text24                              D12      D12        A        4       0
                text23                              7A2      7A2       80        4       0
                text22                              D08      D08        A        4       0
                text21                              CFE      CFE        A        4       0
                text20                              ACC      ACC       2A        4       0
                text19                              D82      D82        4        4       0
                text18                              CB2      CB2       10        4       0
                text17                              CA2      CA2       10        4       0
                text16                              CF4      CF4        A        4       0
                text15                              C92      C92       10        4       0
                text14                              D8A      D8A        2        4       0
                text13                              D88      D88        2        4       0
                text12                              D86      D86        2        4       0
                text11                              D5E      D5E        6        4       0
                text10                              CEA      CEA        A        4       0
                text9                               C82      C82       10        4       0
                text8                               B42      B42       22        4       0
                text7                               CD0      CD0        E        4       0
                text6                               950      950       54        4       0
                text5                               CC2      CC2        E        4       0
                text4                               AA0      AA0       2C        4       0
                text3                               C24      C24       1E        4       0
                text2                               AF6      AF6       26        4       0
                text1                               822      822       6E        4       0
                text0                               4A4      4A4      13E        4       0
                cstackCOMRAM                          1        1       3D        1       1
                cstackBANK0                          D6       D6       10       60       1
                bssBIGRAM                           464      464      A1E      464       1
                bssBANK4                            400      400       64      400       1
                dataBANK3                           3A0      3A0       20      300       1
                bssBANK3                            300      300       A0      300       1
                dataBANK2                           2F0      2F0       10      200       1
                bssBANK2                            200      200       F0      200       1
                bssBANK1                            100      100       F5      100       1
                dataBANK0                            F3       F3        C       60       1
                bssBANK0                             60       60       76       60       1
                bssCOMRAM                            3E       3E        E        1       1
                cinit                               6E0      6E0       C2        4       0
                nvBANK1                             1F5      1F5        A      100       1
                nvBANK0                              E6       E6        D       60       1
                idataBANK3                          B64      B64       20        4       0
                idataBANK2                          C72      C72       10        4       0
                idataBANK0                          CDE      CDE        C        4       0

TOTAL           Name                               Link     Load   Length     Space
        CLASS   STACK          
                stack                               E82      E82       B6         2

        CLASS   CODE           
                intcode                               8        8       C4         0
                init                                 CC       CC        8         0
                reset_vec                             0        0        6         0
                text59                              B1C      B1C       26         0
                text58                              D7C      D7C        6         0
                text57                              D94      D94        2         0
                text56                              D76      D76        6         0
                text55                              9A4      9A4       4A         0
                text54                              890      890       64         0
                text53                               D4       D4      266         0
                text52                              A70      A70       30         0
                text51                              D92      D92        2         0
                text50                              D70      D70        6         0
                text49                              C04      C04       20         0
                text48                              D56      D56        8         0
                text47                              D90      D90        2         0
                text46                              D6A      D6A        6         0
                text45                              BE4      BE4       20         0
                text44                              D4E      D4E        8         0
                text43                              D8E      D8E        2         0
                text42                              D64      D64        6         0
                text41                              BC4      BC4       20         0
                text40                              D44      D44        A         0
                text39                              BA4      BA4       20         0
                text38                              33A      33A      16A         0
                text37                              5E2      5E2       FE         0
                text36                              C42      C42       1C         0
                text35                              9EE      9EE       44         0
                text34                              8F4      8F4       5C         0
                text33                              D8C      D8C        2         0
                text32                              B84      B84       20         0
                text31                              C5E      C5E       14         0
                text29                              A32      A32       3E         0
                text28                              D3A      D3A        A         0
                text27                              D30      D30        A         0
                text26                              D26      D26        A         0
                text25                              D1C      D1C        A         0
                text24                              D12      D12        A         0
                text23                              7A2      7A2       80         0
                text22                              D08      D08        A         0
                text21                              CFE      CFE        A         0
                text20                              ACC      ACC       2A         0
                text19                              D82      D82        4         0
                text18                              CB2      CB2       10         0
                text17                              CA2      CA2       10         0
                text16                              CF4      CF4        A         0
                text15                              C92      C92       10         0
                text14                              D8A      D8A        2         0
                text13                              D88      D88        2         0
                text12                              D86      D86        2         0
                text11                              D5E      D5E        6         0
                text10                              CEA      CEA        A         0
                text9                               C82      C82       10         0
                text8                               B42      B42       22         0
                text7                               CD0      CD0        E         0
                text6                               950      950       54         0
                text5                               CC2      CC2        E         0
                text4                               AA0      AA0       2C         0
                text3                               C24      C24       1E         0
                text2                               AF6      AF6       26         0
                text1                               822      822       6E         0
                text0                               4A4      4A4      13E         0
                cinit                               6E0      6E0       C2         0
                idataBANK3                          B64      B64       20         0
                idataBANK2                          C72      C72       10         0
                idataBANK0                          CDE      CDE        C         0

        CLASS   CONST          

        CLASS   SMALLCONST     

        CLASS   MEDIUMCONST    
                mediumconst                        FE66     FE66      19A         0

        CLASS   COMRAM         
                temp                                 4C       4C        C         1
                cstackCOMRAM                          1        1       3D         1
                bssCOMRAM                            3E       3E        E         1

        CLASS   ABS1           

        CLASS   BIGRAM         
                bssBIGRAM                           464      464      A1E         1

        CLASS   RAM            

        CLASS   BANK0          
                cstackBANK0                          D6       D6       10         1
                dataBANK0                            F3       F3        C         1
                bssBANK0                             60       60       76         1
                nvBANK0                              E6       E6        D         1

        CLASS   BANK1          
                bssBANK1                            100      100       F5         1
                nvBANK1                             1F5      1F5        A         1

        CLASS   BANK2          
                dataBANK2                           2F0      2F0       10         1
                bssBANK2                            200      200       F0         1

        CLASS   BANK3          
                dataBANK3                           3A0      3A0       20         1
                bssBANK3                            300      300       A0         1

        CLASS   BANK4          
                bssBANK4                            400      400       64         1

        CLASS   BANK5          

        CLASS   BANK6          

        CLASS   BANK7          

        CLASS   BANK8          

        CLASS   BANK9          

        CLASS   BANK10         

        CLASS   BANK11         

        CLASS   BANK12         

        CLASS   BANK13         

        CLASS   BANK14         

        CLASS   BANK15         

        CLASS   SFR            

        CLASS   FARRAM         

        CLASS   CONFIG         
                config                           300000   300000        E         0

        CLASS   IDLOC          
                idloc                            200000   200000        8         0

        CLASS   EEDATA         



SEGMENTS        Name                           Load    Length   Top    Selector   Space  Class

                reset_vec                      000000  000006  000006         0       0  CODE    
                cstackCOMRAM                   000001  000057  000058         1       1  COMRAM  
                intcode                        000008  000D8E  000D96         4       0  CODE    
                bssBANK0                       000060  00009F  0000FF        60       1  BANK0   
                bssBANK1                       000100  0000FF  0001FF       100       1  BANK1   
                bssBANK2                       000200  000100  000300       200       1  BANK2   
                bssBANK3                       000300  0000C0  0003C0       300       1  BANK3   
                bssBANK4                       000400  000064  000464       400       1  BANK4   
                bssBIGRAM                      000464  000A1E  000E82       464       1  BIGRAM  
                stack                          000E82  0000B6  000F38       E82       2  STACK   
                mediumconst                    00FE66  00019A  010000      7F33       0  MEDIUMCO
                idloc                          200000  000008  200008    200000       0  IDLOC   
                config                         300000  00000E  30000E    300000       0  CONFIG  


UNUSED ADDRESS RANGES

        Name                Unused          Largest block    Delta
        BANK0            0000FF-0000FF                1
        BANK1            0001FF-0001FF                1
        BANK14           000E82-000EFF               7E
        BANK15           000F00-000F37               38
        BANK3            0003C0-0003FF               40
        BIGRAM           000058-00005F                8
                         0000FF-0000FF                1
                         0001FF-0001FF                1
                         0003C0-0003FF               40
                         000E82-000F37               B6
        CODE             000006-000007                2
                         000D96-00FE65             F0D0
        COMRAM           000058-00005F                8
        CONST            000006-000007                2
                         000D96-00FE65             F0D0
        EEDATA           F00000-F003FF              400
        MEDIUMCONST      001000-00FE65             EE66
        RAM              0000FF-0000FF                1
                         0001FF-0001FF                1
                         0003C0-0003FF               40
                         000E82-000F37               7E
        SFR              000F38-000FFC               28
        SMALLCONST       001000-00FE65              100

                                  Symbol Table

?_SwTimersInterrupt                             cstackCOMRAM 000021
?_TMR1_ReadTimer                                cstackCOMRAM 000001
?_TMR_GetDeltaTime                              cstackCOMRAM 000009
?_TMR_SwapTimer                                 cstackCOMRAM 000009
EUSART1_Read@readValue                          cstackCOMRAM 000001
EUSART1_SetErrorHandler@interruptHandler        cstackBANK0  0000D6
EUSART1_SetFramingErrorHandler@interruptHandler cstackBANK0  0000D6
EUSART1_SetOverrunErrorHandler@interruptHandler cstackBANK0  0000D6
EUSART1_SetRxInterruptHandler@interruptHandler  cstackBANK0  0000D6
EUSART1_SetTxInterruptHandler@interruptHandler  cstackBANK0  0000D6
EUSART1_Write@txData                            cstackBANK0  0000D6
GenerateSubkey@F7103                            dataBANK2    0002F0
INT1_SetInterruptHandler@InterruptHandler       cstackBANK0  0000D6
INT2_SetInterruptHandler@InterruptHandler       cstackBANK0  0000D6
IOCB4_SetInterruptHandler@InterruptHandler      cstackBANK0  0000D6
SwTimersInterrupt@i                             cstackCOMRAM 000031
SwTimersInterrupt@ticksToNextTimerEvent         cstackCOMRAM 00002D
SwTimersInterrupt@timeElapsed                   cstackCOMRAM 000029
TMR1_ReadTimer@readVal                          cstackCOMRAM 000005
TMR1_ReadTimer@readValHigh                      cstackCOMRAM 000007
TMR1_ReadTimer@readValLow                       cstackCOMRAM 000008
TMR1_SetInterruptHandler@InterruptHandler       cstackBANK0  0000D6
TMR1_WriteTimer@timerVal                        cstackCOMRAM 000001
TMR_GetDeltaTime@retVal                         bssBANK0     000060
TMR_GetDeltaTime@tmrVal                         bssBANK0     000092
TMR_SwapTimer@oldVal                            bssBANK0     000090
TMR_SwapTimer@retVal                            bssBANK0     00008E
TMR_SwapTimer@timerVal                          cstackCOMRAM 000009
_ANSELA                                         (abs)        000F38
_ANSELB                                         (abs)        000F39
_ANSELC                                         (abs)        000F3A
_ANSELD                                         (abs)        000F3B
_ANSELE                                         (abs)        000F3C
_AckRetransmissionCallback                      (abs)        000000
_AutomaticReplyCallback                         (abs)        000000
_BAUDCON1                                       (abs)        000FB8
_Channels                                       bssBANK2     000200
_DIO0_ISR_Lora                                  text50       000D70
_DIO0_ISR_Lora_Init                             text18       000CB2
_DIO1_ISR_Lora                                  text46       000D6A
_DIO1_ISR_Lora_Init                             text17       000CA2
_DIO2_ISR_Lora                                  text42       000D64
_DIO2_ISR_Lora_Init                             text15       000C92
_DIO3_ISR_Lora_Init                             text14       000D8A
_DIO4_ISR_Lora_Init                             text13       000D88
_DIO5_ISR_Lora_Init                             text12       000D86
_DefaultChannels433                             mediumconst  00FFA8
_DefaultChannels868                             mediumconst  00FFD2
_DutyCycleCallback                              (abs)        000000
_EUSART1_DefaultErrorHandler                    text58       000D7C
_EUSART1_DefaultFramingErrorHandler             text57       000D94
_EUSART1_DefaultOverrunErrorHandler             text56       000D76
_EUSART1_ErrorHandler                           nvBANK1      0001F5
_EUSART1_FramingErrorHandler                    nvBANK1      0001F9
_EUSART1_Initialize                             text23       0007A2
_EUSART1_OverrunErrorHandler                    nvBANK1      0001F7
_EUSART1_Read                                   text55       0009A4
_EUSART1_Receive_ISR                            text53       0000D4
_EUSART1_RxDataHandler                          text59       000B1C
_EUSART1_RxDefaultInterruptHandler              nvBANK1      0001FB
_EUSART1_SetErrorHandler                        text28       000D3A
_EUSART1_SetFramingErrorHandler                 text27       000D30
_EUSART1_SetOverrunErrorHandler                 text26       000D26
_EUSART1_SetRxInterruptHandler                  text25       000D1C
_EUSART1_SetTxInterruptHandler                  text24       000D12
_EUSART1_Transmit_ISR                           text52       000A70
_EUSART1_TxDefaultInterruptHandler              nvBANK1      0001FD
_EUSART1_Write                                  text29       000A32
_EXT_INT_Initialize                             text20       000ACC
_FskSyncWordBuff                                mediumconst  00FFFC
_INT1_CallBack                                  text49       000C04
_INT1_DefaultInterruptHandler                   text51       000D92
_INT1_ISR                                       text48       000D56
_INT1_InterruptHandler                          nvBANK0      0000F0
_INT1_SetInterruptHandler                       text22       000D08
_INT2_CallBack                                  text45       000BE4
_INT2_DefaultInterruptHandler                   text47       000D90
_INT2_ISR                                       text44       000D4E
_INT2_InterruptHandler                          nvBANK0      0000EE
_INT2_SetInterruptHandler                       text21       000CFE
_INTCON2bits                                    (abs)        000FF1
_INTCON3bits                                    (abs)        000FF0
_INTCONbits                                     (abs)        000FF2
_INTERRUPT_Initialize                           text19       000D82
_INTERRUPT_InterruptManager                     intcode      000008
_IOCB4_DefaultInterruptHandler                  text43       000D8E
_IOCB4_ISR                                      text41       000BC4
_IOCB4_InterruptHandler                         nvBANK0      0000EC
_IOCB4_SetInterruptHandler                      text16       000CF4
_IOCBbits                                       (abs)        000F62
_LATA                                           (abs)        000F89
_LATB                                           (abs)        000F8A
_LATC                                           (abs)        000F8B
_LATC2                                          (abs)        007C5A
_LATD                                           (abs)        000F8C
_LATD3                                          (abs)        007C63
_LATE                                           (abs)        000F8D
_LORAWAN_LinkCheckCallback                      (abs)        000000
_LORAWAN_PlatformInit                           text8        000B42
_LORAWAN_ReceiveWindow1Callback                 (abs)        000000
_LORAWAN_ReceiveWindow2Callback                 (abs)        000000
_OSCCON                                         (abs)        000FD3
_OSCCON2                                        (abs)        000FD2
_OSCILLATOR_Initialize                          text7        000CD0
_OSCTUNE                                        (abs)        000F9B
_PIE1bits                                       (abs)        000F9D
_PIN_MANAGER_IOC                                text40       000D44
_PIN_MANAGER_Initialize                         text6        000950
_PIR1bits                                       (abs)        000F9E
_PIR5bits                                       (abs)        000F7E
_PORTBbits                                      (abs)        000F81
_RADIO_RxFSKTimeout                             (abs)        000000
_RADIO_WatchdogTimeout                          (abs)        000000
_RCONbits                                       (abs)        000FD0
_RCREG1                                         (abs)        000FAE
_RCSTA1                                         (abs)        000FAB
_RCSTA1bits                                     (abs)        000FAB
_RadioConfiguration                             bssBANK0     00009E
_SPBRG1                                         (abs)        000FAF
_SPBRGH1                                        (abs)        000FB0
_SPI2_Initialize                                text5        000CC2
_SSP2ADD                                        (abs)        000F6E
_SSP2BUF                                        (abs)        000F6F
_SSP2CON1                                       (abs)        000F6C
_SSP2CON1bits                                   (abs)        000F6C
_SSP2STAT                                       (abs)        000F6D
_SSP2STATbits                                   (abs)        000F6D
_STable                                         mediumconst  00FE67
_SYSTEM_Initialize                              text2        000AF6
_SwTimersInterrupt                              text37       0005E2
_SystemTimerInit                                text11       000D5E
_T1CON                                          (abs)        000FCD
_T1CONbits                                      (abs)        000FCD
_T1GCON                                         (abs)        000FCC
_T1GCONbits                                     (abs)        000FCC
_T5CON                                          (abs)        000F4E
_T5CONbits                                      (abs)        000F4E
_T5GCON                                         (abs)        000F4D
_T5GCONbits                                     (abs)        000F4D
_TMR1                                           (abs)        000FCE
_TMR1H                                          (abs)        000FCF
_TMR1L                                          (abs)        000FCE
_TMR1_CallBack                                  text32       000B84
_TMR1_DefaultInterruptHandler                   text33       000D8C
_TMR1_ISR                                       text31       000C5E
_TMR1_Initialize                                text4        000AA0
_TMR1_InterruptHandler                          nvBANK0      0000E8
_TMR1_ReadTimer                                 text39       000BA4
_TMR1_SetInterruptHandler                       text10       000CEA
_TMR1_WriteTimer                                text36       000C42
_TMR5                                           (abs)        000F4F
_TMR5H                                          (abs)        000F50
_TMR5L                                          (abs)        000F4F
_TMR5_Initialize                                text3        000C24
_TMR_GetDeltaTime                               text38       00033A
_TMR_ISR_Lora_Init                              text9        000C82
_TMR_ISR_lora                                   text34       0008F4
_TMR_SwapTimer                                  text35       0009EE
_TRISA                                          (abs)        000F92
_TRISB                                          (abs)        000F93
_TRISC                                          (abs)        000F94
_TRISC2                                         (abs)        007CA2
_TRISD                                          (abs)        000F95
_TRISE                                          (abs)        000F96
_TXREG                                          (abs)        000FAD
_TXREG1                                         (abs)        000FAD
_TXSTA1                                         (abs)        000FAC
_TXSTA1bits                                     (abs)        000FAC
_UnconfirmedTransmissionCallback                (abs)        000000
_UpdateJoinSuccessState                         (abs)        000000
_WPUB                                           (abs)        000F61
__CFG_BOREN$SBORDIS                             (abs)        000000
__CFG_BORV$190                                  (abs)        000000
__CFG_CCP2MX$PORTC1                             (abs)        000000
__CFG_CCP3MX$PORTB5                             (abs)        000000
__CFG_CP0$OFF                                   (abs)        000000
__CFG_CP1$OFF                                   (abs)        000000
__CFG_CP2$OFF                                   (abs)        000000
__CFG_CP3$OFF                                   (abs)        000000
__CFG_CPB$OFF                                   (abs)        000000
__CFG_CPD$OFF                                   (abs)        000000
__CFG_DEBUG$OFF                                 (abs)        000000
__CFG_EBTR0$OFF                                 (abs)        000000
__CFG_EBTR1$OFF                                 (abs)        000000
__CFG_EBTR2$OFF                                 (abs)        000000
__CFG_EBTR3$OFF                                 (abs)        000000
__CFG_EBTRB$OFF                                 (abs)        000000
__CFG_FCMEN$OFF                                 (abs)        000000
__CFG_FOSC$INTIO67                              (abs)        000000
__CFG_HFOFST$ON                                 (abs)        000000
__CFG_IESO$OFF                                  (abs)        000000
__CFG_LVP$ON                                    (abs)        000000
__CFG_MCLRE$EXTMCLR                             (abs)        000000
__CFG_P2BMX$PORTD2                              (abs)        000000
__CFG_PBADEN$ON                                 (abs)        000000
__CFG_PLLCFG$OFF                                (abs)        000000
__CFG_PRICLKEN$ON                               (abs)        000000
__CFG_PWRTEN$OFF                                (abs)        000000
__CFG_STVREN$ON                                 (abs)        000000
__CFG_T3CMX$PORTC0                              (abs)        000000
__CFG_WDTEN$OFF                                 (abs)        000000
__CFG_WDTPS$32768                               (abs)        000000
__CFG_WRT0$OFF                                  (abs)        000000
__CFG_WRT1$OFF                                  (abs)        000000
__CFG_WRT2$OFF                                  (abs)        000000
__CFG_WRT3$OFF                                  (abs)        000000
__CFG_WRTB$OFF                                  (abs)        000000
__CFG_WRTC$OFF                                  (abs)        000000
__CFG_WRTD$OFF                                  (abs)        000000
__CFG_XINST$OFF                                 (abs)        000000
__HRAM                                          (abs)        000000
__Habs1                                         abs1         000000
__Hbank0                                        bank0        000000
__Hbank1                                        bank1        000000
__Hbank10                                       bank10       000000
__Hbank11                                       bank11       000000
__Hbank12                                       bank12       000000
__Hbank13                                       bank13       000000
__Hbank14                                       bank14       000000
__Hbank15                                       bank15       000000
__Hbank2                                        bank2        000000
__Hbank3                                        bank3        000000
__Hbank4                                        bank4        000000
__Hbank5                                        bank5        000000
__Hbank6                                        bank6        000000
__Hbank7                                        bank7        000000
__Hbank8                                        bank8        000000
__Hbank9                                        bank9        000000
__Hbigbss                                       bigbss       000000
__Hbigdata                                      bigdata      000000
__Hbigram                                       bigram       000000
__Hbss                                          bss          000000
__HbssBANK0                                     bssBANK0     000000
__HbssBANK1                                     bssBANK1     000000
__HbssBANK2                                     bssBANK2     000000
__HbssBANK3                                     bssBANK3     000000
__HbssBANK4                                     bssBANK4     000000
__HbssBIGRAM                                    bssBIGRAM    000000
__HbssCOMRAM                                    bssCOMRAM    000000
__Hcinit                                        cinit        000000
__Hclrtext                                      clrtext      000000
__Hcomram                                       comram       000000
__Hconfig                                       config       30000E
__Hconst                                        const        000000
__HcstackBANK0                                  cstackBANK0  000000
__HcstackCOMRAM                                 cstackCOMRAM 000000
__Hdata                                         data         000000
__HdataBANK0                                    dataBANK0    000000
__HdataBANK2                                    dataBANK2    000000
__HdataBANK3                                    dataBANK3    000000
__Heeprom_data                                  eeprom_data  000000
__Hfarbss                                       farbss       000000
__Hfardata                                      fardata      000000
__Hibigdata                                     ibigdata     000000
__Hidata                                        idata        000000
__HidataBANK0                                   idataBANK0   000000
__HidataBANK2                                   idataBANK2   000000
__HidataBANK3                                   idataBANK3   000000
__Hidloc                                        idloc        200008
__Hifardata                                     ifardata     000000
__Hinit                                         init         0000D4
__Hintcode                                      intcode      0000CC
__Hintcode_body                                 intcode_body 000000
__Hintcodelo                                    intcodelo    0000CC
__Hintentry                                     intentry     000000
__Hintret                                       intret       000000
__Hintsave_regs                                 intsave_regs 000000
__Hirdata                                       irdata       000000
__Hmediumconst                                  mediumconst  010000
__HnvBANK0                                      nvBANK0      000000
__HnvBANK1                                      nvBANK1      000000
__HnvFARRAM                                     nvFARRAM     000000
__Hnvbit                                        nvbit        000000
__Hnvrram                                       nvrram       000000
__Hparam                                        rparam       000000
__Hpowerup                                      powerup      0000CC
__Hram                                          ram          000000
__Hramtop                                       ramtop       001000
__Hrbit                                         rbit         000000
__Hrbss                                         rbss         000000
__Hrdata                                        rdata        000000
__Hreset_vec                                    reset_vec    000006
__Hrparam                                       rparam       000000
__Hsfr                                          sfr          000000
__Hsmallconst                                   smallconst   000000
__Hspace_0                                      (abs)        30000E
__Hspace_1                                      (abs)        000E82
__Hspace_2                                      (abs)        000F38
__Hstack                                        stack        000F38
__Hstruct                                       struct       000000
__Htemp                                         temp         000058
__Htext                                         text         000000
__Htext0                                        text0        000000
__Htext1                                        text1        000000
__Htext10                                       text10       000000
__Htext11                                       text11       000000
__Htext12                                       text12       000000
__Htext13                                       text13       000000
__Htext14                                       text14       000000
__Htext15                                       text15       000000
__Htext16                                       text16       000000
__Htext17                                       text17       000000
__Htext18                                       text18       000000
__Htext19                                       text19       000000
__Htext2                                        text2        000000
__Htext20                                       text20       000000
__Htext21                                       text21       000000
__Htext22                                       text22       000000
__Htext23                                       text23       000000
__Htext24                                       text24       000000
__Htext25                                       text25       000000
__Htext26                                       text26       000000
__Htext27                                       text27       000000
__Htext28                                       text28       000000
__Htext29                                       text29       000000
__Htext3                                        text3        000000
__Htext31                                       text31       000000
__Htext32                                       text32       000000
__Htext33                                       text33       000000
__Htext34                                       text34       000000
__Htext35                                       text35       000000
__Htext36                                       text36       000000
__Htext37                                       text37       000000
__Htext38                                       text38       000000
__Htext39                                       text39       000000
__Htext4                                        text4        000000
__Htext40                                       text40       000000
__Htext41                                       text41       000000
__Htext42                                       text42       000000
__Htext43                                       text43       000000
__Htext44                                       text44       000000
__Htext45                                       text45       000000
__Htext46                                       text46       000000
__Htext47                                       text47       000000
__Htext48                                       text48       000000
__Htext49                                       text49       000000
__Htext5                                        text5        000000
__Htext50                                       text50       000000
__Htext51                                       text51       000000
__Htext52                                       text52       000000
__Htext53                                       text53       000000
__Htext54                                       text54       000000
__Htext55                                       text55       000000
__Htext56                                       text56       000000
__Htext57                                       text57       000000
__Htext58                                       text58       000000
__Htext59                                       text59       000000
__Htext6                                        text6        000000
__Htext60                                       text60       000000
__Htext7                                        text7        000000
__Htext8                                        text8        000000
__Htext9                                        text9        000000
__LRAM                                          (abs)        000001
__Labs1                                         abs1         000000
__Lbank0                                        bank0        000000
__Lbank1                                        bank1        000000
__Lbank10                                       bank10       000000
__Lbank11                                       bank11       000000
__Lbank12                                       bank12       000000
__Lbank13                                       bank13       000000
__Lbank14                                       bank14       000000
__Lbank15                                       bank15       000000
__Lbank2                                        bank2        000000
__Lbank3                                        bank3        000000
__Lbank4                                        bank4        000000
__Lbank5                                        bank5        000000
__Lbank6                                        bank6        000000
__Lbank7                                        bank7        000000
__Lbank8                                        bank8        000000
__Lbank9                                        bank9        000000
__Lbigbss                                       bigbss       000000
__Lbigdata                                      bigdata      000000
__Lbigram                                       bigram       000000
__Lbss                                          bss          000000
__LbssBANK0                                     bssBANK0     000000
__LbssBANK1                                     bssBANK1     000000
__LbssBANK2                                     bssBANK2     000000
__LbssBANK3                                     bssBANK3     000000
__LbssBANK4                                     bssBANK4     000000
__LbssBIGRAM                                    bssBIGRAM    000000
__LbssCOMRAM                                    bssCOMRAM    000000
__Lcinit                                        cinit        000000
__Lclrtext                                      clrtext      000000
__Lcomram                                       comram       000000
__Lconfig                                       config       300000
__Lconst                                        const        000000
__LcstackBANK0                                  cstackBANK0  000000
__LcstackCOMRAM                                 cstackCOMRAM 000000
__Ldata                                         data         000000
__LdataBANK0                                    dataBANK0    000000
__LdataBANK2                                    dataBANK2    000000
__LdataBANK3                                    dataBANK3    000000
__Leeprom_data                                  eeprom_data  000000
__Lfarbss                                       farbss       000000
__Lfardata                                      fardata      000000
__Libigdata                                     ibigdata     000000
__Lidata                                        idata        000000
__LidataBANK0                                   idataBANK0   000000
__LidataBANK2                                   idataBANK2   000000
__LidataBANK3                                   idataBANK3   000000
__Lidloc                                        idloc        200000
__Lifardata                                     ifardata     000000
__Linit                                         init         0000CC
__Lintcode                                      intcode      000008
__Lintcode_body                                 intcode_body 000000
__Lintcodelo                                    intcodelo    0000CC
__Lintentry                                     intentry     000000
__Lintret                                       intret       000000
__Lintsave_regs                                 intsave_regs 000000
__Lirdata                                       irdata       000000
__Lmediumconst                                  mediumconst  00FE66
__LnvBANK0                                      nvBANK0      000000
__LnvBANK1                                      nvBANK1      000000
__LnvFARRAM                                     nvFARRAM     000000
__Lnvbit                                        nvbit        000000
__Lnvrram                                       nvrram       000000
__Lparam                                        rparam       000000
__Lpowerup                                      powerup      0000CC
__Lram                                          ram          000000
__Lramtop                                       ramtop       001000
__Lrbit                                         rbit         000000
__Lrbss                                         rbss         000000
__Lrdata                                        rdata        000000
__Lreset_vec                                    reset_vec    000000
__Lrparam                                       rparam       000000
__Lsfr                                          sfr          000000
__Lsmallconst                                   smallconst   000000
__Lspace_0                                      (abs)        000000
__Lspace_1                                      (abs)        000000
__Lspace_2                                      (abs)        000000
__Lstack                                        stack        000E82
__Lstruct                                       struct       000000
__Ltemp                                         temp         00004C
__Ltext                                         text         000000
__Ltext0                                        text0        000000
__Ltext1                                        text1        000000
__Ltext10                                       text10       000000
__Ltext11                                       text11       000000
__Ltext12                                       text12       000000
__Ltext13                                       text13       000000
__Ltext14                                       text14       000000
__Ltext15                                       text15       000000
__Ltext16                                       text16       000000
__Ltext17                                       text17       000000
__Ltext18                                       text18       000000
__Ltext19                                       text19       000000
__Ltext2                                        text2        000000
__Ltext20                                       text20       000000
__Ltext21                                       text21       000000
__Ltext22                                       text22       000000
__Ltext23                                       text23       000000
__Ltext24                                       text24       000000
__Ltext25                                       text25       000000
__Ltext26                                       text26       000000
__Ltext27                                       text27       000000
__Ltext28                                       text28       000000
__Ltext29                                       text29       000000
__Ltext3                                        text3        000000
__Ltext31                                       text31       000000
__Ltext32                                       text32       000000
__Ltext33                                       text33       000000
__Ltext34                                       text34       000000
__Ltext35                                       text35       000000
__Ltext36                                       text36       000000
__Ltext37                                       text37       000000
__Ltext38                                       text38       000000
__Ltext39                                       text39       000000
__Ltext4                                        text4        000000
__Ltext40                                       text40       000000
__Ltext41                                       text41       000000
__Ltext42                                       text42       000000
__Ltext43                                       text43       000000
__Ltext44                                       text44       000000
__Ltext45                                       text45       000000
__Ltext46                                       text46       000000
__Ltext47                                       text47       000000
__Ltext48                                       text48       000000
__Ltext49                                       text49       000000
__Ltext5                                        text5        000000
__Ltext50                                       text50       000000
__Ltext51                                       text51       000000
__Ltext52                                       text52       000000
__Ltext53                                       text53       000000
__Ltext54                                       text54       000000
__Ltext55                                       text55       000000
__Ltext56                                       text56       000000
__Ltext57                                       text57       000000
__Ltext58                                       text58       000000
__Ltext59                                       text59       000000
__Ltext6                                        text6        000000
__Ltext60                                       text60       000000
__Ltext7                                        text7        000000
__Ltext8                                        text8        000000
__Ltext9                                        text9        000000
__S0                                            (abs)        30000E
__S1                                            (abs)        000E82
__S2                                            (abs)        000F38
___inthi_sp                                     stack        000EC0
___intlo_sp                                     stack        000EFC
___param_bank                                   (abs)        000000
___rparam_used                                  (abs)        000001
___sp                                           stack        000E82
__accesstop                                     (abs)        000060
__activetblptr                                  (abs)        000003
__end_of_DIO0_ISR_Lora                          text50       000D76
__end_of_DIO0_ISR_Lora_Init                     text18       000CC2
__end_of_DIO1_ISR_Lora                          text46       000D70
__end_of_DIO1_ISR_Lora_Init                     text17       000CB2
__end_of_DIO2_ISR_Lora                          text42       000D6A
__end_of_DIO2_ISR_Lora_Init                     text15       000CA2
__end_of_DIO3_ISR_Lora_Init                     text14       000D8C
__end_of_DIO4_ISR_Lora_Init                     text13       000D8A
__end_of_DIO5_ISR_Lora_Init                     text12       000D88
__end_of_DefaultChannels433                     mediumconst  00FFD2
__end_of_DefaultChannels868                     mediumconst  00FFFC
__end_of_EUSART1_DefaultErrorHandler            text58       000D82
__end_of_EUSART1_DefaultFramingErrorHandler     text57       000D96
__end_of_EUSART1_DefaultOverrunErrorHandler     text56       000D7C
__end_of_EUSART1_Initialize                     text23       000822
__end_of_EUSART1_Read                           text55       0009EE
__end_of_EUSART1_Receive_ISR                    text53       00033A
__end_of_EUSART1_RxDataHandler                  text59       000B42
__end_of_EUSART1_SetErrorHandler                text28       000D44
__end_of_EUSART1_SetFramingErrorHandler         text27       000D3A
__end_of_EUSART1_SetOverrunErrorHandler         text26       000D30
__end_of_EUSART1_SetRxInterruptHandler          text25       000D26
__end_of_EUSART1_SetTxInterruptHandler          text24       000D1C
__end_of_EUSART1_Transmit_ISR                   text52       000AA0
__end_of_EUSART1_Write                          text29       000A70
__end_of_EXT_INT_Initialize                     text20       000AF6
__end_of_FskSyncWordBuff                        mediumconst  00FFFF
__end_of_INT1_CallBack                          text49       000C24
__end_of_INT1_DefaultInterruptHandler           text51       000D94
__end_of_INT1_ISR                               text48       000D5E
__end_of_INT1_SetInterruptHandler               text22       000D12
__end_of_INT2_CallBack                          text45       000C04
__end_of_INT2_DefaultInterruptHandler           text47       000D92
__end_of_INT2_ISR                               text44       000D56
__end_of_INT2_SetInterruptHandler               text21       000D08
__end_of_INTERRUPT_Initialize                   text19       000D86
__end_of_INTERRUPT_InterruptManager             intcode      0000CC
__end_of_IOCB4_DefaultInterruptHandler          text43       000D90
__end_of_IOCB4_ISR                              text41       000BE4
__end_of_IOCB4_SetInterruptHandler              text16       000CFE
__end_of_LORAWAN_PlatformInit                   text8        000B64
__end_of_OSCILLATOR_Initialize                  text7        000CDE
__end_of_PIN_MANAGER_IOC                        text40       000D4E
__end_of_PIN_MANAGER_Initialize                 text6        0009A4
__end_of_SPI2_Initialize                        text5        000CD0
__end_of_STable                                 mediumconst  00FF67
__end_of_SYSTEM_Initialize                      text2        000B1C
__end_of_SwTimersInterrupt                      text37       0006E0
__end_of_SystemTimerInit                        text11       000D64
__end_of_TMR1_CallBack                          text32       000BA4
__end_of_TMR1_DefaultInterruptHandler           text33       000D8E
__end_of_TMR1_ISR                               text31       000C72
__end_of_TMR1_Initialize                        text4        000ACC
__end_of_TMR1_ReadTimer                         text39       000BC4
__end_of_TMR1_SetInterruptHandler               text10       000CF4
__end_of_TMR1_WriteTimer                        text36       000C5E
__end_of_TMR5_Initialize                        text3        000C42
__end_of_TMR_GetDeltaTime                       text38       0004A4
__end_of_TMR_ISR_Lora_Init                      text9        000C92
__end_of_TMR_ISR_lora                           text34       000950
__end_of_TMR_SwapTimer                          text35       000A32
__end_of__initialization                        cinit        00079C
__end_of_bandwidth                              mediumconst  00FF8E
__end_of_macEndDevCmdReplyLen                   mediumconst  00FF9C
__end_of_main                                   text0        0005E2
__end_of_maxPayloadSize                         mediumconst  00FF7F
__end_of_modulation                             mediumconst  00FF6F
__end_of_rxWindowOffset                         mediumconst  00FF77
__end_of_rxWindowSize                           mediumconst  00FF87
__end_of_spreadingFactor                        mediumconst  00FF95
__end_of_strncat                                text54       0008F4
__end_of_substring                              text1        000890
__end_of_txPower433                             mediumconst  00FFA2
__end_of_txPower868                             mediumconst  00FFA8
__initialization                                cinit        0006E0
__mediumconst                                   mediumconst  00FE66
__pbssBANK0                                     bssBANK0     000060
__pbssBANK1                                     bssBANK1     000100
__pbssBANK2                                     bssBANK2     000200
__pbssBANK3                                     bssBANK3     000300
__pbssBANK4                                     bssBANK4     000400
__pbssBIGRAM                                    bssBIGRAM    000464
__pbssCOMRAM                                    bssCOMRAM    00003E
__pcinit                                        cinit        0006E0
__pcstackBANK0                                  cstackBANK0  0000D6
__pcstackCOMRAM                                 cstackCOMRAM 000001
__pdataBANK0                                    dataBANK0    0000F3
__pdataBANK2                                    dataBANK2    0002F0
__pdataBANK3                                    dataBANK3    0003A0
__pidataBANK0                                   idataBANK0   000CDE
__pidataBANK2                                   idataBANK2   000C72
__pidataBANK3                                   idataBANK3   000B64
__pintcode                                      intcode      000008
__pmediumconst                                  mediumconst  00FE66
__pnvBANK0                                      nvBANK0      0000E6
__pnvBANK1                                      nvBANK1      0001F5
__ptext0                                        text0        0004A4
__ptext1                                        text1        000822
__ptext10                                       text10       000CEA
__ptext11                                       text11       000D5E
__ptext12                                       text12       000D86
__ptext13                                       text13       000D88
__ptext14                                       text14       000D8A
__ptext15                                       text15       000C92
__ptext16                                       text16       000CF4
__ptext17                                       text17       000CA2
__ptext18                                       text18       000CB2
__ptext19                                       text19       000D82
__ptext2                                        text2        000AF6
__ptext20                                       text20       000ACC
__ptext21                                       text21       000CFE
__ptext22                                       text22       000D08
__ptext23                                       text23       0007A2
__ptext24                                       text24       000D12
__ptext25                                       text25       000D1C
__ptext26                                       text26       000D26
__ptext27                                       text27       000D30
__ptext28                                       text28       000D3A
__ptext29                                       text29       000A32
__ptext3                                        text3        000C24
__ptext31                                       text31       000C5E
__ptext32                                       text32       000B84
__ptext33                                       text33       000D8C
__ptext34                                       text34       0008F4
__ptext35                                       text35       0009EE
__ptext36                                       text36       000C42
__ptext37                                       text37       0005E2
__ptext38                                       text38       00033A
__ptext39                                       text39       000BA4
__ptext4                                        text4        000AA0
__ptext40                                       text40       000D44
__ptext41                                       text41       000BC4
__ptext42                                       text42       000D64
__ptext43                                       text43       000D8E
__ptext44                                       text44       000D4E
__ptext45                                       text45       000BE4
__ptext46                                       text46       000D6A
__ptext47                                       text47       000D90
__ptext48                                       text48       000D56
__ptext49                                       text49       000C04
__ptext5                                        text5        000CC2
__ptext50                                       text50       000D70
__ptext51                                       text51       000D92
__ptext52                                       text52       000A70
__ptext53                                       text53       0000D4
__ptext54                                       text54       000890
__ptext55                                       text55       0009A4
__ptext56                                       text56       000D76
__ptext57                                       text57       000D94
__ptext58                                       text58       000D7C
__ptext59                                       text59       000B1C
__ptext6                                        text6        000950
__ptext60                                       text60       000000
__ptext7                                        text7        000CD0
__ptext8                                        text8        000B42
__ptext9                                        text9        000C82
__ramtop                                        ramtop       001000
__rcon                                          bssCOMRAM    000049
__roundCounter                                  bssBANK0     00009B
__size_of_DIO0_ISR_Lora                         (abs)        000000
__size_of_DIO0_ISR_Lora_Init                    (abs)        000000
__size_of_DIO1_ISR_Lora                         (abs)        000000
__size_of_DIO1_ISR_Lora_Init                    (abs)        000000
__size_of_DIO2_ISR_Lora                         (abs)        000000
__size_of_DIO2_ISR_Lora_Init                    (abs)        000000
__size_of_DIO3_ISR_Lora_Init                    (abs)        000000
__size_of_DIO4_ISR_Lora_Init                    (abs)        000000
__size_of_DIO5_ISR_Lora_Init                    (abs)        000000
__size_of_EUSART1_DefaultErrorHandler           (abs)        000000
__size_of_EUSART1_DefaultFramingErrorHandler    (abs)        000000
__size_of_EUSART1_DefaultOverrunErrorHandler    (abs)        000000
__size_of_EUSART1_Initialize                    (abs)        000000
__size_of_EUSART1_Read                          (abs)        000000
__size_of_EUSART1_Receive_ISR                   (abs)        000000
__size_of_EUSART1_RxDataHandler                 (abs)        000000
__size_of_EUSART1_SetErrorHandler               (abs)        000000
__size_of_EUSART1_SetFramingErrorHandler        (abs)        000000
__size_of_EUSART1_SetOverrunErrorHandler        (abs)        000000
__size_of_EUSART1_SetRxInterruptHandler         (abs)        000000
__size_of_EUSART1_SetTxInterruptHandler         (abs)        000000
__size_of_EUSART1_Transmit_ISR                  (abs)        000000
__size_of_EUSART1_Write                         (abs)        000000
__size_of_EXT_INT_Initialize                    (abs)        000000
__size_of_INT1_CallBack                         (abs)        000000
__size_of_INT1_DefaultInterruptHandler          (abs)        000000
__size_of_INT1_ISR                              (abs)        000000
__size_of_INT1_SetInterruptHandler              (abs)        000000
__size_of_INT2_CallBack                         (abs)        000000
__size_of_INT2_DefaultInterruptHandler          (abs)        000000
__size_of_INT2_ISR                              (abs)        000000
__size_of_INT2_SetInterruptHandler              (abs)        000000
__size_of_INTERRUPT_Initialize                  (abs)        000000
__size_of_INTERRUPT_InterruptManager            (abs)        000000
__size_of_IOCB4_DefaultInterruptHandler         (abs)        000000
__size_of_IOCB4_ISR                             (abs)        000000
__size_of_IOCB4_SetInterruptHandler             (abs)        000000
__size_of_LORAWAN_PlatformInit                  (abs)        000000
__size_of_OSCILLATOR_Initialize                 (abs)        000000
__size_of_PIN_MANAGER_IOC                       (abs)        000000
__size_of_PIN_MANAGER_Initialize                (abs)        000000
__size_of_SPI2_Initialize                       (abs)        000000
__size_of_SYSTEM_Initialize                     (abs)        000000
__size_of_SwTimersInterrupt                     (abs)        000000
__size_of_SystemTimerInit                       (abs)        000000
__size_of_TMR1_CallBack                         (abs)        000000
__size_of_TMR1_DefaultInterruptHandler          (abs)        000000
__size_of_TMR1_ISR                              (abs)        000000
__size_of_TMR1_Initialize                       (abs)        000000
__size_of_TMR1_ReadTimer                        (abs)        000000
__size_of_TMR1_SetInterruptHandler              (abs)        000000
__size_of_TMR1_WriteTimer                       (abs)        000000
__size_of_TMR5_Initialize                       (abs)        000000
__size_of_TMR_GetDeltaTime                      (abs)        000000
__size_of_TMR_ISR_Lora_Init                     (abs)        000000
__size_of_TMR_ISR_lora                          (abs)        000000
__size_of_TMR_SwapTimer                         (abs)        000000
__size_of_main                                  (abs)        000000
__size_of_strncat                               (abs)        000000
__size_of_substring                             (abs)        000000
__smallconst                                    smallconst   000000
_aesBuffer                                      bssBANK2     0002E0
_allocatedTimers                                bssCOMRAM    00004A
_appSKey                                        dataBANK3    0003A0
_bandwidth                                      mediumconst  00FF87
_bitStatus                                      bssBANK0     00007C
_bitStatus1                                     bssBANK0     00007A
_bitStatus2                                     bssBANK0     000078
_bitStatus3                                     bssBANK0     000076
_bitStatus4                                     bssBANK0     000074
_bitStatus5                                     bssBANK0     000072
_bitStatus6                                     bssBANK0     000070
_bitStatus7                                     bssBANK0     00006E
_bitStatusbefore1                               bssBANK0     00008A
_bitStatusbefore2                               bssBANK0     000088
_bitStatusbefore3                               bssBANK0     000086
_bitStatusbefore4                               bssBANK0     000084
_bitStatusbefore5                               bssBANK0     000082
_bitStatusbefore6                               bssBANK0     000080
_bitStatusbefore7                               bssBANK0     00007E
_counterinterrupt                               bssBANK0     00008C
_counterx                                       bssBANK0     00006C
_dataresult                                     bssBANK0     0000D4
_datatobesolved                                 bssCOMRAM    000042
_datax                                          bssBANK0     000094
_dataxstr                                       bssBIGRAM    000464
_devAddr                                        dataBANK0    0000F7
_dioStatus                                      bssBANK0     00009D
_eusart1RxBuffer                                bssBANK0     000097
_eusart1RxCount                                 bssBANK0     000096
_eusart1RxHead                                  bssCOMRAM    000048
_eusart1RxLastError                             bssBANK0     000095
_eusart1RxStatusBuffer                          bssCOMRAM    000046
_eusart1RxTail                                  bssCOMRAM    000047
_eusart1TxBuffer                                bssBANK0     000098
_eusart1TxBufferRemaining                       nvBANK0      0000F2
_eusart1TxHead                                  bssBANK0     00009A
_eusart1TxTail                                  bssBANK0     000099
_loRa                                           bssBANK1     000100
_localDioStatus                                 bssCOMRAM    00004B
_macBuffer                                      bssBIGRAM    000D73
_macEndDevCmdReplyLen                           mediumconst  00FF95
_main                                           text0        0004A4
_maxPayloadSize                                 mediumconst  00FF77
_modulation                                     mediumconst  00FF67
_nwkSKey                                        dataBANK3    0003B0
_radioBuffer                                    bssBIGRAM    000C64
_randx                                          dataBANK0    0000F3
_reloadVal                                      bssCOMRAM    000044
_rxPayload                                      bssCOMRAM    00003E
_rxWindowOffset                                 mediumconst  00FF6F
_rxWindowSize                                   mediumconst  00FF7F
_spreadingFactor                                mediumconst  00FF8E
_strncat                                        text54       000890
_sub                                            bssBANK4     000400
_substring                                      text1        000822
_swTimers                                       bssBANK3     000300
_ticksAccounted                                 bssBANK0     000064
_ticksAdded                                     bssBANK0     000068
_ticksToScheduledInterrupt                      dataBANK0    0000FB
_timer1ReloadVal                                nvBANK0      0000EA
_timer5ReloadVal                                nvBANK0      0000E6
_timerOverflow                                  bssBANK0     00009C
_txPower868                                     mediumconst  00FFA2
btemp                                           temp         00004C
end_of_initialization                           cinit        00079C
intlevel0                                       text         000000
intlevel1                                       text         000000
intlevel2                                       text         000000
intlevel3                                       text         000000
ltemp0                                          temp         00004C
ltemp1                                          temp         000050
ltemp2                                          temp         000054
stackhi                                         (abs)        000F37
stacklo                                         (abs)        000E82
start                                           init         0000CC
start_initialization                            cinit        0006E0
strncat@cp                                      cstackCOMRAM 000007
strncat@from                                    cstackCOMRAM 000003
strncat@size                                    cstackCOMRAM 000005
strncat@to                                      cstackCOMRAM 000001
substring@c                                     cstackBANK0  0000E2
substring@l                                     cstackBANK0  0000DC
substring@p                                     cstackBANK0  0000DA
substring@s                                     cstackBANK0  0000D6
substring@sub                                   cstackBANK0  0000D8
ttemp0                                          temp         00004C
ttemp1                                          temp         00004F
ttemp2                                          temp         000052
ttemp3                                          temp         000055
wtemp0                                          temp         00004C
wtemp1                                          temp         00004E
wtemp2                                          temp         000050
wtemp3                                          temp         000052
wtemp4                                          temp         000054
wtemp5                                          temp         000056
wtemp6                                          temp         00004D


FUNCTION INFORMATION:

 *************** function _main *****************
 Defined at:
		line 37 in file "main.c"
 Parameters:    Size  Location     Type
		None
 Auto vars:     Size  Location     Type
		None
 Return value:  Size  Location     Type
                  1    wreg      void 
 Registers used:
		wreg, fsr0l, fsr0h, fsr2l, fsr2h, status,2, status,0, prodl, prodh, cstack
 Tracked objects:
		On entry : 
		On exit  : 
		Unchanged: 
 Data sizes:     COMRAM   BANK0   BANK1   BANK2   BANK3   BANK4   BANK5   BANK6   BANK7   BANK8   BANK9  BANK10  BANK11  BANK12  BANK13  BANK14  BANK15
      Params:         0       0       0       0       0       0       0       0       0       0       0       0       0       0       0       0       0
      Locals:         0       0       0       0       0       0       0       0       0       0       0       0       0       0       0       0       0
      Temps:          0       2       0       0       0       0       0       0       0       0       0       0       0       0       0       0       0
      Totals:         0       2       0       0       0       0       0       0       0       0       0       0       0       0       0       0       0
Total ram usage:        2 bytes
 Hardware stack levels required when called:   11
 This function calls:
		_EUSART1_Write
		_SYSTEM_Initialize
		_substring
 This function is called by:
		Startup code after reset
 This function uses a non-reentrant model


 *************** function _substring *****************
 Defined at:
		line 91 in file "main.c"
 Parameters:    Size  Location     Type
  s               2    0[BANK0 ] PTR unsigned char 
		 -> dataxstr(2048), 
  sub             2    2[BANK0 ] PTR unsigned char 
		 -> sub(100), 
  p               2    4[BANK0 ] int 
  l               2    6[BANK0 ] int 
 Auto vars:     Size  Location     Type
  c               2   12[BANK0 ] int 
 Return value:  Size  Location     Type
                  1    wreg      void 
 Registers used:
		wreg, fsr0l, fsr0h, fsr2l, fsr2h, status,2, status,0
 Tracked objects:
		On entry : 
		On exit  : 
		Unchanged: 
 Data sizes:     COMRAM   BANK0   BANK1   BANK2   BANK3   BANK4   BANK5   BANK6   BANK7   BANK8   BANK9  BANK10  BANK11  BANK12  BANK13  BANK14  BANK15
      Params:         0       8       0       0       0       0       0       0       0       0       0       0       0       0       0       0       0
      Locals:         0       2       0       0       0       0       0       0       0       0       0       0       0       0       0       0       0
      Temps:          0       4       0       0       0       0       0       0       0       0       0       0       0       0       0       0       0
      Totals:         0      14       0       0       0       0       0       0       0       0       0       0       0       0       0       0       0
Total ram usage:       14 bytes
 Hardware stack levels used:    1
 Hardware stack levels required when called:    7
 This function calls:
		Nothing
 This function is called by:
		_main
 This function uses a non-reentrant model


 *************** function _SYSTEM_Initialize *****************
 Defined at:
		line 50 in file "mcc_generated_files/mcc.c"
 Parameters:    Size  Location     Type
		None
 Auto vars:     Size  Location     Type
		None
 Return value:  Size  Location     Type
                  1    wreg      void 
 Registers used:
		wreg, status,2, status,0, cstack
 Tracked objects:
		On entry : 
		On exit  : 
		Unchanged: 
[...]
		_INT1_ISR
 This function uses a non-reentrant model


 *************** function _DIO0_ISR_Lora *****************
 Defined at:
		line 63 in file "mcc_generated_files/LoRaWAN/interrupt_manager_lora_addons.c"
 Parameters:    Size  Location     Type
		None
 Auto vars:     Size  Location     Type
		None
 Return value:  Size  Location     Type
                  1    wreg      void 
 Registers used:
		status,2, status,0
 Tracked objects:
		On entry : 
		On exit  : 
		Unchanged: 
 Data sizes:     COMRAM   BANK0   BANK1   BANK2   BANK3   BANK4   BANK5   BANK6   BANK7   BANK8   BANK9  BANK10  BANK11  BANK12  BANK13  BANK14  BANK15
      Params:         0       0       0       0       0       0       0       0       0       0       0       0       0       0       0       0       0
      Locals:         0       0       0       0       0       0       0       0       0       0       0       0       0       0       0       0       0
      Temps:          0       0       0       0       0       0       0       0       0       0       0       0       0       0       0       0       0
      Totals:         0       0       0       0       0       0       0       0       0       0       0       0       0       0       0       0       0
Total ram usage:        0 bytes
 Hardware stack levels used:    1
 This function calls:
		Nothing
 This function is called by:
		_DIO0_ISR_Lora_Init
		_INT1_CallBack
 This function uses a non-reentrant model


 *************** function _INT1_DefaultInterruptHandler *****************
 Defined at:
		line 55 in file "mcc_generated_files/ext_int.c"
 Parameters:    Size  Location     Type
		None
 Auto vars:     Size  Location     Type
		None
 Return value:  Size  Location     Type
                  1    wreg      void 
 Registers used:
		None
 Tracked objects:
		On entry : 
		On exit  : 
		Unchanged: 
 Data sizes:     COMRAM   BANK0   BANK1   BANK2   BANK3   BANK4   BANK5   BANK6   BANK7   BANK8   BANK9  BANK10  BANK11  BANK12  BANK13  BANK14  BANK15
      Params:         0       0       0       0       0       0       0       0       0       0       0       0       0       0       0       0       0
      Locals:         0       0       0       0       0       0       0       0       0       0       0       0       0       0       0       0       0
      Temps:          0       0       0       0       0       0       0       0       0       0       0       0       0       0       0       0       0
      Totals:         0       0       0       0       0       0       0       0       0       0       0       0       0       0       0       0       0
Total ram usage:        0 bytes
 Hardware stack levels used:    1
 This function calls:
		Nothing
 This function is called by:
		_EXT_INT_Initialize
		_INT1_CallBack
 This function uses a non-reentrant model


 *************** function _EUSART1_Transmit_ISR *****************
 Defined at:
		line 220 in file "mcc_generated_files/eusart1.c"
 Parameters:    Size  Location     Type
		None
 Auto vars:     Size  Location     Type
		None
 Return value:  Size  Location     Type
                  1    wreg      void 
 Registers used:
		wreg, fsr2l, fsr2h, status,2, status,0, prodl, prodh
 Tracked objects:
		On entry : 
		On exit  : 
		Unchanged: 
 Data sizes:     COMRAM   BANK0   BANK1   BANK2   BANK3   BANK4   BANK5   BANK6   BANK7   BANK8   BANK9  BANK10  BANK11  BANK12  BANK13  BANK14  BANK15
      Params:         0       0       0       0       0       0       0       0       0       0       0       0       0       0       0       0       0
      Locals:         0       0       0       0       0       0       0       0       0       0       0       0       0       0       0       0       0
      Temps:          0       0       0       0       0       0       0       0       0       0       0       0       0       0       0       0       0
      Totals:         0       0       0       0       0       0       0       0       0       0       0       0       0       0       0       0       0
Total ram usage:        0 bytes
 Hardware stack levels used:    1
 This function calls:
		Nothing
 This function is called by:
		_EUSART1_Initialize
		_INTERRUPT_InterruptManager
 This function uses a non-reentrant model


 *************** function _EUSART1_Receive_ISR *****************
 Defined at:
		line 239 in file "mcc_generated_files/eusart1.c"
 Parameters:    Size  Location     Type
		None
 Auto vars:     Size  Location     Type
		None
 Return value:  Size  Location     Type
                  1    wreg      void 
 Registers used:
		wreg, fsr0l, fsr0h, fsr2l, fsr2h, status,2, status,0, pclath, tosl, prodl, prodh, cstack
 Tracked objects:
		On entry : 
		On exit  : 
		Unchanged: 
 Data sizes:     COMRAM   BANK0   BANK1   BANK2   BANK3   BANK4   BANK5   BANK6   BANK7   BANK8   BANK9  BANK10  BANK11  BANK12  BANK13  BANK14  BANK15
      Params:         0       0       0       0       0       0       0       0       0       0       0       0       0       0       0       0       0
      Locals:         0       0       0       0       0       0       0       0       0       0       0       0       0       0       0       0       0
      Temps:          3       0       0       0       0       0       0       0       0       0       0       0       0       0       0       0       0
      Totals:         3       0       0       0       0       0       0       0       0       0       0       0       0       0       0       0       0
Total ram usage:        3 bytes
 Hardware stack levels used:    1
 Hardware stack levels required when called:    2
 This function calls:
		Absolute function
		_EUSART1_DefaultErrorHandler
		_EUSART1_DefaultFramingErrorHandler
		_EUSART1_DefaultOverrunErrorHandler
		_EUSART1_Read
		_EUSART1_RxDataHandler
		_strncat
 This function is called by:
		_EUSART1_Initialize
		_INTERRUPT_InterruptManager
 This function uses a non-reentrant model


 *************** function _strncat *****************
 Defined at:
		line 9 in file "C:\Program Files (x86)\Microchip\xc8\v1.45\sources\common\strncat.c"
 Parameters:    Size  Location     Type
  to              2    0[COMRAM] PTR unsigned char 
		 -> dataxstr(2048), 
  from            2    2[COMRAM] PTR const unsigned char 
		 -> dataresult(2), 
  size            2    4[COMRAM] unsigned int 
 Auto vars:     Size  Location     Type
  cp              2    6[COMRAM] PTR unsigned char 
		 -> dataxstr(2048), 
 Return value:  Size  Location     Type
                  2    0[COMRAM] PTR unsigned char 
 Registers used:
		wreg, fsr0l, fsr0h, fsr2l, fsr2h, status,2, status,0
 Tracked objects:
		On entry : 
		On exit  : 
		Unchanged: 
 Data sizes:     COMRAM   BANK0   BANK1   BANK2   BANK3   BANK4   BANK5   BANK6   BANK7   BANK8   BANK9  BANK10  BANK11  BANK12  BANK13  BANK14  BANK15
      Params:         6       0       0       0       0       0       0       0       0       0       0       0       0       0       0       0       0
      Locals:         2       0       0       0       0       0       0       0       0       0       0       0       0       0       0       0       0
      Temps:          0       0       0       0       0       0       0       0       0       0       0       0       0       0       0       0       0
      Totals:         8       0       0       0       0       0       0       0       0       0       0       0       0       0       0       0       0
Total ram usage:        8 bytes
 Hardware stack levels used:    1
 This function calls:
		Nothing
 This function is called by:
		_EUSART1_Receive_ISR
 This function uses a non-reentrant model


 *************** function _EUSART1_Read *****************
 Defined at:
		line 174 in file "mcc_generated_files/eusart1.c"
 Parameters:    Size  Location     Type
		None
 Auto vars:     Size  Location     Type
  readValue       1    0[COMRAM] unsigned char 
 Return value:  Size  Location     Type
                  1    wreg      unsigned char 
 Registers used:
		wreg, fsr2l, fsr2h, status,2, status,0, prodl, prodh
 Tracked objects:
		On entry : 
		On exit  : 
		Unchanged: 
 Data sizes:     COMRAM   BANK0   BANK1   BANK2   BANK3   BANK4   BANK5   BANK6   BANK7   BANK8   BANK9  BANK10  BANK11  BANK12  BANK13  BANK14  BANK15
      Params:         0       0       0       0       0       0       0       0       0       0       0       0       0       0       0       0       0
      Locals:         1       0       0       0       0       0       0       0       0       0       0       0       0       0       0       0       0
      Temps:          0       0       0       0       0       0       0       0       0       0       0       0       0       0       0       0       0
      Totals:         1       0       0       0       0       0       0       0       0       0       0       0       0       0       0       0       0
Total ram usage:        1 bytes
 Hardware stack levels used:    1
 This function calls:
		Nothing
 This function is called by:
		_EUSART1_Receive_ISR
 This function uses a non-reentrant model


 *************** function _EUSART1_DefaultOverrunErrorHandler *****************
 Defined at:
		line 303 in file "mcc_generated_files/eusart1.c"
 Parameters:    Size  Location     Type
		None
 Auto vars:     Size  Location     Type
		None
 Return value:  Size  Location     Type
                  1    wreg      void 
 Registers used:
		None
 Tracked objects:
		On entry : 
		On exit  : 
		Unchanged: 
 Data sizes:     COMRAM   BANK0   BANK1   BANK2   BANK3   BANK4   BANK5   BANK6   BANK7   BANK8   BANK9  BANK10  BANK11  BANK12  BANK13  BANK14  BANK15
      Params:         0       0       0       0       0       0       0       0       0       0       0       0       0       0       0       0       0
      Locals:         0       0       0       0       0       0       0       0       0       0       0       0       0       0       0       0       0
      Temps:          0       0       0       0       0       0       0       0       0       0       0       0       0       0       0       0       0
      Totals:         0       0       0       0       0       0       0       0       0       0       0       0       0       0       0       0       0
Total ram usage:        0 bytes
 Hardware stack levels used:    1
 This function calls:
		Nothing
 This function is called by:
		_EUSART1_Initialize
		_EUSART1_Receive_ISR
 This function uses a non-reentrant model


 *************** function _EUSART1_DefaultFramingErrorHandler *****************
 Defined at:
		line 301 in file "mcc_generated_files/eusart1.c"
 Parameters:    Size  Location     Type
		None
 Auto vars:     Size  Location     Type
		None
 Return value:  Size  Location     Type
                  1    wreg      void 
 Registers used:
		None
 Tracked objects:
		On entry : 
		On exit  : 
		Unchanged: 
 Data sizes:     COMRAM   BANK0   BANK1   BANK2   BANK3   BANK4   BANK5   BANK6   BANK7   BANK8   BANK9  BANK10  BANK11  BANK12  BANK13  BANK14  BANK15
      Params:         0       0       0       0       0       0       0       0       0       0       0       0       0       0       0       0       0
      Locals:         0       0       0       0       0       0       0       0       0       0       0       0       0       0       0       0       0
      Temps:          0       0       0       0       0       0       0       0       0       0       0       0       0       0       0       0       0
      Totals:         0       0       0       0       0       0       0       0       0       0       0       0       0       0       0       0       0
Total ram usage:        0 bytes
 Hardware stack levels used:    1
 This function calls:
		Nothing
 This function is called by:
		_EUSART1_Initialize
		_EUSART1_Receive_ISR
 This function uses a non-reentrant model


 *************** function _EUSART1_DefaultErrorHandler *****************
 Defined at:
		line 311 in file "mcc_generated_files/eusart1.c"
 Parameters:    Size  Location     Type
		None
 Auto vars:     Size  Location     Type
		None
 Return value:  Size  Location     Type
                  1    wreg      void 
 Registers used:
		wreg, fsr2l, fsr2h, status,2, status,0, prodl, prodh, cstack
 Tracked objects:
		On entry : 
		On exit  : 
		Unchanged: 
 Data sizes:     COMRAM   BANK0   BANK1   BANK2   BANK3   BANK4   BANK5   BANK6   BANK7   BANK8   BANK9  BANK10  BANK11  BANK12  BANK13  BANK14  BANK15
      Params:         0       0       0       0       0       0       0       0       0       0       0       0       0       0       0       0       0
      Locals:         0       0       0       0       0       0       0       0       0       0       0       0       0       0       0       0       0
      Temps:          0       0       0       0       0       0       0       0       0       0       0       0       0       0       0       0       0
      Totals:         0       0       0       0       0       0       0       0       0       0       0       0       0       0       0       0       0
Total ram usage:        0 bytes
 Hardware stack levels used:    1
 Hardware stack levels required when called:    1
 This function calls:
		_EUSART1_RxDataHandler
 This function is called by:
		_EUSART1_Initialize
		_EUSART1_Receive_ISR
 This function uses a non-reentrant model


 *************** function _EUSART1_RxDataHandler *****************
 Defined at:
		line 291 in file "mcc_generated_files/eusart1.c"
 Parameters:    Size  Location     Type
		None
 Auto vars:     Size  Location     Type
		None
 Return value:  Size  Location     Type
                  1    wreg      void 
 Registers used:
		wreg, fsr2l, fsr2h, status,2, status,0, prodl, prodh
 Tracked objects:
		On entry : 
		On exit  : 
		Unchanged: 
 Data sizes:     COMRAM   BANK0   BANK1   BANK2   BANK3   BANK4   BANK5   BANK6   BANK7   BANK8   BANK9  BANK10  BANK11  BANK12  BANK13  BANK14  BANK15
      Params:         0       0       0       0       0       0       0       0       0       0       0       0       0       0       0       0       0
      Locals:         0       0       0       0       0       0       0       0       0       0       0       0       0       0       0       0       0
      Temps:          0       0       0       0       0       0       0       0       0       0       0       0       0       0       0       0       0
      Totals:         0       0       0       0       0       0       0       0       0       0       0       0       0       0       0       0       0
Total ram usage:        0 bytes
 Hardware stack levels used:    1
 This function calls:
		Nothing
 This function is called by:
		_EUSART1_Receive_ISR
		_EUSART1_DefaultErrorHandler
 This function uses a non-reentrant model



MODULE INFORMATION

Module		Function		Class		Link	Load	Size
mcc_generated_files/LoRaWAN/interrupt_manager_lora_addons.c
		_DIO0_ISR_Lora 		CODE           	0D70	0000	7
		_DIO1_ISR_Lora 		CODE           	0D6A	0000	7
		_DIO2_ISR_Lora 		CODE           	0D64	0000	7

mcc_generated_files/LoRaWAN/interrupt_manager_lora_addons.c estimated size: 21

mcc_generated_files/LoRaWAN/sw_timer.c
		_TMR_GetDeltaTime		CODE           	033A	0000	363
		_TMR_SwapTimer 		CODE           	09EE	0000	69
		_SwTimersInterrupt		CODE           	05E2	0000	255
		_SystemTimerInit		CODE           	0D5E	0000	7

mcc_generated_files/LoRaWAN/sw_timer.c estimated size: 694

mcc_generated_files/interrupt_manager.c
		_INTERRUPT_Initialize		CODE           	0D82	0000	5
		_INTERRUPT_InterruptManager		CODE           	0008	0000	197

mcc_generated_files/interrupt_manager.c estimated size: 202

mcc_generated_files/pin_manager.c
		_IOCB4_DefaultInterruptHandler		CODE           	0D8E	0000	3
		_PIN_MANAGER_Initialize		CODE           	0950	0000	85
		_PIN_MANAGER_IOC		CODE           	0D44	0000	11
		_IOCB4_SetInterruptHandler		CODE           	0CF4	0000	11
		_IOCB4_ISR     		CODE           	0BC4	0000	33

mcc_generated_files/pin_manager.c estimated size: 143

mcc_generated_files/LoRaWAN/lorawan_init.c
		_DIO0_ISR_Lora_Init		CODE           	0CB2	0000	17
		_DIO1_ISR_Lora_Init		CODE           	0CA2	0000	17
		_DIO2_ISR_Lora_Init		CODE           	0C92	0000	17
		_DIO3_ISR_Lora_Init		CODE           	0D8A	0000	3
		_DIO4_ISR_Lora_Init		CODE           	0D88	0000	3
		_LORAWAN_PlatformInit		CODE           	0B42	0000	35
		_DIO5_ISR_Lora_Init		CODE           	0D86	0000	3

mcc_generated_files/LoRaWAN/lorawan_init.c estimated size: 95

mcc_generated_files/ext_int.c
		_INT1_SetInterruptHandler		CODE           	0D08	0000	11
		_EXT_INT_Initialize		CODE           	0ACC	0000	43
		_INT2_SetInterruptHandler		CODE           	0CFE	0000	11
		_INT1_DefaultInterruptHandler		CODE           	0D92	0000	3
		_INT1_CallBack 		CODE           	0C04	0000	33
		_INT2_DefaultInterruptHandler		CODE           	0D90	0000	3
		_INT2_CallBack 		CODE           	0BE4	0000	33
		_INT1_ISR      		CODE           	0D56	0000	9
		_INT2_ISR      		CODE           	0D4E	0000	9

mcc_generated_files/ext_int.c estimated size: 155

mcc_generated_files/LoRaWAN/tmr_lora_addons.c
		_TMR_ISR_Lora_Init		CODE           	0C82	0000	17
		_TMR_ISR_lora  		CODE           	08F4	0000	93

mcc_generated_files/LoRaWAN/tmr_lora_addons.c estimated size: 110

mcc_generated_files/tmr5.c
		_TMR5_Initialize		CODE           	0C24	0000	31

mcc_generated_files/tmr5.c estimated size: 31

shared
		_spreadingFactor		MEDIUMCONST    	FF8E	0000	8
		_maxPayloadSize		MEDIUMCONST    	FF77	0000	9
		_DefaultChannels433		MEDIUMCONST    	FFA8	0000	43
		_FskSyncWordBuff		MEDIUMCONST    	FFFC	0000	4
		_rxWindowSize  		MEDIUMCONST    	FF7F	0000	9
		_DefaultChannels868		MEDIUMCONST    	FFD2	0000	43
		_macEndDevCmdReplyLen		MEDIUMCONST    	FF95	0000	8
		__initialization		CODE           	06E0	0000	189
		_txPower433    		MEDIUMCONST    	0000	0000	0
		_txPower868    		MEDIUMCONST    	FFA2	0000	7
		_rxWindowOffset		MEDIUMCONST    	FF6F	0000	9
		_STable        		MEDIUMCONST    	FE67	0000	257
		_modulation    		MEDIUMCONST    	FF67	0000	9
		_bandwidth     		MEDIUMCONST    	FF87	0000	8

shared estimated size: 603

mcc_generated_files/eusart1.c
		_EUSART1_SetRxInterruptHandler		CODE           	0D1C	0000	11
		_EUSART1_SetTxInterruptHandler		CODE           	0D12	0000	11
		_EUSART1_Initialize		CODE           	07A2	0000	129
		_EUSART1_DefaultErrorHandler		CODE           	0D7C	0000	7
		_EUSART1_SetFramingErrorHandler		CODE           	0D30	0000	11
		_EUSART1_Read  		CODE           	09A4	0000	75
		_EUSART1_SetOverrunErrorHandler		CODE           	0D26	0000	11
		_EUSART1_SetErrorHandler		CODE           	0D3A	0000	11
		_EUSART1_Write 		CODE           	0A32	0000	63
		_EUSART1_Receive_ISR		CODE           	00D4	0000	615
		_EUSART1_RxDataHandler		CODE           	0B1C	0000	39
		_EUSART1_DefaultOverrunErrorHandler		CODE           	0D76	0000	7
		_EUSART1_Transmit_ISR		CODE           	0A70	0000	49
		_EUSART1_DefaultFramingErrorHandler		CODE           	0D94	0000	3

mcc_generated_files/eusart1.c estimated size: 1042

mcc_generated_files/mcc.c
		_OSCILLATOR_Initialize		CODE           	0CD0	0000	15
		_SYSTEM_Initialize		CODE           	0AF6	0000	39

mcc_generated_files/mcc.c estimated size: 54

mcc_generated_files/tmr1.c
		_TMR1_Initialize		CODE           	0AA0	0000	45
		_TMR1_SetInterruptHandler		CODE           	0CEA	0000	11
		_TMR1_DefaultInterruptHandler		CODE           	0D8C	0000	3
		_TMR1_CallBack 		CODE           	0B84	0000	33
		_TMR1_WriteTimer		CODE           	0C42	0000	29
		_TMR1_ReadTimer		CODE           	0BA4	0000	33
		_TMR1_ISR      		CODE           	0C5E	0000	21

mcc_generated_files/tmr1.c estimated size: 175

C:\Program Files (x86)\Microchip\xc8\v1.45\sources\common\strncat.c
		_strncat       		CODE           	0890	0000	101

C:\Program Files (x86)\Microchip\xc8\v1.45\sources\common\strncat.c estimated size: 101

mcc_generated_files/spi2.c
		_SPI2_Initialize		CODE           	0CC2	0000	15

mcc_generated_files/spi2.c estimated size: 15

main.c
		_main          		CODE           	04A4	0000	319
		_substring     		CODE           	0822	0000	111

main.c estimated size: 430

