Microchip MPLAB XC8 Compiler V1.45 ()

Linker command line:

-W-3 --edf=C:\Program Files (x86)\Microchip\xc8\v1.45\dat\en_msgs.txt -cs \
  -h+dist/default/debug\Lora_v7.X.debug.sym \
  --cmf=dist/default/debug\Lora_v7.X.debug.cmf -z -Q18LF46K22 \
  -oC:\Users\Lenovo\AppData\Local\Temp\sdsg.2 \
  -Mdist/default/debug/Lora_v7.X.debug.map -E1 -ver=XC8 -ASTACK=06FEh-0f37h \
  -pstack=STACK -ACODE=00h-0FFFFh -ACONST=00h-0FFFFh \
  -ASMALLCONST=01000h-010FFhx240 -AMEDIUMCONST=01000h-0FFFFh \
  -ACOMRAM=01h-05Fh -AABS1=00h-0F37h -ABIGRAM=01h-0F37h \
  -ARAM=060h-0FFh,0100h-01FFhx14,0F00h-0F37h -ABANK0=060h-0FFh \
  -ABANK1=0100h-01FFh -ABANK2=0200h-02FFh -ABANK3=0300h-03FFh \
  -ABANK4=0400h-04FFh -ABANK5=0500h-05FFh -ABANK6=0600h-06FFh \
  -ABANK7=0700h-07FFh -ABANK8=0800h-08FFh -ABANK9=0900h-09FFh \
  -ABANK10=0A00h-0AFFh -ABANK11=0B00h-0BFFh -ABANK12=0C00h-0CFFh \
  -ABANK13=0D00h-0DFFh -ABANK14=0E00h-0EFFh -ABANK15=0F00h-0F37h \
  -ASFR=0F38h-0F5Fh,0F60h-0FFCh \
  -preset_vec=00h,intcode=08h,intcodelo,powerup,init -pramtop=01000h \
  -psmallconst=SMALLCONST -pmediumconst=MEDIUMCONST -pconst=CONST \
  -AFARRAM=00h-00h -ACONFIG=0300000h-030000Dh -pconfig=CONFIG \
  -AIDLOC=0200000h-0200007h -pidloc=IDLOC -AEEDATA=0F00000h-0F003FFh \
  -peeprom_data=EEDATA \
  -prdata=COMRAM,nvrram=COMRAM,nvbit=COMRAM,rbss=COMRAM,rbit=COMRAM \
  -pfarbss=FARRAM,fardata=FARRAM,nvFARRAM=FARRAM \
  -pintsave_regs=BIGRAM,bigbss=BIGRAM,bigdata=BIGRAM -pbss=RAM \
  -pidata=CODE,irdata=CODE,ibigdata=CODE,ifardata=CODE -prparam=COMRAM \
  C:\Users\Lenovo\AppData\Local\Temp\sdsg.obj \
  dist/default/debug\Lora_v7.X.debug.obj 

Object code version is 3.11

Machine type is 18LF46K22

Call graph: (short form)




                Name                               Link     Load   Length Selector   Space Scale
C:\Users\Lenovo\AppData\Local\Temp\sdsg.obj
                stack                               6FE      6FE      83A      6FE       2
                init                                 7E       7E        8        4       0
                reset_vec                             0        0        6        0       0
                idloc                            200000   200000        8   200000       0
                config                           300000   300000        E   300000       0
dist/default/debug\Lora_v7.X.debug.obj
                intcode                               8        8       76        4       0
                temp                                 48       48        C        1       1
                mediumconst                        FE48     FE48      1B8     7F24       0
                text223                            8DB0     8DB0        2        4       0
                text222                            8D82     8D82        6        4       0
                text221                            8A0C     8A0C       20        4       0
                text220                            8D5C     8D5C        8        4       0
                text219                            8DAE     8DAE        2        4       0
                text218                            8D7C     8D7C        6        4       0
                text217                            89EC     89EC       20        4       0
                text216                            8D54     8D54        8        4       0
                text215                            8DAC     8DAC        2        4       0
                text214                            8D76     8D76        6        4       0
                text213                            89CC     89CC       20        4       0
                text212                            8D42     8D42        A        4       0
                text211                            89AC     89AC       20        4       0
                text210                            4E10     4E10      16C        4       0
                text209                            5D1A     5D1A      100        4       0
                text208                            8A82     8A82       1C        4       0
                text207                            828A     828A       44        4       0
                text206                            7D92     7D92       56        4       0
                text205                            8DAA     8DAA        2        4       0
                text204                            898C     898C       20        4       0
                text203                            8B86     8B86       14        4       0
                text201                            7032     7032       8C        4       0
                text200                            7F34     7F34       52        4       0
                text199                            7AB8     7AB8       60        4       0
                text198                            8596     8596       30        4       0
                text197                            71D2     71D2       8A        4       0
                text196                            7148     7148       8A        4       0
                text195                            8246     8246       44        4       0
                text194                            88CA     88CA       22        4       0
                text193                            47FA     47FA      198        4       0
                text192                            5C18     5C18      102        4       0
                text191                            896C     896C       20        4       0
                text190                            7FD4     7FD4       4A        4       0
                text189                            6F0C     6F0C       96        4       0
                text188                            6E76     6E76       96        4       0
                text187                            87F2     87F2       28        4       0
                text186                            7368     7368       84        4       0
                text185                            7CE4     7CE4       58        4       0
                text184                            5246     5246      15E        4       0
                text183                            8D9C     8D9C        4        4       0
                text182                            8D98     8D98        4        4       0
                text181                            8AB8     8AB8       1A        4       0
                text180                            8566     8566       30        4       0
                text179                            80F0     80F0       46        4       0
                text178                            8D94     8D94        4        4       0
                text177                            8D90     8D90        4        4       0
                text176                            8BBE     8BBE       12        4       0
                text175                            8C68     8C68        E        4       0
                text174                            894C     894C       20        4       0
                text173                            77FE     77FE       68        4       0
                text172                            61F6     61F6       F0        4       0
                text171                            8C82     8C82        C        4       0
                text170                            87CA     87CA       28        4       0
                text169                            5E1A     5E1A       FE        4       0
                text168                            8202     8202       44        4       0
                text167                            4630     4630      1CA        4       0
                text166                            8D38     8D38        A        4       0
                text165                            7EE2     7EE2       52        4       0
                text164                            5F18     5F18       FA        4       0
                text163                            4462     4462      1CE        4       0
                text162                            6DD2     6DD2       A4        4       0
                text161                            658E     658E       DE        4       0
                text160                            8C20     8C20       10        4       0
                text159                            79F6     79F6       62        4       0
                text158                            350C     350C      2A4        4       0
                text157                            50E2     50E2      164        4       0
                text156                            28FE     28FE      34A        4       0
                text155                            840A     840A       36        4       0
                text154                            7994     7994       62        4       0
                text153                            54F2     54F2      14C        4       0
                text152                            21F0     21F0      3AA        4       0
                text151                            7932     7932       62        4       0
                text150                            81BE     81BE       44        4       0
                text149                            7BD4     7BD4       5C        4       0
                text148                            88A8     88A8       22        4       0
                text147                            4992     4992      190        4       0
                text146                            7796     7796       68        4       0
                text145                            772C     772C       6A        4       0
                text144                            6106     6106       F0        4       0
                text143                            14DE     14DE      500        4       0
                text142                            3A20     3A20      238        4       0
                text141                            8D2E     8D2E        A        4       0
                text140                            70BE     70BE       8A        4       0
                text139                            8536     8536       30        4       0
                text138                            8D24     8D24        A        4       0
                text137                            8D1A     8D1A        A        4       0
                text136                            8D10     8D10        A        4       0
                text135                            6C86     6C86       A8        4       0
                text134                            8D06     8D06        A        4       0
                text133                            8CFC     8CFC        A        4       0
                text132                            8CF2     8CF2        A        4       0
                text131                            7E90     7E90       52        4       0
                text130                            58AA     58AA      12A        4       0
                text129                            76C0     76C0       6C        4       0
                text128                            8A9E     8A9E       1A        4       0
                text127                            6D2E     6D2E       A4        4       0
                text126                            8B72     8B72       14        4       0
                text125                            8728     8728       2A        4       0
                text124                            3C58     3C58      230        4       0
                text123                            892C     892C       20        4       0
                text122                            8D70     8D70        6        4       0
                text121                            8BAC     8BAC       12        4       0
                text120                            8B5E     8B5E       14        4       0
                text119                            8DA8     8DA8        2        4       0
                text118                            74EC     74EC       7E        4       0
                text117                            8D6A     8D6A        6        4       0
                text116                            86FE     86FE       2A        4       0
                text115                            8350     8350       40        4       0
                text114                             D2C      D2C      7B2        4       0
                text113                            577C     577C      12E        4       0
                text112                            7B76     7B76       5E        4       0
                text111                            73EC     73EC       82        4       0
                text110                            6BDA     6BDA       AC        4       0
                text109                            72E2     72E2       86        4       0
                text108                            7C8A     7C8A       5A        4       0
                text107                            68EA     68EA       CA        4       0
                text106                            6012     6012       F4        4       0
                text105                            725C     725C       86        4       0
                text104                            428A     428A      1D8        4       0
                text103                            64B0     64B0       DE        4       0
                text102                            8D64     8D64        6        4       0
                text101                            19DE     19DE      462        4       0
                text100                            1E40     1E40      3B0        4       0
                text99                             7A58     7A58       60        4       0
                text98                             6818     6818       D2        4       0
                text97                             8CE8     8CE8        A        4       0
                text96                             7E3C     7E3C       54        4       0
                text95                             4F7C     4F7C      166        4       0
                text94                             7654     7654       6C        4       0
                text93                             8A66     8A66       1C        4       0
                text92                             8CDE     8CDE        A        4       0
                text91                             8CD4     8CD4        A        4       0
                text90                             7B18     7B18       5E        4       0
                text89                             890C     890C       20        4       0
                text88                             8B1A     8B1A       18        4       0
                text87                             86D4     86D4       2A        4       0
                text86                             3244     3244      2C8        4       0
                text85                             84A4     84A4       32        4       0
                text84                             8840     8840       24        4       0
                text83                             7C30     7C30       5A        4       0
                text82                             53A4     53A4      14E        4       0
                text81                             817A     817A       44        4       0
                text80                             8136     8136       44        4       0
                text79                             80AA     80AA       46        4       0
                text78                             78CC     78CC       66        4       0
                text77                             37B0     37B0      270        4       0
                text76                             8B48     8B48       16        4       0
                text75                             8B02     8B02       18        4       0
                text74                             3E88     3E88      214        4       0
                text73                             87A2     87A2       28        4       0
                text72                             82CE     82CE       42        4       0
                text71                             877A     877A       28        4       0
                text70                             2F4E     2F4E      2F6        4       0
                text69                             8DA6     8DA6        2        4       0
                text68                             8506     8506       30        4       0
                text67                             746E     746E       7E        4       0
                text66                             4B22     4B22      182        4       0
                text65                             409C     409C      1EE        4       0
                text64                             8A4A     8A4A       1C        4       0
                text63                             75E2     75E2       72        4       0
                text62                               86       86      CA6        4       0
                text61                             259A     259A      364        4       0
                text60                             6B26     6B26       B4        4       0
                text59                             7866     7866       66        4       0
                text58                             63CC     63CC       E4        4       0
                text57                             59D4     59D4      126        4       0
                text56                             8472     8472       32        4       0
                text55                             6FA2     6FA2       90        4       0
                text54                             8310     8310       40        4       0
                text53                             8650     8650       2E        4       0
                text52                             7F86     7F86       4E        4       0
                text51                             7D3C     7D3C       56        4       0
                text50                             8886     8886       22        4       0
                text49                             8440     8440       32        4       0
                text48                             8752     8752       28        4       0
                text47                             8B9A     8B9A       12        4       0
                text46                             756A     756A       78        4       0
                text45                             83CE     83CE       3C        4       0
                text44                             8064     8064       46        4       0
                text43                             666C     666C       D8        4       0
                text42                             6A6E     6A6E       B8        4       0
                text41                             4CA4     4CA4      16C        4       0
                text40                             5AFA     5AFA      11E        4       0
                text39                             881A     881A       26        4       0
                text38                             563E     563E      13E        4       0
                text37                             2C48     2C48      306        4       0
                text36                             62E6     62E6       E6        4       0
                text35                             8390     8390       3E        4       0
                text34                             8622     8622       2E        4       0
                text33                             8AEA     8AEA       18        4       0
                text32                             85F4     85F4       2E        4       0
                text31                             8B32     8B32       16        4       0
                text30                             8C10     8C10       10        4       0
                text29                             8CCA     8CCA        A        4       0
                text28                             8CC0     8CC0        A        4       0
                text27                             8CB6     8CB6        A        4       0
                text26                             801E     801E       46        4       0
                text25                             8CAC     8CAC        A        4       0
                text24                             8CA2     8CA2        A        4       0
                text23                             86AA     86AA       2A        4       0
                text22                             8D8C     8D8C        4        4       0
                text21                             8C00     8C00       10        4       0
                text20                             8BF0     8BF0       10        4       0
                text19                             8C98     8C98        A        4       0
                text18                             8BE0     8BE0       10        4       0
                text17                             8DA4     8DA4        2        4       0
                text16                             8DA2     8DA2        2        4       0
                text15                             8DA0     8DA0        2        4       0
                text14                             8D4C     8D4C        8        4       0
                text13                             8C8E     8C8E        A        4       0
                text12                             8BD0     8BD0       10        4       0
                text11                             8864     8864       22        4       0
                text10                             8C5A     8C5A        E        4       0
                text9                              7DE8     7DE8       54        4       0
                text8                              8C4C     8C4C        E        4       0
                text7                              867E     867E       2C        4       0
                text6                              8A2C     8A2C       1E        4       0
                text5                              85C6     85C6       2E        4       0
                text4                              8C76     8C76        C        4       0
                text3                              8C3E     8C3E        E        4       0
                text2                              8C30     8C30        E        4       0
                text1                              84D6     84D6       30        4       0
                text0                              6744     6744       D4        4       0
                cstackCOMRAM                          1        1       3B        1       1
                cstackBANK0                          60       60       9B       60       1
                cstackBANK1                         16A      16A       69      100       1
                bssBIGRAM                           4E0      4E0      21E      4E0       1
                bssBANK4                            400      400       E0      400       1
                dataBANK3                           3A0      3A0       20      300       1
                bssBANK3                            300      300       A0      300       1
                bssBANK2                            200      200       F5      200       1
                dataBANK1                           1D3      1D3       18      100       1
                bssBANK1                            100      100       6A      100       1
                bssBANK0                             FB       FB        1       60       1
                dataCOMRAM                           54       54        4        1       1
                bssCOMRAM                            3C       3C        C        1       1
                cinit                              69B4     69B4       BA        4       0
                nvBANK2                             2F5      2F5        2      200       1
                nvBANK1                             1EB      1EB       10      100       1
                idataBANK3                         88EC     88EC       20        4       0
                idataBANK1                         8AD2     8AD2       18        4       0
                idataCOMRAM                        8D88     8D88        4        4       0

TOTAL           Name                               Link     Load   Length     Space
        CLASS   STACK          
                stack                               6FE      6FE      83A         2

        CLASS   CODE           
                intcode                               8        8       76         0
                init                                 7E       7E        8         0
                reset_vec                             0        0        6         0
                text223                            8DB0     8DB0        2         0
                text222                            8D82     8D82        6         0
                text221                            8A0C     8A0C       20         0
                text220                            8D5C     8D5C        8         0
                text219                            8DAE     8DAE        2         0
                text218                            8D7C     8D7C        6         0
                text217                            89EC     89EC       20         0
                text216                            8D54     8D54        8         0
                text215                            8DAC     8DAC        2         0
                text214                            8D76     8D76        6         0
                text213                            89CC     89CC       20         0
                text212                            8D42     8D42        A         0
                text211                            89AC     89AC       20         0
                text210                            4E10     4E10      16C         0
                text209                            5D1A     5D1A      100         0
                text208                            8A82     8A82       1C         0
                text207                            828A     828A       44         0
                text206                            7D92     7D92       56         0
                text205                            8DAA     8DAA        2         0
                text204                            898C     898C       20         0
                text203                            8B86     8B86       14         0
                text201                            7032     7032       8C         0
                text200                            7F34     7F34       52         0
                text199                            7AB8     7AB8       60         0
                text198                            8596     8596       30         0
                text197                            71D2     71D2       8A         0
                text196                            7148     7148       8A         0
                text195                            8246     8246       44         0
                text194                            88CA     88CA       22         0
                text193                            47FA     47FA      198         0
                text192                            5C18     5C18      102         0
                text191                            896C     896C       20         0
                text190                            7FD4     7FD4       4A         0
                text189                            6F0C     6F0C       96         0
                text188                            6E76     6E76       96         0
                text187                            87F2     87F2       28         0
                text186                            7368     7368       84         0
                text185                            7CE4     7CE4       58         0
                text184                            5246     5246      15E         0
                text183                            8D9C     8D9C        4         0
                text182                            8D98     8D98        4         0
                text181                            8AB8     8AB8       1A         0
                text180                            8566     8566       30         0
                text179                            80F0     80F0       46         0
                text178                            8D94     8D94        4         0
                text177                            8D90     8D90        4         0
                text176                            8BBE     8BBE       12         0
                text175                            8C68     8C68        E         0
                text174                            894C     894C       20         0
                text173                            77FE     77FE       68         0
                text172                            61F6     61F6       F0         0
                text171                            8C82     8C82        C         0
                text170                            87CA     87CA       28         0
                text169                            5E1A     5E1A       FE         0
                text168                            8202     8202       44         0
                text167                            4630     4630      1CA         0
                text166                            8D38     8D38        A         0
                text165                            7EE2     7EE2       52         0
                text164                            5F18     5F18       FA         0
                text163                            4462     4462      1CE         0
                text162                            6DD2     6DD2       A4         0
                text161                            658E     658E       DE         0
                text160                            8C20     8C20       10         0
                text159                            79F6     79F6       62         0
                text158                            350C     350C      2A4         0
                text157                            50E2     50E2      164         0
                text156                            28FE     28FE      34A         0
                text155                            840A     840A       36         0
                text154                            7994     7994       62         0
                text153                            54F2     54F2      14C         0
                text152                            21F0     21F0      3AA         0
                text151                            7932     7932       62         0
                text150                            81BE     81BE       44         0
                text149                            7BD4     7BD4       5C         0
                text148                            88A8     88A8       22         0
                text147                            4992     4992      190         0
                text146                            7796     7796       68         0
                text145                            772C     772C       6A         0
                text144                            6106     6106       F0         0
                text143                            14DE     14DE      500         0
                text142                            3A20     3A20      238         0
                text141                            8D2E     8D2E        A         0
                text140                            70BE     70BE       8A         0
                text139                            8536     8536       30         0
                text138                            8D24     8D24        A         0
                text137                            8D1A     8D1A        A         0
                text136                            8D10     8D10        A         0
                text135                            6C86     6C86       A8         0
                text134                            8D06     8D06        A         0
                text133                            8CFC     8CFC        A         0
                text132                            8CF2     8CF2        A         0
                text131                            7E90     7E90       52         0
                text130                            58AA     58AA      12A         0
                text129                            76C0     76C0       6C         0
                text128                            8A9E     8A9E       1A         0
                text127                            6D2E     6D2E       A4         0
                text126                            8B72     8B72       14         0
                text125                            8728     8728       2A         0
                text124                            3C58     3C58      230         0
                text123                            892C     892C       20         0
                text122                            8D70     8D70        6         0
                text121                            8BAC     8BAC       12         0
                text120                            8B5E     8B5E       14         0
                text119                            8DA8     8DA8        2         0
                text118                            74EC     74EC       7E         0
                text117                            8D6A     8D6A        6         0
                text116                            86FE     86FE       2A         0
                text115                            8350     8350       40         0
                text114                             D2C      D2C      7B2         0
                text113                            577C     577C      12E         0
                text112                            7B76     7B76       5E         0
                text111                            73EC     73EC       82         0
                text110                            6BDA     6BDA       AC         0
                text109                            72E2     72E2       86         0
                text108                            7C8A     7C8A       5A         0
                text107                            68EA     68EA       CA         0
                text106                            6012     6012       F4         0
                text105                            725C     725C       86         0
                text104                            428A     428A      1D8         0
                text103                            64B0     64B0       DE         0
                text102                            8D64     8D64        6         0
                text101                            19DE     19DE      462         0
                text100                            1E40     1E40      3B0         0
                text99                             7A58     7A58       60         0
                text98                             6818     6818       D2         0
                text97                             8CE8     8CE8        A         0
                text96                             7E3C     7E3C       54         0
                text95                             4F7C     4F7C      166         0
                text94                             7654     7654       6C         0
                text93                             8A66     8A66       1C         0
                text92                             8CDE     8CDE        A         0
                text91                             8CD4     8CD4        A         0
                text90                             7B18     7B18       5E         0
                text89                             890C     890C       20         0
                text88                             8B1A     8B1A       18         0
                text87                             86D4     86D4       2A         0
                text86                             3244     3244      2C8         0
                text85                             84A4     84A4       32         0
                text84                             8840     8840       24         0
                text83                             7C30     7C30       5A         0
                text82                             53A4     53A4      14E         0
                text81                             817A     817A       44         0
                text80                             8136     8136       44         0
                text79                             80AA     80AA       46         0
                text78                             78CC     78CC       66         0
                text77                             37B0     37B0      270         0
                text76                             8B48     8B48       16         0
                text75                             8B02     8B02       18         0
                text74                             3E88     3E88      214         0
                text73                             87A2     87A2       28         0
                text72                             82CE     82CE       42         0
                text71                             877A     877A       28         0
                text70                             2F4E     2F4E      2F6         0
                text69                             8DA6     8DA6        2         0
                text68                             8506     8506       30         0
                text67                             746E     746E       7E         0
                text66                             4B22     4B22      182         0
                text65                             409C     409C      1EE         0
                text64                             8A4A     8A4A       1C         0
                text63                             75E2     75E2       72         0
                text62                               86       86      CA6         0
                text61                             259A     259A      364         0
                text60                             6B26     6B26       B4         0
                text59                             7866     7866       66         0
                text58                             63CC     63CC       E4         0
                text57                             59D4     59D4      126         0
                text56                             8472     8472       32         0
                text55                             6FA2     6FA2       90         0
                text54                             8310     8310       40         0
                text53                             8650     8650       2E         0
                text52                             7F86     7F86       4E         0
                text51                             7D3C     7D3C       56         0
                text50                             8886     8886       22         0
                text49                             8440     8440       32         0
                text48                             8752     8752       28         0
                text47                             8B9A     8B9A       12         0
                text46                             756A     756A       78         0
                text45                             83CE     83CE       3C         0
                text44                             8064     8064       46         0
                text43                             666C     666C       D8         0
                text42                             6A6E     6A6E       B8         0
                text41                             4CA4     4CA4      16C         0
                text40                             5AFA     5AFA      11E         0
                text39                             881A     881A       26         0
                text38                             563E     563E      13E         0
                text37                             2C48     2C48      306         0
                text36                             62E6     62E6       E6         0
                text35                             8390     8390       3E         0
                text34                             8622     8622       2E         0
                text33                             8AEA     8AEA       18         0
                text32                             85F4     85F4       2E         0
                text31                             8B32     8B32       16         0
                text30                             8C10     8C10       10         0
                text29                             8CCA     8CCA        A         0
                text28                             8CC0     8CC0        A         0
                text27                             8CB6     8CB6        A         0
                text26                             801E     801E       46         0
                text25                             8CAC     8CAC        A         0
                text24                             8CA2     8CA2        A         0
                text23                             86AA     86AA       2A         0
                text22                             8D8C     8D8C        4         0
                text21                             8C00     8C00       10         0
                text20                             8BF0     8BF0       10         0
                text19                             8C98     8C98        A         0
                text18                             8BE0     8BE0       10         0
                text17                             8DA4     8DA4        2         0
                text16                             8DA2     8DA2        2         0
                text15                             8DA0     8DA0        2         0
                text14                             8D4C     8D4C        8         0
                text13                             8C8E     8C8E        A         0
                text12                             8BD0     8BD0       10         0
                text11                             8864     8864       22         0
                text10                             8C5A     8C5A        E         0
                text9                              7DE8     7DE8       54         0
                text8                              8C4C     8C4C        E         0
                text7                              867E     867E       2C         0
                text6                              8A2C     8A2C       1E         0
                text5                              85C6     85C6       2E         0
                text4                              8C76     8C76        C         0
                text3                              8C3E     8C3E        E         0
                text2                              8C30     8C30        E         0
                text1                              84D6     84D6       30         0
                text0                              6744     6744       D4         0
                cinit                              69B4     69B4       BA         0
                idataBANK3                         88EC     88EC       20         0
                idataBANK1                         8AD2     8AD2       18         0
                idataCOMRAM                        8D88     8D88        4         0

        CLASS   CONST          

        CLASS   SMALLCONST     

        CLASS   MEDIUMCONST    
                mediumconst                        FE48     FE48      1B8         0

        CLASS   COMRAM         
                temp                                 48       48        C         1
                cstackCOMRAM                          1        1       3B         1
                dataCOMRAM                           54       54        4         1
                bssCOMRAM                            3C       3C        C         1

        CLASS   ABS1           

        CLASS   BIGRAM         
                bssBIGRAM                           4E0      4E0      21E         1

        CLASS   RAM            

        CLASS   BANK0          
                cstackBANK0                          60       60       9B         1
                bssBANK0                             FB       FB        1         1

        CLASS   BANK1          
                cstackBANK1                         16A      16A       69         1
                dataBANK1                           1D3      1D3       18         1
                bssBANK1                            100      100       6A         1
                nvBANK1                             1EB      1EB       10         1

        CLASS   BANK2          
                bssBANK2                            200      200       F5         1
                nvBANK2                             2F5      2F5        2         1

        CLASS   BANK3          
                dataBANK3                           3A0      3A0       20         1
                bssBANK3                            300      300       A0         1

        CLASS   BANK4          
                bssBANK4                            400      400       E0         1

        CLASS   BANK5          

        CLASS   BANK6          

        CLASS   BANK7          

        CLASS   BANK8          

        CLASS   BANK9          

        CLASS   BANK10         

        CLASS   BANK11         

        CLASS   BANK12         

        CLASS   BANK13         

        CLASS   BANK14         

        CLASS   BANK15         

        CLASS   SFR            

        CLASS   FARRAM         

        CLASS   CONFIG         
                config                           300000   300000        E         0

        CLASS   IDLOC          
                idloc                            200000   200000        8         0

        CLASS   EEDATA         



SEGMENTS        Name                           Load    Length   Top    Selector   Space  Class

                reset_vec                      000000  000006  000006         0       0  CODE    
                cstackCOMRAM                   000001  000057  000058         1       1  COMRAM  
                intcode                        000008  008DAA  008DB2         4       0  CODE    
                cstackBANK0                    000060  00009C  0000FC        60       1  BANK0   
                bssBANK1                       000100  0000FB  0001FB       100       1  BANK1   
                bssBANK2                       000200  0000F7  0002F7       200       1  BANK2   
                bssBANK3                       000300  0000C0  0003C0       300       1  BANK3   
                bssBANK4                       000400  0000E0  0004E0       400       1  BANK4   
                bssBIGRAM                      0004E0  00021E  0006FE       4E0       1  BIGRAM  
                stack                          0006FE  00083A  000F38       6FE       2  STACK   
                mediumconst                    00FE48  0001B8  010000      7F24       0  MEDIUMCO
                idloc                          200000  000008  200008    200000       0  IDLOC   
                config                         300000  00000E  30000E    300000       0  CONFIG  


UNUSED ADDRESS RANGES

        Name                Unused          Largest block    Delta
        BANK0            0000FC-0000FF                4
        BANK1            0001FB-0001FF                5
        BANK10           000A00-000AFF              100
        BANK11           000B00-000BFF              100
        BANK12           000C00-000CFF              100
        BANK13           000D00-000DFF              100
        BANK14           000E00-000EFF              100
        BANK15           000F00-000F37               38
        BANK2            0002F7-0002FF                9
        BANK3            0003C0-0003FF               40
        BANK6            0006FE-0006FF                2
        BANK7            000700-0007FF              100
        BANK8            000800-0008FF              100
        BANK9            000900-0009FF              100
        BIGRAM           000058-00005F                8
                         0000FC-0000FF                4
                         0001FB-0001FF                5
                         0002F7-0002FF                9
                         0003C0-0003FF               40
                         0006FE-000F37              83A
        CODE             000006-000007                2
                         008DB2-00FE47             7096
        COMRAM           000058-00005F                8
        CONST            000006-000007                2
                         008DB2-00FE47             7096
        EEDATA           F00000-F003FF              400
        MEDIUMCONST      008DB2-00FE47             7096
        RAM              0000FC-0000FF                4
                         0001FB-0001FF                5
                         0002F7-0002FF                9
                         0003C0-0003FF               40
                         0006FE-000F37              100
        SFR              000F38-000FFC               28
        SMALLCONST       008DB2-00FE47              100

                                  Symbol Table

?_ComputeMic                                              cstackBANK0  0000C7
?_ExecuteDevStatus                                        cstackBANK0  000060
?_ExecuteDutyCycle                                        cstackBANK0  000060
?_ExecuteLinkAdr                                          cstackBANK0  00006F
?_ExecuteLinkCheck                                        cstackBANK0  000060
?_ExecuteNewChannel                                       cstackBANK0  0000A6
?_ExecuteRxParamSetupReq                                  cstackBANK0  0000A6
?_ExecuteRxTimingSetup                                    cstackBANK0  000067
?_ExtractMic                                              cstackBANK0  00006B
?_GetRx1Freq                                              cstackBANK0  000060
?_MacExecuteCommands                                      cstackBANK0  0000B0
?_RADIO_ReadRandom                                        cstackBANK0  00006C
?_RADIO_ReceiveStart                                      cstackBANK0  0000B1
?_RADIO_Transmit                                          cstackBANK0  0000B1
?_Random                                                  cstackBANK0  0000AD
?_SwTimerReadValue                                        cstackBANK0  000091
?_SwTimersInterrupt                                       cstackBANK0  000080
?_TMR1_ReadTimer                                          cstackBANK0  000060
?_TMR_GetDeltaTime                                        cstackBANK0  000068
?_TMR_SwapTimer                                           cstackBANK0  000068
?___awdiv                                                 cstackBANK0  000060
?___lldiv                                                 cstackBANK0  000060
?___llmod                                                 cstackBANK0  000060
?___lmul                                                  cstackBANK0  00009A
?___lwmod                                                 cstackBANK0  0000A8
?___wmul                                                  cstackBANK0  000060
?_printf                                                  cstackBANK0  000062
?_rand                                                    cstackBANK0  0000A6
?i2_SwTimersInterrupt                                     cstackCOMRAM 000021
?i2_TMR1_ReadTimer                                        cstackCOMRAM 000001
?i2_TMR_GetDeltaTime                                      cstackCOMRAM 000009
?i2_TMR_SwapTimer                                         cstackCOMRAM 000009
AESCmac@flag                                              cstackBANK1  0001CC
AESCmac@i                                                 cstackBANK1  0001CF
AESCmac@input                                             cstackBANK0  0000BD
AESCmac@j                                                 cstackBANK1  0001CE
AESCmac@k1                                                cstackBANK1  00017A
AESCmac@k2                                                cstackBANK1  00016A
AESCmac@key                                               cstackBANK0  0000B9
AESCmac@mLast                                             cstackBANK1  00018A
AESCmac@n                                                 cstackBANK1  0001CD
AESCmac@output                                            cstackBANK0  0000BB
AESCmac@padded                                            cstackBANK1  00019A
AESCmac@ptr                                               cstackBANK1  0001CA
AESCmac@size                                              cstackBANK0  0000BF
AESCmac@x                                                 cstackBANK1  0001BA
AESCmac@y                                                 cstackBANK1  0001AA
AESEncode@aux                                             cstackBANK0  000078
AESEncode@aux1                                            cstackBANK0  00007A
AESEncode@aux2                                            cstackBANK0  000079
AESEncode@aux3                                            cstackBANK0  00007B
AESEncode@block                                           cstackBANK0  000066
AESEncode@i                                               cstackBANK0  00007C
AESEncode@key                                             cstackBANK0  000068
AESEncodeLoRa@block                                       cstackBANK0  00007D
AESEncodeLoRa@key                                         cstackBANK0  00007F
AESEncodeLoRa@useKey                                      cstackBANK0  000081
AssembleEncryptionBlock@blockId                           cstackBANK0  00006F
AssembleEncryptionBlock@bufferIndex                       cstackBANK0  000073
AssembleEncryptionBlock@dir                               cstackBANK0  000072
AssembleEncryptionBlock@firstByte                         cstackBANK0  000070
AssembleEncryptionBlock@frameCounter                      cstackBANK0  00006B
AssembleEncryptionBlock@multicastStatus                   cstackBANK0  000071
AssemblePacket@buffer                                     cstackBANK0  0000C8
AssemblePacket@bufferIndex                                cstackBANK0  0000D2
AssemblePacket@bufferLength                               cstackBANK0  0000CA
AssemblePacket@confirmed                                  cstackBANK0  0000CE
AssemblePacket@fCtrl                                      cstackBANK0  0000D0
AssemblePacket@macCmdIdx                                  cstackBANK0  0000D1
AssemblePacket@mhdr                                       cstackBANK0  0000CF
AssemblePacket@port                                       cstackBANK0  0000C7
CheckFlags@hdr                                            cstackBANK0  000060
CheckMcastFlags@hdr                                       cstackBANK0  000060
ComputeMic@buffer                                         cstackBANK0  0000C9
ComputeMic@bufferLength                                   cstackBANK0  0000CB
ComputeMic@key                                            cstackBANK0  0000C7
ComputeMic@mic                                            cstackBANK0  0000CC
ComputeSessionKeys@joinAcceptBuffer                       cstackBANK0  000091
ConfigureRadio@dataRate                                   cstackBANK0  000072
ConfigureRadio@freq                                       cstackBANK0  00006E
ConfigureRadioRx@dataRate                                 cstackBANK0  000077
ConfigureRadioRx@freq                                     cstackBANK0  000073
ConfigureRadioTx@dataRate                                 cstackBANK0  000077
ConfigureRadioTx@freq                                     cstackBANK0  000073
ConfigureRadioTx@txPower                                  cstackBANK0  000078
CountfOptsLength@i                                        cstackBANK0  000067
CountfOptsLength@macCommandLength                         cstackBANK0  000066
EUSART1_SetErrorHandler@interruptHandler                  cstackBANK0  000060
EUSART1_SetFramingErrorHandler@interruptHandler           cstackBANK0  000060
EUSART1_SetOverrunErrorHandler@interruptHandler           cstackBANK0  000060
EUSART1_Write@txData                                      cstackBANK0  000060
EnableChannels1@channelIndexMax                           cstackBANK0  000068
EnableChannels1@channelIndexMin                           cstackBANK0  000067
EnableChannels1@channelMask                               cstackBANK0  000064
EnableChannels1@channelMaskCntl                           cstackBANK0  000066
EnableChannels1@i                                         cstackBANK0  00006B
EnableChannels@channelMask                                cstackBANK0  00006C
EnableChannels@channelMaskCntl                            cstackBANK0  00006E
EncKeySchedule@key                                        cstackBANK0  000060
EncodeShiftRow@stateTable                                 cstackBANK0  000060
EncodeShiftRow@temp                                       cstackBANK0  000062
EncryptFRMPayload@buffer                                  cstackBANK0  000091
EncryptFRMPayload@bufferLength                            cstackBANK0  000093
EncryptFRMPayload@bufferToBeEncrypted                     cstackBANK0  00009C
EncryptFRMPayload@dir                                     cstackBANK0  000094
EncryptFRMPayload@frameCounter                            cstackBANK0  000095
EncryptFRMPayload@i                                       cstackBANK0  0000A7
EncryptFRMPayload@j                                       cstackBANK0  0000A8
EncryptFRMPayload@k                                       cstackBANK0  0000A6
EncryptFRMPayload@key                                     cstackBANK0  000099
EncryptFRMPayload@macBufferIndex                          cstackBANK0  00009B
EncryptFRMPayload@multicastStatus                         cstackBANK0  00009E
ExecuteDevStatus@ptr                                      cstackBANK0  000060
ExecuteDutyCycle@maxDCycle                                cstackBANK0  000065
ExecuteDutyCycle@ptr                                      cstackBANK0  000060
ExecuteLinkAdr@channelMask                                cstackBANK0  000073
ExecuteLinkAdr@dataRate                                   cstackBANK0  000078
ExecuteLinkAdr@ptr                                        cstackBANK0  00006F
ExecuteLinkAdr@redundancy                                 cstackBANK0  000076
ExecuteLinkAdr@txPower                                    cstackBANK0  000075
ExecuteLinkCheck@ptr                                      cstackBANK0  000060
ExecuteNewChannel@channelIndex                            cstackBANK0  0000AF
ExecuteNewChannel@drRange                                 cstackBANK0  0000AA
ExecuteNewChannel@frequency                               cstackBANK0  0000AB
ExecuteNewChannel@ptr                                     cstackBANK0  0000A6
ExecuteRxParamSetupReq@dlSettings                         cstackBANK0  0000AE
ExecuteRxParamSetupReq@frequency                          cstackBANK0  0000AA
ExecuteRxParamSetupReq@ptr                                cstackBANK0  0000A6
ExecuteRxTimingSetup@delay                                cstackBANK0  000069
ExecuteRxTimingSetup@ptr                                  cstackBANK0  000067
ExtractMic@buffer                                         cstackBANK0  00006B
ExtractMic@bufferLength                                   cstackBANK0  00006D
ExtractMic@mic                                            cstackBANK0  000073
FillSubKey@carry                                          cstackBANK0  000066
FillSubKey@i                                              cstackBANK0  000067
FillSubKey@key                                            cstackBANK0  000062
FillSubKey@size                                           cstackBANK0  000064
FillSubKey@source                                         cstackBANK0  000060
FindSmallestDataRate@dataRate                             cstackBANK0  000063
FindSmallestDataRate@found                                cstackBANK0  000061
FindSmallestDataRate@i                                    cstackBANK0  000062
GenerateSubkey@F7103                                      dataBANK1    0001D3
GenerateSubkey@const_Rb                                   cstackBANK0  000098
GenerateSubkey@i                                          cstackBANK0  0000B8
GenerateSubkey@k1                                         cstackBANK0  000093
GenerateSubkey@k2                                         cstackBANK0  000095
GenerateSubkey@key                                        cstackBANK0  000091
GenerateSubkey@l                                          cstackBANK0  0000A8
HALResetPinOutputValue@value                              cstackBANK0  000060
HALSPISend@data                                           cstackBANK0  000061
INT1_SetInterruptHandler@InterruptHandler                 cstackBANK0  000060
INT2_SetInterruptHandler@InterruptHandler                 cstackBANK0  000060
INTERRUPT_GetDioStatus@a                                  cstackBANK0  000060
IOCB4_SetInterruptHandler@InterruptHandler                cstackBANK0  000060
IncludeMacCommandsResponse@bIncludeInFopts                cstackBANK0  000064
IncludeMacCommandsResponse@bufferIndex                    cstackBANK0  00006E
IncludeMacCommandsResponse@i                              cstackBANK0  00006D
IncludeMacCommandsResponse@macBuffer                      cstackBANK0  000060
IncludeMacCommandsResponse@pBufferIndex                   cstackBANK0  000062
InitDefault433Channels@i                                  cstackBANK0  00006B
InitDefault868Channels@i                                  cstackBANK0  00006B
LORAWAN_GetMaxPayloadSize@macCommandsLength               cstackBANK0  000069
LORAWAN_GetMaxPayloadSize@result                          cstackBANK0  00006A
LORAWAN_Init@RxJoinResponse                               cstackBANK0  0000B4
LORAWAN_Init@RxPayload                                    cstackBANK0  0000B2
LORAWAN_Join@activationTypeNew                            cstackBANK0  0000DD
LORAWAN_Join@bufferIndex                                  cstackBANK0  0000DB
LORAWAN_Join@result                                       cstackBANK0  0000DC
LORAWAN_LinkCheckConfigure@iCtr                           cstackBANK0  0000B0
LORAWAN_LinkCheckConfigure@period                         cstackBANK0  0000A6
LORAWAN_Reset@ismBandNew                                  cstackBANK0  0000B1
LORAWAN_RxDone@buffer                                     cstackBANK1  0001D0
LORAWAN_RxDone@bufferIndex                                cstackBANK0  0000E6
LORAWAN_RxDone@bufferLength                               cstackBANK1  0001D2
LORAWAN_RxDone@channelIndex                               cstackBANK0  0000E0
LORAWAN_RxDone@computedMic                                cstackBANK0  0000EA
LORAWAN_RxDone@extractedMic                               cstackBANK0  0000E2
LORAWAN_RxDone@fPort                                      cstackBANK0  0000DF
LORAWAN_RxDone@frmPayloadLength                           cstackBANK0  0000F0
LORAWAN_RxDone@hdr                                        cstackBANK0  0000F1
LORAWAN_RxDone@joinAccept                                 cstackBANK0  0000EE
LORAWAN_RxDone@mhdr                                       cstackBANK0  0000E1
LORAWAN_RxDone@packet                                     cstackBANK0  0000E8
LORAWAN_RxDone@temp                                       cstackBANK0  0000E7
LORAWAN_RxTimeout@i                                       cstackBANK0  0000CA
LORAWAN_RxTimeout@minim                                   cstackBANK0  0000C6
LORAWAN_Send@buffer                                       cstackBANK0  0000D4
LORAWAN_Send@bufferLength                                 cstackBANK0  0000D6
LORAWAN_Send@confirmed                                    cstackBANK0  0000D9
LORAWAN_Send@port                                         cstackBANK0  0000D3
LORAWAN_Send@result                                       cstackBANK0  0000D8
LORAWAN_SetApplicationSessionKey@applicationSessionKeyNew cstackBANK0  00006B
LORAWAN_SetChannelIdStatus@channelId                      cstackBANK0  000066
LORAWAN_SetChannelIdStatus@result                         cstackBANK0  000065
LORAWAN_SetChannelIdStatus@statusNew                      cstackBANK0  000064
LORAWAN_SetDeviceAddress@deviceAddressNew                 cstackBANK0  000060
LORAWAN_SetNetworkSessionKey@networkSessionKeyNew         cstackBANK0  00006B
LORAWAN_TxDone@delta                                      cstackBANK0  0000D2
LORAWAN_TxDone@found                                      cstackBANK0  0000D1
LORAWAN_TxDone@i                                          cstackBANK0  0000E2
LORAWAN_TxDone@minim                                      cstackBANK0  0000DE
LORAWAN_TxDone@ticks                                      cstackBANK0  0000DA
LORAWAN_TxDone@timeOnAir                                  cstackBANK0  0000BB
MacExecuteCommands@buffer                                 cstackBANK0  0000B0
MacExecuteCommands@done                                   cstackBANK0  0000B5
MacExecuteCommands@fOptsLen                               cstackBANK0  0000B2
MacExecuteCommands@ptr                                    cstackBANK0  0000B6
PrepareJoinRequestFrame@bufferIndex                       cstackBANK0  0000DA
PrepareJoinRequestFrame@iCtr                              cstackBANK0  0000D9
PrepareJoinRequestFrame@mhdr                              cstackBANK0  0000D8
PrepareJoinRequestFrame@mic                               cstackBANK0  0000D4
PrepareSessionKeys@appNonce                               cstackBANK0  00006D
PrepareSessionKeys@index                                  cstackBANK0  000071
PrepareSessionKeys@networkId                              cstackBANK0  00006F
PrepareSessionKeys@sessionKey                             cstackBANK0  00006B
RADIO_DIO0@dioMapping                                     cstackBANK0  0000F7
RADIO_DIO0@opMode                                         cstackBANK0  0000F8
RADIO_DIO1@dioMapping                                     cstackBANK0  0000CC
RADIO_DIO2@dioMapping                                     cstackBANK0  00007C
RADIO_DIO2@opMode                                         cstackBANK0  00007B
RADIO_DIO3@dioMapping                                     cstackBANK0  000066
RADIO_DIO4@dioMapping                                     cstackBANK0  000067
RADIO_DIO5@dioMapping                                     cstackBANK0  000066
RADIO_FHSSChangeChannel@irqFlags                          cstackBANK0  000079
RADIO_FSKPacketSent@irqFlags                              cstackBANK0  0000EF
RADIO_FSKPacketSent@timeOnAir                             cstackBANK0  0000E7
RADIO_FSKPayloadReady@i                                   cstackBANK0  0000F4
RADIO_FSKPayloadReady@irqFlags                            cstackBANK0  0000F3
RADIO_Init@frequency                                      cstackBANK0  00007B
RADIO_Init@radioBuffer                                    cstackBANK0  000079
RADIO_ReadRandom@i                                        cstackBANK0  000071
RADIO_ReadRandom@retVal                                   cstackBANK0  00006F
RADIO_ReceiveStart@rxWindowSize                           cstackBANK0  0000B1
RADIO_RegisterRead@readValue                              cstackBANK0  000063
RADIO_RegisterRead@reg                                    cstackBANK0  000062
RADIO_RegisterWrite@reg                                   cstackBANK0  000063
RADIO_RegisterWrite@value                                 cstackBANK0  000062
RADIO_RxDone@i                                            cstackBANK0  0000F4
RADIO_RxDone@irqFlags                                     cstackBANK0  0000F3
RADIO_SetBandwidth@bandwidth                              cstackBANK0  000060
RADIO_SetCRC@crc                                          cstackBANK0  000060
RADIO_SetChannelFrequency@frequency                       cstackBANK0  000060
RADIO_SetFSKSyncWord@syncWord                             cstackBANK0  00006B
RADIO_SetFSKSyncWord@syncWordLen                          cstackBANK0  00006D
RADIO_SetFrequencyHopPeriod@frequencyHopPeriod            cstackBANK0  000060
RADIO_SetIQInverted@iqInverted                            cstackBANK0  000060
RADIO_SetLoRaSyncWord@syncWord                            cstackBANK0  000060
RADIO_SetModulation@modulation                            cstackBANK0  000060
RADIO_SetOutputPower@power                                cstackBANK0  000060
RADIO_SetSpreadingFactor@spreadingFactor                  cstackBANK0  000060
RADIO_Transmit@buffer                                     cstackBANK0  0000B1
RADIO_Transmit@bufferLen                                  cstackBANK0  0000B3
RADIO_Transmit@i                                          cstackBANK0  0000C1
RADIO_Transmit@regValue                                   cstackBANK0  0000C0
RADIO_TxDone@timeOnAir                                    cstackBANK0  0000E7
RADIO_UnhandledInterrupt@modulation                       cstackBANK0  000064
RADIO_WriteConfiguration@i                                cstackBANK0  0000AB
RADIO_WriteConfiguration@regValue                         cstackBANK0  0000B0
RADIO_WriteConfiguration@symbolTimeout                    cstackBANK0  0000A6
RADIO_WriteConfiguration@tempValue                        cstackBANK0  0000AC
RADIO_WriteFSKBitRate@bitRate                             cstackBANK0  00006D
RADIO_WriteFSKBitRate@num                                 cstackBANK0  000071
RADIO_WriteFSKFrequencyDeviation@frequencyDeviation       cstackBANK0  00006D
RADIO_WriteFSKFrequencyDeviation@num                      cstackBANK0  000071
RADIO_WriteFrequency@frequency                            cstackBANK0  00006D
RADIO_WriteFrequency@num                                  cstackBANK0  000075
RADIO_WriteFrequency@num_mod                              cstackBANK0  000071
RADIO_WriteMode@blocking                                  cstackBANK0  000066
RADIO_WriteMode@currentMode                               cstackBANK0  000069
RADIO_WriteMode@currentModulation                         cstackBANK0  000067
RADIO_WriteMode@dioMapping                                cstackBANK0  000068
RADIO_WriteMode@newMode                                   cstackBANK0  00006A
RADIO_WriteMode@newModulation                             cstackBANK0  000065
RADIO_WriteMode@opMode                                    cstackBANK0  00006B
RADIO_WritePower@ocp                                      cstackBANK0  000064
RADIO_WritePower@paDac                                    cstackBANK0  000065
RADIO_WritePower@power                                    cstackBANK0  000066
Random@max                                                cstackBANK0  0000AD
RxData@dataLength                                         cstackBANK0  000062
RxData@pData                                              cstackBANK0  000060
RxData@status                                             cstackBANK0  000063
SPI2_Exchange8bit@data                                    cstackBANK0  000060
SearchAvailableChannel@channelIndex                       cstackBANK0  0000B0
SearchAvailableChannel@i                                  cstackBANK0  0000BA
SearchAvailableChannel@maxChannels                        cstackBANK0  0000B8
SearchAvailableChannel@randomNumber                       cstackBANK0  0000B9
SearchAvailableChannel@randomNumberCopy                   cstackBANK0  0000B6
SearchAvailableChannel@result                             cstackBANK0  0000B7
SearchAvailableChannel@transmissionType                   cstackBANK0  0000AF
SelectChannelForTransmission@channelIndex                 cstackBANK0  0000BD
SelectChannelForTransmission@result                       cstackBANK0  0000BC
SelectChannelForTransmission@transmissionType             cstackBANK0  0000BB
StartReTxTimer@i                                          cstackBANK0  0000A2
StartReTxTimer@minim                                      cstackBANK0  00009E
SwTimerCreate@retVal                                      cstackBANK0  000060
SwTimerIsRunning@isRunning                                cstackBANK0  000061
SwTimerIsRunning@timerId                                  cstackBANK0  000060
SwTimerReadValue@ticksCount                               cstackBANK0  000095
SwTimerReadValue@timerId                                  cstackBANK0  000099
SwTimerSetCallback@callback                               cstackBANK0  000060
SwTimerSetCallback@callbackParameter                      cstackBANK0  000062
SwTimerSetCallback@timerId                                cstackBANK0  000063
SwTimerSetTimeout@timeout                                 cstackBANK0  00006D
SwTimerSetTimeout@timerId                                 cstackBANK0  000075
SwTimerStart@ticksRemaining                               cstackBANK0  000095
SwTimerStart@timerId                                      cstackBANK0  000099
SwTimerStop@timerId                                       cstackBANK0  000060
SwTimersExecute@i                                         cstackBANK0  0000DE
SwTimersInterrupt@i                                       cstackBANK0  000090
SwTimersInterrupt@ticksToNextTimerEvent                   cstackBANK0  00008C
SwTimersInterrupt@timeElapsed                             cstackBANK0  000088
SystemBlockingWaitMs@ms                                   cstackBANK0  000060
TMR1_ReadTimer@readVal                                    cstackBANK0  000064
TMR1_ReadTimer@readValHigh                                cstackBANK0  000066
TMR1_ReadTimer@readValLow                                 cstackBANK0  000067
TMR1_SetInterruptHandler@InterruptHandler                 cstackBANK0  000060
TMR1_WriteTimer@timerVal                                  cstackBANK0  000060
TMR_GetDeltaTime@retVal                                   bssBANK1     000114
TMR_GetDeltaTime@tmrVal                                   bssBANK1     00011C
TMR_OverrideRemaining@oldReloadVal                        cstackBANK0  000072
TMR_OverrideRemaining@ticksRemaining                      cstackBANK0  00006A
TMR_OverrideRemaining@tmrVal                              cstackBANK0  000070
TMR_SwapTimer@oldVal                                      bssBANK1     00011A
TMR_SwapTimer@retVal                                      bssBANK1     000118
TMR_SwapTimer@timerVal                                    cstackBANK0  000068
UpdateCfList@bufferLength                                 cstackBANK0  0000A8
UpdateCfList@channelIndex                                 cstackBANK0  0000AD
UpdateCfList@frequency                                    cstackBANK0  0000A9
UpdateCfList@i                                            cstackBANK0  0000AE
UpdateCfList@joinAccept                                   cstackBANK0  0000A6
UpdateChannelIdStatus@channelId                           cstackBANK0  000062
UpdateChannelIdStatus@i                                   cstackBANK0  000063
UpdateChannelIdStatus@statusNew                           cstackBANK0  000060
UpdateCurrentDataRate@valueNew                            cstackBANK0  000060
UpdateDLSettings@dlRx1DrOffset                            cstackBANK0  000060
UpdateDLSettings@dlRx2Dr                                  cstackBANK0  000061
UpdateDataRange@channelId                                 cstackBANK0  000062
UpdateDataRange@dataRangeNew                              cstackBANK0  000060
UpdateDataRange@i                                         cstackBANK0  000063
UpdateDutyCycle@channelId                                 cstackBANK0  000062
UpdateDutyCycle@dutyCycleNew                              cstackBANK0  000060
UpdateFrequency@channelId                                 cstackBANK0  000064
UpdateFrequency@frequencyNew                              cstackBANK0  000060
UpdateJoinInProgress@state                                cstackBANK0  000060
UpdateMinMaxChDataRate@i                                  cstackBANK0  000061
UpdateReceiveDelays@delay                                 cstackBANK0  000066
UpdateReceiveWindow2Parameters@dataRate                   cstackBANK0  000064
UpdateReceiveWindow2Parameters@frequency                  cstackBANK0  000060
UpdateTxPower@txPowerNew                                  cstackBANK0  000060
ValidateChannelId@allowedForDefaultChannels               cstackBANK0  000060
ValidateChannelId@channelId                               cstackBANK0  000062
ValidateChannelId@result                                  cstackBANK0  000061
ValidateChannelMask@channelMask                           cstackBANK0  000060
ValidateChannelMask@i                                     cstackBANK0  000064
ValidateChannelMaskCntl@channelMaskCntl                   cstackBANK0  000061
ValidateChannelMaskCntl@result                            cstackBANK0  000060
ValidateDataRange@dataRangeNew                            cstackBANK0  000063
ValidateDataRange@dataRateMax                             cstackBANK0  000064
ValidateDataRange@dataRateMin                             cstackBANK0  000065
ValidateDataRange@result                                  cstackBANK0  000062
ValidateDataRate@dataRate                                 cstackBANK0  000060
ValidateDataRate@result                                   cstackBANK0  000061
ValidateFrequency@frequencyNew                            cstackBANK0  000060
ValidateFrequency@result                                  cstackBANK0  000064
ValidateRxOffset@result                                   cstackBANK0  000061
ValidateRxOffset@rxOffset                                 cstackBANK0  000060
ValidateTxPower@result                                    cstackBANK0  000060
ValidateTxPower@txPowerNew                                cstackBANK0  000061
_ADCON0                                                   (abs)        000FC2
_ADCON0bits                                               (abs)        000FC2
_ADCON1                                                   (abs)        000FC1
_ADCON2                                                   (abs)        000FC0
_ADC_Initialize                                           text31       008B32
_ADRESH                                                   (abs)        000FC4
_ADRESL                                                   (abs)        000FC3
_AESCmac                                                  text152      0021F0
_AESEncode                                                text156      0028FE
_AESEncode$509                                            cstackBANK0  000072
_AESEncode$510                                            cstackBANK0  000074
_AESEncode$511                                            cstackBANK0  000076
_AESEncodeLoRa                                            text155      00840A
_ANSELA                                                   (abs)        000F38
[...]
      Params:         0       0       0       0       0       0       0       0       0       0       0       0       0       0       0       0       0
      Locals:         0       0       0       0       0       0       0       0       0       0       0       0       0       0       0       0       0
      Temps:          0       0       0       0       0       0       0       0       0       0       0       0       0       0       0       0       0
      Totals:         0       0       0       0       0       0       0       0       0       0       0       0       0       0       0       0       0
Total ram usage:        0 bytes
 Hardware stack levels used:    1
 Hardware stack levels required when called:    1
 This function calls:
		Absolute function
		_DIO0_ISR_Lora
		_INT1_DefaultInterruptHandler
 This function is called by:
		_INT1_ISR
 This function uses a non-reentrant model


 *************** function _DIO0_ISR_Lora *****************
 Defined at:
		line 63 in file "mcc_generated_files/LoRaWAN/interrupt_manager_lora_addons.c"
 Parameters:    Size  Location     Type
		None
 Auto vars:     Size  Location     Type
		None
 Return value:  Size  Location     Type
                  1    wreg      void 
 Registers used:
		status,2, status,0
 Tracked objects:
		On entry : 
		On exit  : 
		Unchanged: 
 Data sizes:     COMRAM   BANK0   BANK1   BANK2   BANK3   BANK4   BANK5   BANK6   BANK7   BANK8   BANK9  BANK10  BANK11  BANK12  BANK13  BANK14  BANK15
      Params:         0       0       0       0       0       0       0       0       0       0       0       0       0       0       0       0       0
      Locals:         0       0       0       0       0       0       0       0       0       0       0       0       0       0       0       0       0
      Temps:          0       0       0       0       0       0       0       0       0       0       0       0       0       0       0       0       0
      Totals:         0       0       0       0       0       0       0       0       0       0       0       0       0       0       0       0       0
Total ram usage:        0 bytes
 Hardware stack levels used:    1
 This function calls:
		Nothing
 This function is called by:
		_DIO0_ISR_Lora_Init
		_INT1_CallBack
 This function uses a non-reentrant model


 *************** function _INT1_DefaultInterruptHandler *****************
 Defined at:
		line 55 in file "mcc_generated_files/ext_int.c"
 Parameters:    Size  Location     Type
		None
 Auto vars:     Size  Location     Type
		None
 Return value:  Size  Location     Type
                  1    wreg      void 
 Registers used:
		None
 Tracked objects:
		On entry : 
		On exit  : 
		Unchanged: 
 Data sizes:     COMRAM   BANK0   BANK1   BANK2   BANK3   BANK4   BANK5   BANK6   BANK7   BANK8   BANK9  BANK10  BANK11  BANK12  BANK13  BANK14  BANK15
      Params:         0       0       0       0       0       0       0       0       0       0       0       0       0       0       0       0       0
      Locals:         0       0       0       0       0       0       0       0       0       0       0       0       0       0       0       0       0
      Temps:          0       0       0       0       0       0       0       0       0       0       0       0       0       0       0       0       0
      Totals:         0       0       0       0       0       0       0       0       0       0       0       0       0       0       0       0       0
Total ram usage:        0 bytes
 Hardware stack levels used:    1
 This function calls:
		Nothing
 This function is called by:
		_EXT_INT_Initialize
		_INT1_CallBack
 This function uses a non-reentrant model



MODULE INFORMATION

Module		Function		Class		Link	Load	Size
mcc_generated_files/LoRaWAN/lorawan.c
		_UpdateReceiveWindow2Parameters		CODE           	8B48	0000	23
		_ExecuteRxTimingSetup		CODE           	877A	0000	41
		_ComputeMic    		CODE           	7932	0000	99
		_SetReceptionNotOkState		CODE           	746E	0000	127
		_PrepareJoinRequestFrame		CODE           	4992	0000	401
		_LORAWAN_ReceiveWindow2Callback		CODE           	666C	0000	217
		_LORAWAN_LinkCheckConfigure		CODE           	5246	0000	351
		_LORAWAN_SetApplicationSessionKey		CODE           	8622	0000	47
		_CountfOptsLength		CODE           	68EA	0000	203
		_AssembleEncryptionBlock		CODE           	6012	0000	245
		_UpdateCurrentDataRate		CODE           	8CDE	0000	11
		_UnconfirmedTransmissionCallback		CODE           	756A	0000	121
		_LORAWAN_SetNetworkSessionKey		CODE           	85F4	0000	47
		_MacExecuteCommands		CODE           	2F4E	0000	759
		_IncludeMacCommandsResponse		CODE           	19DE	0000	1123
		_LORAWAN_GetMaxPayloadSize		CODE           	7A58	0000	97
		_CheckMcastFlags		CODE           	73EC	0000	131
		_SetJoinFailState		CODE           	8506	0000	49
		_AckRetransmissionCallback		CODE           	5AFA	0000	287
		_PrepareSessionKeys		CODE           	6BDA	0000	173
		_UpdateMinMaxChDataRate		CODE           	5F18	0000	251
		_EncryptFRMPayload		CODE           	428A	0000	473
		_ResetParametersForUnconfirmedTransmission		CODE           	8B5E	0000	21
		_AutomaticReplyCallback		CODE           	881A	0000	39
		_ResetParametersForConfirmedTransmission		CODE           	8BAC	0000	19
		_FindSmallestDataRate		CODE           	64B0	0000	223
		_LORAWAN_SetDeviceAddress		CODE           	8AEA	0000	25
		_UpdateTxPower 		CODE           	8CD4	0000	11
		_CheckFlags    		CODE           	7B76	0000	95
		_ExtractMic    		CODE           	7C8A	0000	91
		_LORAWAN_ReceiveWindow1Callback		CODE           	6A6E	0000	185
		_LORAWAN_Send  		CODE           	6818	0000	211
		_LORAWAN_Join  		CODE           	6D2E	0000	165
		_ConfigureRadioRx		CODE           	8728	0000	43
		_UpdateReceiveDelays		CODE           	82CE	0000	67
		_ComputeSessionKeys		CODE           	72E2	0000	135
		_LORAWAN_LinkCheckCallback		CODE           	4CA4	0000	365
		_UpdateJoinSuccessState		CODE           	563E	0000	319
		_LORAWAN_EnterContinuousReceive		CODE           	74EC	0000	127
		_ExecuteLinkCheck		CODE           	84A4	0000	51
		_LORAWAN_Mainloop		CODE           	8390	0000	63
		_AssemblePacket		CODE           	1E40	0000	945
		_UpdateRetransmissionAckTimeoutState		CODE           	75E2	0000	115
		_Random        		CODE           	88A8	0000	35
		_LORAWAN_RxDone		CODE           	0086	0000	3239
		_UpdateJoinInProgress		CODE           	8A9E	0000	27

mcc_generated_files/LoRaWAN/lorawan.c estimated size: 11892

mcc_generated_files/LoRaWAN/interrupt_manager_lora_addons.c
		_INTERRUPT_GetDioStatus		CODE           	8B72	0000	21
		_DIO0_ISR_Lora 		CODE           	8D82	0000	7
		_DIO1_ISR_Lora 		CODE           	8D7C	0000	7
		_DIO2_ISR_Lora 		CODE           	8D76	0000	7

mcc_generated_files/LoRaWAN/interrupt_manager_lora_addons.c estimated size: 42

mcc_generated_files/LoRaWAN/lorawan_aes.c
		_AESEncodeLoRa 		CODE           	840A	0000	55

mcc_generated_files/LoRaWAN/lorawan_aes.c estimated size: 55

C:\Program Files (x86)\Microchip\xc8\v1.45\sources\common\doprnt.c
		_printf        		CODE           	84D6	0000	49

C:\Program Files (x86)\Microchip\xc8\v1.45\sources\common\doprnt.c estimated size: 49

C:\Program Files (x86)\Microchip\xc8\v1.45\sources\common\abdiv.c
		___abdiv       		CODE           	7866	0000	103

C:\Program Files (x86)\Microchip\xc8\v1.45\sources\common\abdiv.c estimated size: 103

mcc_generated_files/LoRaWAN/sw_timer.c
		_SwTimerStop   		CODE           	87F2	0000	41
		_SwTimerStart  		CODE           	6E76	0000	151
		_TMR_GetDeltaTime		CODE           	47FA	0000	409
		_SwTimerReadValue		CODE           	8350	0000	65
		_SwTimerIsRunning		CODE           	86FE	0000	43
		_SwTimerCreate 		CODE           	7032	0000	141
		_TMR_OverrideRemaining		CODE           	6F0C	0000	151
		_TMR_SwapTimer 		CODE           	7FD4	0000	75
		_SwTimerSetCallback		CODE           	8202	0000	69
		_SwTimerSetTimeout		CODE           	8246	0000	69
		_SwTimersInterrupt		CODE           	5C18	0000	259
		_SystemBlockingWaitMs		CODE           	8566	0000	49
		_SwTimersExecute		CODE           	62E6	0000	231
		_SystemTimerInit		CODE           	8D4C	0000	9

mcc_generated_files/LoRaWAN/sw_timer.c estimated size: 1762

mcc_generated_files/interrupt_manager.c
		_INTERRUPT_Initialize		CODE           	8D8C	0000	5
		_INTERRUPT_InterruptManager		CODE           	0008	0000	119

mcc_generated_files/interrupt_manager.c estimated size: 124

C:\Program Files (x86)\Microchip\xc8\v1.45\sources\common\Umul16.c
		___wmul        		CODE           	87A2	0000	41

C:\Program Files (x86)\Microchip\xc8\v1.45\sources\common\Umul16.c estimated size: 41

mcc_generated_files/pin_manager.c
		_IOCB4_DefaultInterruptHandler		CODE           	8DAC	0000	3
		_PIN_MANAGER_Initialize		CODE           	7DE8	0000	85
		_PIN_MANAGER_IOC		CODE           	8D42	0000	11
		_IOCB4_SetInterruptHandler		CODE           	8C98	0000	11
		_IOCB4_ISR     		CODE           	89CC	0000	33

mcc_generated_files/pin_manager.c estimated size: 143

C:\Program Files (x86)\Microchip\xc8\v1.45\sources\common\memcpy.c
		_memcpy        		CODE           	7AB8	0000	97

C:\Program Files (x86)\Microchip\xc8\v1.45\sources\common\memcpy.c estimated size: 97

C:\Program Files (x86)\Microchip\xc8\v1.45\sources\common\lwmod.c
		___lwmod       		CODE           	81BE	0000	69

C:\Program Files (x86)\Microchip\xc8\v1.45\sources\common\lwmod.c estimated size: 69

mcc_generated_files/adc.c
		_ADC_Initialize		CODE           	8B32	0000	23

mcc_generated_files/adc.c estimated size: 23

mcc_generated_files/LoRaWAN/lorawan_init.c
		_DIO0_ISR_Lora_Init		CODE           	8C00	0000	17
		_DIO1_ISR_Lora_Init		CODE           	8BF0	0000	17
		_DIO2_ISR_Lora_Init		CODE           	8BE0	0000	17
		_DIO3_ISR_Lora_Init		CODE           	8DA4	0000	3
		_DIO4_ISR_Lora_Init		CODE           	8DA2	0000	3
		_LORAWAN_PlatformInit		CODE           	8864	0000	35
		_DIO5_ISR_Lora_Init		CODE           	8DA0	0000	3

mcc_generated_files/LoRaWAN/lorawan_init.c estimated size: 95

mcc_generated_files/LoRaWAN/radio_driver_hal.c
		_HALDIO5PinValue		CODE           	8C82	0000	13
		_HALResetPinMakeInput		CODE           	8D9C	0000	5
		_HALResetPinMakeOutput		CODE           	8D98	0000	5
		_HALResetPinOutputValue		CODE           	8AB8	0000	27
		_HALSPISend    		CODE           	8C68	0000	15
		_HALSPICSDeassert		CODE           	8D90	0000	5
		_HALSPICSAssert		CODE           	8D94	0000	5

mcc_generated_files/LoRaWAN/radio_driver_hal.c estimated size: 75

C:\Program Files (x86)\Microchip\xc8\v1.45\sources\common\llmod.c
		___llmod       		CODE           	77FE	0000	105

C:\Program Files (x86)\Microchip\xc8\v1.45\sources\common\llmod.c estimated size: 105

mcc_generated_files/LoRaWAN/lorawan_aes_cmac.c
		_GenerateSubkey		CODE           	54F2	0000	333
		_AESCmac       		CODE           	21F0	0000	939
		_FillSubKey    		CODE           	7994	0000	99

mcc_generated_files/LoRaWAN/lorawan_aes_cmac.c estimated size: 1371

C:\Program Files (x86)\Microchip\xc8\v1.45\sources\common\Umul32.c
		___lmul        		CODE           	7CE4	0000	89

C:\Program Files (x86)\Microchip\xc8\v1.45\sources\common\Umul32.c estimated size: 89

C:\Program Files (x86)\Microchip\xc8\v1.45\sources\common\rand.c
		_srand         		CODE           	8C20	0000	17
		_rand          		CODE           	7BD4	0000	93

C:\Program Files (x86)\Microchip\xc8\v1.45\sources\common\rand.c estimated size: 110

mcc_generated_files/LoRaWAN/radio_driver_SX1276.c
		_RADIO_ReceiveStart		CODE           	3C58	0000	561
		_RADIO_Init    		CODE           	4630	0000	459
		_RADIO_SetSpreadingFactor		CODE           	8D10	0000	11
		_RADIO_WriteConfiguration		CODE           	14DE	0000	1281
		_RADIO_RxFSKTimeout		CODE           	83CE	0000	61
		_RADIO_WriteFSKBitRate		CODE           	7796	0000	105
		_RADIO_WriteMode		CODE           	5E1A	0000	255
		_RADIO_Reset   		CODE           	80F0	0000	71
		_RADIO_GetStatus		CODE           	8D6A	0000	7
		_RADIO_RxDone  		CODE           	63CC	0000	229
		_RADIO_WriteFSKFrequencyDeviation		CODE           	772C	0000	107
		_RADIO_GetPacketSnr		CODE           	8D64	0000	7
		_RADIO_SetModulation		CODE           	8D1A	0000	11
		_RADIO_RegisterWrite		CODE           	894C	0000	33
		_RADIO_ReadRandom		CODE           	6DD2	0000	165
		_RADIO_ReleaseData		CODE           	8D70	0000	7
		_RADIO_FSKPacketSent		CODE           	577C	0000	303
		_RADIO_RegisterRead		CODE           	87CA	0000	41
		_RADIO_SetBandwidth		CODE           	8D2E	0000	11
		_RADIO_ReceiveStop		CODE           	892C	0000	33
		_RADIO_DIO0    		CODE           	6FA2	0000	145
		_RADIO_DIO1    		CODE           	7F86	0000	79
		_RADIO_DIO2    		CODE           	7D3C	0000	87
		_RADIO_DIO3    		CODE           	8886	0000	35
		_RADIO_DIO4    		CODE           	8440	0000	51
		_RADIO_DIO5    		CODE           	8752	0000	41
		_RADIO_FHSSChangeChannel		CODE           	8310	0000	65
		_RADIO_TxDone  		CODE           	59D4	0000	295
		_RADIO_SetFrequencyHopPeriod		CODE           	8D24	0000	11
		_RADIO_FSKPayloadReady		CODE           	6B26	0000	181
		_RADIO_SetLoRaSyncWord		CODE           	8D38	0000	11
		_RADIO_SetIQInverted		CODE           	8CFC	0000	11
		_RADIO_SetFSKSyncWord		CODE           	8536	0000	49
		_RADIO_RxTimeout		CODE           	8650	0000	47
		_RADIO_WritePower		CODE           	6106	0000	241
		_RADIO_SetOutputPower		CODE           	8CF2	0000	11
		_RADIO_WatchdogTimeout		CODE           	8064	0000	71
		_RADIO_SetChannelFrequency		CODE           	70BE	0000	139
		_RADIO_Transmit		CODE           	3A20	0000	569
		_RADIO_UnhandledInterrupt		CODE           	8472	0000	51
		_RADIO_SetCRC  		CODE           	8D06	0000	11
		_RADIO_WriteFrequency		CODE           	61F6	0000	241

mcc_generated_files/LoRaWAN/radio_driver_SX1276.c estimated size: 6200

mcc_generated_files/ext_int.c
		_INT1_SetInterruptHandler		CODE           	8CAC	0000	11
		_EXT_INT_Initialize		CODE           	86AA	0000	43
		_INT2_SetInterruptHandler		CODE           	8CA2	0000	11
		_INT1_DefaultInterruptHandler		CODE           	8DB0	0000	3
		_INT1_CallBack 		CODE           	8A0C	0000	33
		_INT2_DefaultInterruptHandler		CODE           	8DAE	0000	3
		_INT2_CallBack 		CODE           	89EC	0000	33
		_INT1_ISR      		CODE           	8D5C	0000	9
		_INT2_ISR      		CODE           	8D54	0000	9

mcc_generated_files/ext_int.c estimated size: 155

mcc_generated_files/LoRaWAN/tmr_lora_addons.c
		_TMR_ISR_Lora_Init		CODE           	8BD0	0000	17
		_TMR_ISR_lora  		CODE           	7D92	0000	87

mcc_generated_files/LoRaWAN/tmr_lora_addons.c estimated size: 104

mcc_generated_files/tmr5.c
		_TMR5_HasOverflowOccured		CODE           	8C76	0000	13
		_TMR5_Initialize		CODE           	8A2C	0000	31

mcc_generated_files/tmr5.c estimated size: 44

shared
		_spreadingFactor		MEDIUMCONST    	FF77	0000	8
		_maxPayloadSize		MEDIUMCONST    	FF59	0000	9
		_DefaultChannels433		MEDIUMCONST    	FF8A	0000	43
		_FskSyncWordBuff		MEDIUMCONST    	FFDE	0000	4
		_rxWindowSize  		MEDIUMCONST    	FF61	0000	9
		i2_TMR_SwapTimer		CODE           	828A	0000	69
		i2_TMR1_ReadTimer		CODE           	89AC	0000	33
		_DefaultChannels868		MEDIUMCONST    	FFB4	0000	43
		_macEndDevCmdReplyLen		MEDIUMCONST    	FF69	0000	8
		__initialization		CODE           	69B4	0000	181
		_txPower433    		MEDIUMCONST    	0000	0000	0
		_txPower868    		MEDIUMCONST    	FF84	0000	7
		i2_TMR1_WriteTimer		CODE           	8A82	0000	29
		_rxWindowOffset		MEDIUMCONST    	FF51	0000	9
		_STable        		MEDIUMCONST    	FE49	0000	257
		_modulation    		MEDIUMCONST    	FF49	0000	9
		i2_SwTimersInterrupt		CODE           	5D1A	0000	257
		_bandwidth     		MEDIUMCONST    	FF70	0000	8
		i2_TMR_GetDeltaTime		CODE           	4E10	0000	365

shared estimated size: 1348

mcc_generated_files/eusart1.c
		_EUSART1_Initialize		CODE           	801E	0000	71
		_putch         		CODE           	8C30	0000	15
		_EUSART1_SetFramingErrorHandler		CODE           	8CC0	0000	11
		_EUSART1_SetOverrunErrorHandler		CODE           	8CB6	0000	11
		_EUSART1_SetErrorHandler		CODE           	8CCA	0000	11
		_EUSART1_Write 		CODE           	8C3E	0000	15

mcc_generated_files/eusart1.c estimated size: 134

mcc_generated_files/LoRaWAN/lorawan_eu.c
		_ExecuteNewChannel		CODE           	37B0	0000	625
		_ExecuteLinkAdr		CODE           	3244	0000	713
		_UpdateDataRange		CODE           	53A4	0000	335
		_UpdateDutyCycle		CODE           	817A	0000	69
		_ValidateChannelMaskCntl		CODE           	890C	0000	33
		_LORAWAN_RxTimeout		CODE           	259A	0000	869
		_ValidateChannelId		CODE           	8840	0000	37
		_InitDefault433Channels		CODE           	71D2	0000	139
		_DutyCycleCallback		CODE           	2C48	0000	775
		_InitDefault868Channels		CODE           	7148	0000	139
		_SelectChannelForTransmission		CODE           	76C0	0000	109
		_ValidateChannelMask		CODE           	7B18	0000	95
		_ValidateDataRate		CODE           	8B1A	0000	25
		_ValidateRxOffset		CODE           	8B02	0000	25
		_ValidateDataRange		CODE           	80AA	0000	71
		_SetCallbackSoftwareTimers		CODE           	658E	0000	223
		_StartReTxTimer		CODE           	4B22	0000	387
		_SearchAvailableChannel		CODE           	58AA	0000	299
		_EnableChannels		CODE           	8A66	0000	29
		_UpdateFrequency		CODE           	8136	0000	69
		_ValidateFrequency		CODE           	78CC	0000	103
		_EnableChannels1		CODE           	7654	0000	109
		_ExecuteRxParamSetupReq		CODE           	3E88	0000	533
		_UpdateDLSettings		CODE           	8A4A	0000	29
		_GetRx1Freq    		CODE           	8B9A	0000	19
		_ValidateTxPower		CODE           	86D4	0000	43
		_LORAWAN_Init  		CODE           	79F6	0000	99
		_ConfigureRadioTx		CODE           	7E90	0000	83
		_LORAWAN_Reset 		CODE           	4462	0000	463
		_ExecuteDutyCycle		CODE           	7E3C	0000	85
		_UpdateCfList  		CODE           	409C	0000	495
		_LORAWAN_SetChannelIdStatus		CODE           	7C30	0000	91
		_StopAllSoftwareTimers		CODE           	7EE2	0000	83
		_UpdateChannelIdStatus		CODE           	4F7C	0000	359
		_ConfigureRadio		CODE           	6C86	0000	169
		_LORAWAN_TxDone		CODE           	0D2C	0000	1971
		_ExecuteDevStatus		CODE           	8CE8	0000	11
		_CreateAllSoftwareTimers		CODE           	7F34	0000	83

mcc_generated_files/LoRaWAN/lorawan_eu.c estimated size: 9894

mcc_generated_files/mcc.c
		_OSCILLATOR_Initialize		CODE           	8C5A	0000	15
		_SYSTEM_Initialize		CODE           	85C6	0000	47

mcc_generated_files/mcc.c estimated size: 62

mcc_generated_files/tmr1.c
		_TMR1_Initialize		CODE           	867E	0000	45
		_TMR1_SetInterruptHandler		CODE           	8C8E	0000	11
		_TMR1_DefaultInterruptHandler		CODE           	8DAA	0000	3
		_TMR1_CallBack 		CODE           	898C	0000	33
		_TMR1_WriteTimer		CODE           	896C	0000	33
		_TMR1_ReadTimer		CODE           	88CA	0000	35
		_TMR1_ISR      		CODE           	8B86	0000	21

mcc_generated_files/tmr1.c estimated size: 181

C:\Program Files (x86)\Microchip\xc8\v1.45\sources\common\awdiv.c
		___awdiv       		CODE           	725C	0000	135

C:\Program Files (x86)\Microchip\xc8\v1.45\sources\common\awdiv.c estimated size: 135

mcc_generated_files/LoRaWAN/AES.c
		_AESEncode     		CODE           	28FE	0000	843
		_EncKeySchedule		CODE           	350C	0000	677
		_EncodeShiftRow		CODE           	50E2	0000	357

mcc_generated_files/LoRaWAN/AES.c estimated size: 1877

C:\Program Files (x86)\Microchip\xc8\v1.45\sources\common\lldiv.c
		___lldiv       		CODE           	7368	0000	133

C:\Program Files (x86)\Microchip\xc8\v1.45\sources\common\lldiv.c estimated size: 133

mcc_generated_files/spi2.c
		_SPI2_Exchange8bit		CODE           	8BBE	0000	19
		_SPI2_Initialize		CODE           	8C4C	0000	15

mcc_generated_files/spi2.c estimated size: 34

mcc_generated_files/ccp5.c
		_CCP5_Initialize		CODE           	8C10	0000	17

mcc_generated_files/ccp5.c estimated size: 17

main.c
		_RxData        		CODE           	8DA8	0000	3
		_main          		CODE           	6744	0000	213
		_RxJoinResponse		CODE           	8DA6	0000	3

main.c estimated size: 219

C:\Program Files (x86)\Microchip\xc8\v1.45\sources\common\memset.c
		_memset        		CODE           	8596	0000	49

C:\Program Files (x86)\Microchip\xc8\v1.45\sources\common\memset.c estimated size: 49

