Microchip MPLAB XC8 Compiler V1.45 ()

Linker command line:

-W-3 --edf=C:\Program Files (x86)\Microchip\xc8\v1.45\dat\en_msgs.txt -cs \
  -h+dist/default/debug\usart.X.debug.sym \
  --cmf=dist/default/debug\usart.X.debug.cmf -z -Q18LF46K22 \
  -oC:\Users\Lenovo\AppData\Local\Temp\s1h8.2 \
  -Mdist/default/debug/usart.X.debug.map -E1 -ver=XC8 -ASTACK=079Eh-0f37h \
  -pstack=STACK -ACODE=00h-0FFFFh -ACONST=00h-0FFFFh \
  -ASMALLCONST=01000h-010FFhx240 -AMEDIUMCONST=01000h-0FFFFh \
  -ACOMRAM=01h-05Fh -AABS1=00h-0F37h -ABIGRAM=01h-0F37h \
  -ARAM=060h-0FFh,0100h-01FFhx14,0F00h-0F37h -ABANK0=060h-0FFh \
  -ABANK1=0100h-01FFh -ABANK2=0200h-02FFh -ABANK3=0300h-03FFh \
  -ABANK4=0400h-04FFh -ABANK5=0500h-05FFh -ABANK6=0600h-06FFh \
  -ABANK7=0700h-07FFh -ABANK8=0800h-08FFh -ABANK9=0900h-09FFh \
  -ABANK10=0A00h-0AFFh -ABANK11=0B00h-0BFFh -ABANK12=0C00h-0CFFh \
  -ABANK13=0D00h-0DFFh -ABANK14=0E00h-0EFFh -ABANK15=0F00h-0F37h \
  -ASFR=0F38h-0F5Fh,0F60h-0FFCh \
  -preset_vec=00h,intcode=08h,intcodelo,powerup,init -pramtop=01000h \
  -psmallconst=SMALLCONST -pmediumconst=MEDIUMCONST -pconst=CONST \
  -AFARRAM=00h-00h -ACONFIG=0300000h-030000Dh -pconfig=CONFIG \
  -AIDLOC=0200000h-0200007h -pidloc=IDLOC -AEEDATA=0F00000h-0F003FFh \
  -peeprom_data=EEDATA \
  -prdata=COMRAM,nvrram=COMRAM,nvbit=COMRAM,rbss=COMRAM,rbit=COMRAM \
  -pfarbss=FARRAM,fardata=FARRAM,nvFARRAM=FARRAM \
  -pintsave_regs=BIGRAM,bigbss=BIGRAM,bigdata=BIGRAM -pbss=RAM \
  -pidata=CODE,irdata=CODE,ibigdata=CODE,ifardata=CODE -prparam=COMRAM \
  C:\Users\Lenovo\AppData\Local\Temp\s1h8.obj \
  dist/default/debug\usart.X.debug.obj 

Object code version is 3.11

Machine type is 18LF46K22

Call graph: (short form)




                Name                               Link     Load   Length Selector   Space Scale
C:\Users\Lenovo\AppData\Local\Temp\s1h8.obj
                stack                               79E      79E      79A      79E       2
                init                                 CC       CC        8        4       0
                reset_vec                             0        0        6        0       0
                idloc                            200000   200000        8   200000       0
                config                           300000   300000        E   300000       0
dist/default/debug\usart.X.debug.obj
                intcode                               8        8       C4        4       0
                temp                                 3E       3E        C        1       1
                mediumconst                        FE66     FE66      19A     7F33       0
                text232                            90AA     90AA       26        4       0
                text231                            95C8     95C8        6        4       0
                text230                            95FC     95FC        2        4       0
                text229                            95C2     95C2        6        4       0
                text228                            8822     8822       4A        4       0
                text227                            80D0     80D0       64        4       0
                text226                            3DBC     3DBC      266        4       0
                text225                            8DDC     8DDC       30        4       0
                text224                            95FA     95FA        2        4       0
                text223                            95BC     95BC        6        4       0
                text222                            927C     927C       20        4       0
                text221                            9596     9596        8        4       0
                text220                            95F8     95F8        2        4       0
                text219                            95B6     95B6        6        4       0
                text218                            925C     925C       20        4       0
                text217                            958E     958E        8        4       0
                text216                            95F6     95F6        2        4       0
                text215                            95B0     95B0        6        4       0
                text214                            923C     923C       20        4       0
                text213                            957C     957C        A        4       0
                text212                            921C     921C       20        4       0
                text211                            53DA     53DA      16C        4       0
                text210                            62E8     62E8      100        4       0
                text209                            92F2     92F2       1C        4       0
                text208                            8A92     8A92       44        4       0
                text207                            853E     853E       58        4       0
                text206                            95F4     95F4        2        4       0
                text205                            91FC     91FC       20        4       0
                text204                            93C8     93C8       14        4       0
                text202                            8BD6     8BD6       3E        4       0
                text201                            76DA     76DA       90        4       0
                text200                            8738     8738       52        4       0
                text199                            82BA     82BA       60        4       0
                text198                            8DAC     8DAC       30        4       0
                text197                            787E     787E       8A        4       0
                text196                            77F4     77F4       8A        4       0
                text195                            8A4E     8A4E       44        4       0
                text194                            915A     915A       22        4       0
                text193                            4C24     4C24      1AC        4       0
                text192                            61E2     61E2      106        4       0
                text191                            91DC     91DC       20        4       0
                text190                            87D8     87D8       4A        4       0
                text189                            7518     7518       9C        4       0
                text188                            75B4     75B4       96        4       0
                text187                            9036     9036       28        4       0
                text186                            7A14     7A14       84        4       0
                text185                            84E6     84E6       58        4       0
                text184                            5810     5810      15E        4       0
                text183                            95E6     95E6        4        4       0
                text182                            95E2     95E2        4        4       0
                text181                            9328     9328       1A        4       0
                text180                            8D7C     8D7C       30        4       0
                text179                            88F8     88F8       46        4       0
                text178                            95DE     95DE        4        4       0
                text177                            95DA     95DA        4        4       0
                text176                            9400     9400       12        4       0
                text175                            948E     948E        E        4       0
                text174                            91BC     91BC       20        4       0
                text173                            7F9C     7F9C       68        4       0
                text172                            67C4     67C4       F0        4       0
                text171                            94A8     94A8        C        4       0
                text170                            900E     900E       28        4       0
                text169                            63E8     63E8       FE        4       0
                text168                            8A0A     8A0A       44        4       0
                text167                            4A5A     4A5A      1CA        4       0
                text166                            9572     9572        A        4       0
                text165                            86E6     86E6       52        4       0
                text164                            64E6     64E6       FA        4       0
                text163                            488C     488C      1CE        4       0
                text162                            7474     7474       A4        4       0
                text161                            6C42     6C42       DE        4       0
                text160                            9462     9462       10        4       0
                text159                            81F8     81F8       62        4       0
                text158                            38A8     38A8      2A4        4       0
                text157                            56AC     56AC      164        4       0
                text156                            2C9A     2C9A      34A        4       0
                text155                            8C50     8C50       36        4       0
                text154                            8196     8196       62        4       0
                text153                            5ABC     5ABC      14C        4       0
                text152                            223E     223E      3AA        4       0
                text151                            8134     8134       62        4       0
                text150                            89C6     89C6       44        4       0
                text149                            83D6     83D6       5C        4       0
                text148                            9138     9138       22        4       0
                text147                            4DD0     4DD0      190        4       0
                text146                            7F34     7F34       68        4       0
                text145                            7ECA     7ECA       6A        4       0
                text144                            66D4     66D4       F0        4       0
                text143                            152C     152C      500        4       0
                text142                            4022     4022      238        4       0
                text141                            9568     9568        A        4       0
                text140                            776A     776A       8A        4       0
                text139                            8D4C     8D4C       30        4       0
                text138                            955E     955E        A        4       0
                text137                            9554     9554        A        4       0
                text136                            954A     954A        A        4       0
                text135                            7328     7328       A8        4       0
                text134                            9540     9540        A        4       0
                text133                            9536     9536        A        4       0
                text132                            952C     952C        A        4       0
                text131                            8694     8694       52        4       0
                text130                            5E74     5E74      12A        4       0
                text129                            7E5E     7E5E       6C        4       0
                text128                            930E     930E       1A        4       0
                text127                            73D0     73D0       A4        4       0
                text126                            93B4     93B4       14        4       0
                text125                            8F6C     8F6C       2A        4       0
                text124                            425A     425A      230        4       0
                text123                            919C     919C       20        4       0
                text122                            95AA     95AA        6        4       0
                text121                            93EE     93EE       12        4       0
                text120                            93A0     93A0       14        4       0
                text119                            95F2     95F2        2        4       0
                text118                            7C18     7C18       7E        4       0
                text117                            95A4     95A4        6        4       0
                text116                            8F42     8F42       2A        4       0
                text115                            8B58     8B58       40        4       0
                text114                             D7A      D7A      7B2        4       0
                text113                            5D46     5D46      12E        4       0
                text112                            8378     8378       5E        4       0
                text111                            7A98     7A98       82        4       0
                text110                            727C     727C       AC        4       0
                text109                            798E     798E       86        4       0
                text108                            848C     848C       5A        4       0
                text107                            6F98     6F98       CA        4       0
                text106                            65E0     65E0       F4        4       0
                text105                            7908     7908       86        4       0
                text104                            4F60     4F60      18C        4       0
                text103                            6B64     6B64       DE        4       0
                text102                            959E     959E        6        4       0
                text101                            1A2C     1A2C      462        4       0
                text100                            1E8E     1E8E      3B0        4       0
                text99                             825A     825A       60        4       0
                text98                             6DF8     6DF8       D2        4       0
                text97                             9522     9522        A        4       0
                text96                             8640     8640       54        4       0
                text95                             5546     5546      166        4       0
                text94                             7DF2     7DF2       6C        4       0
                text93                             92D6     92D6       1C        4       0
                text92                             9518     9518        A        4       0
                text91                             950E     950E        A        4       0
                text90                             831A     831A       5E        4       0
                text89                             917C     917C       20        4       0
                text88                             9372     9372       18        4       0
                text87                             8F18     8F18       2A        4       0
                text86                             35E0     35E0      2C8        4       0
                text85                             8CEA     8CEA       32        4       0
                text84                             90D0     90D0       24        4       0
                text83                             8432     8432       5A        4       0
                text82                             596E     596E      14E        4       0
                text81                             8982     8982       44        4       0
                text80                             893E     893E       44        4       0
                text79                             88B2     88B2       46        4       0
                text78                             806A     806A       66        4       0
                text77                             3B4C     3B4C      270        4       0
                text76                             938A     938A       16        4       0
                text75                             935A     935A       18        4       0
                text74                             448A     448A      214        4       0
                text73                             8FE6     8FE6       28        4       0
                text72                             8AD6     8AD6       42        4       0
                text71                             8FBE     8FBE       28        4       0
                text70                             32EA     32EA      2F6        4       0
                text69                             95F0     95F0        2        4       0
                text68                             8D1C     8D1C       30        4       0
                text67                             7B9A     7B9A       7E        4       0
                text66                             50EC     50EC      182        4       0
                text65                             469E     469E      1EE        4       0
                text64                             92BA     92BA       1C        4       0
                text63                             7D80     7D80       72        4       0
                text62                               D4       D4      CA6        4       0
                text61                             25E8     25E8      364        4       0
                text60                             711A     711A       B4        4       0
                text59                             8004     8004       66        4       0
                text58                             699E     699E       E4        4       0
                text57                             5F9E     5F9E      126        4       0
                text56                             8CB8     8CB8       32        4       0
                text55                             764A     764A       90        4       0
                text54                             8B18     8B18       40        4       0
                text53                             8E68     8E68       2E        4       0
                text52                             878A     878A       4E        4       0
                text51                             8596     8596       56        4       0
                text50                             9116     9116       22        4       0
                text49                             8C86     8C86       32        4       0
                text48                             8F96     8F96       28        4       0
                text47                             93DC     93DC       12        4       0
                text46                             7C96     7C96       78        4       0
                text45                             8C14     8C14       3C        4       0
                text44                             886C     886C       46        4       0
                text43                             7062     7062       B8        4       0
                text42                             6D20     6D20       D8        4       0
                text41                             526E     526E      16C        4       0
                text40                             60C4     60C4      11E        4       0
                text39                             9084     9084       26        4       0
                text38                             5C08     5C08      13E        4       0
                text37                             2FE4     2FE4      306        4       0
                text36                             68B4     68B4       EA        4       0
                text35                             8B98     8B98       3E        4       0
                text34                             8E3A     8E3A       2E        4       0
                text33                             9342     9342       18        4       0
                text32                             8E0C     8E0C       2E        4       0
                text31                             9504     9504        A        4       0
                text30                             94FA     94FA        A        4       0
                text29                             94F0     94F0        A        4       0
                text28                             94E6     94E6        A        4       0
                text27                             94DC     94DC        A        4       0
                text26                             7B1A     7B1A       80        4       0
                text25                             94D2     94D2        A        4       0
                text24                             94C8     94C8        A        4       0
                text23                             8EEE     8EEE       2A        4       0
                text22                             95D6     95D6        4        4       0
                text21                             9452     9452       10        4       0
                text20                             9442     9442       10        4       0
                text19                             94BE     94BE        A        4       0
                text18                             9432     9432       10        4       0
                text17                             95EE     95EE        2        4       0
                text16                             95EC     95EC        2        4       0
                text15                             95EA     95EA        2        4       0
                text14                             9586     9586        8        4       0
                text13                             94B4     94B4        A        4       0
                text12                             9422     9422       10        4       0
                text11                             90F4     90F4       22        4       0
                text10                             9480     9480        E        4       0
                text9                              85EC     85EC       54        4       0
                text8                              9472     9472        E        4       0
                text7                              8EC2     8EC2       2C        4       0
                text6                              929C     929C       1E        4       0
                text5                              905E     905E       26        4       0
                text4                              949C     949C        C        4       0
                text3                              6ECA     6ECA       CE        4       0
                text2                              71CE     71CE       AE        4       0
                text1                              7D0E     7D0E       72        4       0
                text0                              294C     294C      34E        4       0
                cstackCOMRAM                          1        1       3D        1       1
                cstackBANK0                          60       60       9F       60       1
                cstackBANK1                         18F      18F       6E      100       1
                bssBIGRAM                           580      580      21E      580       1
                bssBANK5                            500      500       80      500       1
                dataBANK4                           4E0      4E0       10      400       1
                bssBANK4                            400      400       E0      400       1
                dataBANK3                           3B7      3B7       2C      300       1
                bssBANK3                            300      300       B7      300       1
                dataBANK2                           2FB      2FB        4      200       1
                bssBANK2                            200      200       FB      200       1
                bssBANK1                            100      100       8F      100       1
                dataCOMRAM                           54       54        4        1       1
                bssCOMRAM                            4A       4A        A        1       1
                cinit                              6A82     6A82       E2        4       0
                nvBANK3                             3E3      3E3       14      300       1
                nvBANK1                             1FD      1FD        3      100       1
                idataBANK4                         9412     9412       10        4       0
                idataBANK3                         8E96     8E96       2C        4       0
                idataBANK2                         95D2     95D2        4        4       0
                idataCOMRAM                        95CE     95CE        4        4       0

TOTAL           Name                               Link     Load   Length     Space
        CLASS   STACK          
                stack                               79E      79E      79A         2

        CLASS   CODE           
                intcode                               8        8       C4         0
                init                                 CC       CC        8         0
                reset_vec                             0        0        6         0
                text232                            90AA     90AA       26         0
                text231                            95C8     95C8        6         0
                text230                            95FC     95FC        2         0
                text229                            95C2     95C2        6         0
                text228                            8822     8822       4A         0
                text227                            80D0     80D0       64         0
                text226                            3DBC     3DBC      266         0
                text225                            8DDC     8DDC       30         0
                text224                            95FA     95FA        2         0
                text223                            95BC     95BC        6         0
                text222                            927C     927C       20         0
                text221                            9596     9596        8         0
                text220                            95F8     95F8        2         0
                text219                            95B6     95B6        6         0
                text218                            925C     925C       20         0
                text217                            958E     958E        8         0
                text216                            95F6     95F6        2         0
                text215                            95B0     95B0        6         0
                text214                            923C     923C       20         0
                text213                            957C     957C        A         0
                text212                            921C     921C       20         0
                text211                            53DA     53DA      16C         0
                text210                            62E8     62E8      100         0
                text209                            92F2     92F2       1C         0
                text208                            8A92     8A92       44         0
                text207                            853E     853E       58         0
                text206                            95F4     95F4        2         0
                text205                            91FC     91FC       20         0
                text204                            93C8     93C8       14         0
                text202                            8BD6     8BD6       3E         0
                text201                            76DA     76DA       90         0
                text200                            8738     8738       52         0
                text199                            82BA     82BA       60         0
                text198                            8DAC     8DAC       30         0
                text197                            787E     787E       8A         0
                text196                            77F4     77F4       8A         0
                text195                            8A4E     8A4E       44         0
                text194                            915A     915A       22         0
                text193                            4C24     4C24      1AC         0
                text192                            61E2     61E2      106         0
                text191                            91DC     91DC       20         0
                text190                            87D8     87D8       4A         0
                text189                            7518     7518       9C         0
                text188                            75B4     75B4       96         0
                text187                            9036     9036       28         0
                text186                            7A14     7A14       84         0
                text185                            84E6     84E6       58         0
                text184                            5810     5810      15E         0
                text183                            95E6     95E6        4         0
                text182                            95E2     95E2        4         0
                text181                            9328     9328       1A         0
                text180                            8D7C     8D7C       30         0
                text179                            88F8     88F8       46         0
                text178                            95DE     95DE        4         0
                text177                            95DA     95DA        4         0
                text176                            9400     9400       12         0
                text175                            948E     948E        E         0
                text174                            91BC     91BC       20         0
                text173                            7F9C     7F9C       68         0
                text172                            67C4     67C4       F0         0
                text171                            94A8     94A8        C         0
                text170                            900E     900E       28         0
                text169                            63E8     63E8       FE         0
                text168                            8A0A     8A0A       44         0
                text167                            4A5A     4A5A      1CA         0
                text166                            9572     9572        A         0
                text165                            86E6     86E6       52         0
                text164                            64E6     64E6       FA         0
                text163                            488C     488C      1CE         0
                text162                            7474     7474       A4         0
                text161                            6C42     6C42       DE         0
                text160                            9462     9462       10         0
                text159                            81F8     81F8       62         0
                text158                            38A8     38A8      2A4         0
                text157                            56AC     56AC      164         0
                text156                            2C9A     2C9A      34A         0
                text155                            8C50     8C50       36         0
                text154                            8196     8196       62         0
                text153                            5ABC     5ABC      14C         0
                text152                            223E     223E      3AA         0
                text151                            8134     8134       62         0
                text150                            89C6     89C6       44         0
                text149                            83D6     83D6       5C         0
                text148                            9138     9138       22         0
                text147                            4DD0     4DD0      190         0
                text146                            7F34     7F34       68         0
                text145                            7ECA     7ECA       6A         0
                text144                            66D4     66D4       F0         0
                text143                            152C     152C      500         0
                text142                            4022     4022      238         0
                text141                            9568     9568        A         0
                text140                            776A     776A       8A         0
                text139                            8D4C     8D4C       30         0
                text138                            955E     955E        A         0
                text137                            9554     9554        A         0
                text136                            954A     954A        A         0
                text135                            7328     7328       A8         0
                text134                            9540     9540        A         0
                text133                            9536     9536        A         0
                text132                            952C     952C        A         0
                text131                            8694     8694       52         0
                text130                            5E74     5E74      12A         0
                text129                            7E5E     7E5E       6C         0
                text128                            930E     930E       1A         0
                text127                            73D0     73D0       A4         0
                text126                            93B4     93B4       14         0
                text125                            8F6C     8F6C       2A         0
                text124                            425A     425A      230         0
                text123                            919C     919C       20         0
                text122                            95AA     95AA        6         0
                text121                            93EE     93EE       12         0
                text120                            93A0     93A0       14         0
                text119                            95F2     95F2        2         0
                text118                            7C18     7C18       7E         0
                text117                            95A4     95A4        6         0
                text116                            8F42     8F42       2A         0
                text115                            8B58     8B58       40         0
                text114                             D7A      D7A      7B2         0
                text113                            5D46     5D46      12E         0
                text112                            8378     8378       5E         0
                text111                            7A98     7A98       82         0
                text110                            727C     727C       AC         0
                text109                            798E     798E       86         0
                text108                            848C     848C       5A         0
                text107                            6F98     6F98       CA         0
                text106                            65E0     65E0       F4         0
                text105                            7908     7908       86         0
                text104                            4F60     4F60      18C         0
                text103                            6B64     6B64       DE         0
                text102                            959E     959E        6         0
                text101                            1A2C     1A2C      462         0
                text100                            1E8E     1E8E      3B0         0
                text99                             825A     825A       60         0
                text98                             6DF8     6DF8       D2         0
                text97                             9522     9522        A         0
                text96                             8640     8640       54         0
                text95                             5546     5546      166         0
                text94                             7DF2     7DF2       6C         0
                text93                             92D6     92D6       1C         0
                text92                             9518     9518        A         0
                text91                             950E     950E        A         0
                text90                             831A     831A       5E         0
                text89                             917C     917C       20         0
                text88                             9372     9372       18         0
                text87                             8F18     8F18       2A         0
                text86                             35E0     35E0      2C8         0
                text85                             8CEA     8CEA       32         0
                text84                             90D0     90D0       24         0
                text83                             8432     8432       5A         0
                text82                             596E     596E      14E         0
                text81                             8982     8982       44         0
                text80                             893E     893E       44         0
                text79                             88B2     88B2       46         0
                text78                             806A     806A       66         0
                text77                             3B4C     3B4C      270         0
                text76                             938A     938A       16         0
                text75                             935A     935A       18         0
                text74                             448A     448A      214         0
                text73                             8FE6     8FE6       28         0
                text72                             8AD6     8AD6       42         0
                text71                             8FBE     8FBE       28         0
                text70                             32EA     32EA      2F6         0
                text69                             95F0     95F0        2         0
                text68                             8D1C     8D1C       30         0
                text67                             7B9A     7B9A       7E         0
                text66                             50EC     50EC      182         0
                text65                             469E     469E      1EE         0
                text64                             92BA     92BA       1C         0
                text63                             7D80     7D80       72         0
                text62                               D4       D4      CA6         0
                text61                             25E8     25E8      364         0
                text60                             711A     711A       B4         0
                text59                             8004     8004       66         0
                text58                             699E     699E       E4         0
                text57                             5F9E     5F9E      126         0
                text56                             8CB8     8CB8       32         0
                text55                             764A     764A       90         0
                text54                             8B18     8B18       40         0
                text53                             8E68     8E68       2E         0
                text52                             878A     878A       4E         0
                text51                             8596     8596       56         0
                text50                             9116     9116       22         0
                text49                             8C86     8C86       32         0
                text48                             8F96     8F96       28         0
                text47                             93DC     93DC       12         0
                text46                             7C96     7C96       78         0
                text45                             8C14     8C14       3C         0
                text44                             886C     886C       46         0
                text43                             7062     7062       B8         0
                text42                             6D20     6D20       D8         0
                text41                             526E     526E      16C         0
                text40                             60C4     60C4      11E         0
                text39                             9084     9084       26         0
                text38                             5C08     5C08      13E         0
                text37                             2FE4     2FE4      306         0
                text36                             68B4     68B4       EA         0
                text35                             8B98     8B98       3E         0
                text34                             8E3A     8E3A       2E         0
                text33                             9342     9342       18         0
                text32                             8E0C     8E0C       2E         0
                text31                             9504     9504        A         0
                text30                             94FA     94FA        A         0
                text29                             94F0     94F0        A         0
                text28                             94E6     94E6        A         0
                text27                             94DC     94DC        A         0
                text26                             7B1A     7B1A       80         0
                text25                             94D2     94D2        A         0
                text24                             94C8     94C8        A         0
                text23                             8EEE     8EEE       2A         0
                text22                             95D6     95D6        4         0
                text21                             9452     9452       10         0
                text20                             9442     9442       10         0
                text19                             94BE     94BE        A         0
                text18                             9432     9432       10         0
                text17                             95EE     95EE        2         0
                text16                             95EC     95EC        2         0
                text15                             95EA     95EA        2         0
                text14                             9586     9586        8         0
                text13                             94B4     94B4        A         0
                text12                             9422     9422       10         0
                text11                             90F4     90F4       22         0
                text10                             9480     9480        E         0
                text9                              85EC     85EC       54         0
                text8                              9472     9472        E         0
                text7                              8EC2     8EC2       2C         0
                text6                              929C     929C       1E         0
                text5                              905E     905E       26         0
                text4                              949C     949C        C         0
                text3                              6ECA     6ECA       CE         0
                text2                              71CE     71CE       AE         0
                text1                              7D0E     7D0E       72         0
                text0                              294C     294C      34E         0
                cinit                              6A82     6A82       E2         0
                idataBANK4                         9412     9412       10         0
                idataBANK3                         8E96     8E96       2C         0
                idataBANK2                         95D2     95D2        4         0
                idataCOMRAM                        95CE     95CE        4         0

        CLASS   CONST          

        CLASS   SMALLCONST     

        CLASS   MEDIUMCONST    
                mediumconst                        FE66     FE66      19A         0

        CLASS   COMRAM         
                temp                                 3E       3E        C         1
                cstackCOMRAM                          1        1       3D         1
                dataCOMRAM                           54       54        4         1
                bssCOMRAM                            4A       4A        A         1

        CLASS   ABS1           

        CLASS   BIGRAM         
                bssBIGRAM                           580      580      21E         1

        CLASS   RAM            

        CLASS   BANK0          
                cstackBANK0                          60       60       9F         1

        CLASS   BANK1          
                cstackBANK1                         18F      18F       6E         1
                bssBANK1                            100      100       8F         1
                nvBANK1                             1FD      1FD        3         1

        CLASS   BANK2          
                dataBANK2                           2FB      2FB        4         1
                bssBANK2                            200      200       FB         1

        CLASS   BANK3          
                dataBANK3                           3B7      3B7       2C         1
                bssBANK3                            300      300       B7         1
                nvBANK3                             3E3      3E3       14         1

        CLASS   BANK4          
                dataBANK4                           4E0      4E0       10         1
                bssBANK4                            400      400       E0         1

        CLASS   BANK5          
                bssBANK5                            500      500       80         1

        CLASS   BANK6          

        CLASS   BANK7          

        CLASS   BANK8          

        CLASS   BANK9          

        CLASS   BANK10         

        CLASS   BANK11         

        CLASS   BANK12         

        CLASS   BANK13         

        CLASS   BANK14         

        CLASS   BANK15         

        CLASS   SFR            

        CLASS   FARRAM         

        CLASS   CONFIG         
                config                           300000   300000        E         0

        CLASS   IDLOC          
                idloc                            200000   200000        8         0

        CLASS   EEDATA         



SEGMENTS        Name                           Load    Length   Top    Selector   Space  Class

                reset_vec                      000000  000006  000006         0       0  CODE    
                cstackCOMRAM                   000001  000057  000058         1       1  COMRAM  
                intcode                        000008  0095F6  0095FE         4       0  CODE    
                cstackBANK0                    000060  00009F  0000FF        60       1  BANK0   
                bssBANK1                       000100  000100  000200       100       1  BANK1   
                bssBANK2                       000200  0000FF  0002FF       200       1  BANK2   
                bssBANK3                       000300  0000F7  0003F7       300       1  BANK3   
                bssBANK4                       000400  0000F0  0004F0       400       1  BANK4   
                bssBANK5                       000500  000080  000580       500       1  BANK5   
                bssBIGRAM                      000580  00021E  00079E       580       1  BIGRAM  
                stack                          00079E  00079A  000F38       79E       2  STACK   
                mediumconst                    00FE66  00019A  010000      7F33       0  MEDIUMCO
                idloc                          200000  000008  200008    200000       0  IDLOC   
                config                         300000  00000E  30000E    300000       0  CONFIG  


UNUSED ADDRESS RANGES

        Name                Unused          Largest block    Delta
        BANK0            0000FF-0000FF                1
        BANK10           000A00-000AFF              100
        BANK11           000B00-000BFF              100
        BANK12           000C00-000CFF              100
        BANK13           000D00-000DFF              100
        BANK14           000E00-000EFF              100
        BANK15           000F00-000F37               38
        BANK2            0002FF-0002FF                1
        BANK3            0003F7-0003FF                9
        BANK4            0004F0-0004FF               10
        BANK7            00079E-0007FF               62
        BANK8            000800-0008FF              100
        BANK9            000900-0009FF              100
        BIGRAM           000058-00005F                8
                         0000FF-0000FF                1
                         0002FF-0002FF                1
                         0003F7-0003FF                9
                         0004F0-0004FF               10
                         00079E-000F37              79A
        CODE             000006-000007                2
                         0095FE-00FE65             6868
        COMRAM           000058-00005F                8
        CONST            000006-000007                2
                         0095FE-00FE65             6868
        EEDATA           F00000-F003FF              400
        MEDIUMCONST      0095FE-00FE65             6868
        RAM              0000FF-0000FF                1
                         0002FF-0002FF                1
                         0003F7-0003FF                9
                         0004F0-0004FF               10
                         00079E-000F37              100
        SFR              000F38-000FFC               28
        SMALLCONST       0095FE-00FE65              100

                                  Symbol Table

?_ComputeMic                                              cstackBANK0  0000C7
?_ExecuteDevStatus                                        cstackBANK0  000060
?_ExecuteDutyCycle                                        cstackBANK0  000060
?_ExecuteLinkAdr                                          cstackBANK0  00006F
?_ExecuteLinkCheck                                        cstackBANK0  000060
?_ExecuteNewChannel                                       cstackBANK0  0000A6
?_ExecuteRxParamSetupReq                                  cstackBANK0  0000A6
?_ExecuteRxTimingSetup                                    cstackBANK0  000067
?_ExtractMic                                              cstackBANK0  00006B
?_GetRx1Freq                                              cstackBANK0  000060
?_MacExecuteCommands                                      cstackBANK0  0000B0
?_RADIO_ReadRandom                                        cstackBANK0  00006C
?_RADIO_ReceiveStart                                      cstackBANK0  0000B1
?_RADIO_Transmit                                          cstackBANK0  0000B1
?_Random                                                  cstackBANK0  0000AD
?_SwTimerReadValue                                        cstackBANK0  000091
?_SwTimersInterrupt                                       cstackBANK0  000080
?_TMR1_ReadTimer                                          cstackBANK0  000060
?_TMR_GetDeltaTime                                        cstackBANK0  000068
?_TMR_SwapTimer                                           cstackBANK0  000068
?___aldiv                                                 cstackBANK0  00006A
?___almod                                                 cstackBANK0  000060
?___awdiv                                                 cstackBANK0  000066
?___awmod                                                 cstackBANK0  000060
?___lldiv                                                 cstackBANK0  000060
?___llmod                                                 cstackBANK0  000060
?___lmul                                                  cstackBANK0  00009A
?___lwmod                                                 cstackBANK0  0000A8
?___wmul                                                  cstackBANK0  000060
?_rand                                                    cstackBANK0  0000A6
?i2_SwTimersInterrupt                                     cstackCOMRAM 000021
?i2_TMR1_ReadTimer                                        cstackCOMRAM 000001
?i2_TMR_GetDeltaTime                                      cstackCOMRAM 000009
?i2_TMR_SwapTimer                                         cstackCOMRAM 000009
AESCmac@flag                                              cstackBANK1  0001F1
AESCmac@i                                                 cstackBANK1  0001F4
AESCmac@input                                             cstackBANK0  0000BD
AESCmac@j                                                 cstackBANK1  0001F3
AESCmac@k1                                                cstackBANK1  00019F
AESCmac@k2                                                cstackBANK1  00018F
AESCmac@key                                               cstackBANK0  0000B9
AESCmac@mLast                                             cstackBANK1  0001AF
AESCmac@n                                                 cstackBANK1  0001F2
AESCmac@output                                            cstackBANK0  0000BB
AESCmac@padded                                            cstackBANK1  0001BF
AESCmac@ptr                                               cstackBANK1  0001EF
AESCmac@size                                              cstackBANK0  0000BF
AESCmac@x                                                 cstackBANK1  0001DF
AESCmac@y                                                 cstackBANK1  0001CF
AESEncode@aux                                             cstackBANK0  000078
AESEncode@aux1                                            cstackBANK0  00007A
AESEncode@aux2                                            cstackBANK0  000079
AESEncode@aux3                                            cstackBANK0  00007B
AESEncode@block                                           cstackBANK0  000066
AESEncode@i                                               cstackBANK0  00007C
AESEncode@key                                             cstackBANK0  000068
AESEncodeLoRa@block                                       cstackBANK0  00007D
AESEncodeLoRa@key                                         cstackBANK0  00007F
AESEncodeLoRa@useKey                                      cstackBANK0  000081
AssembleEncryptionBlock@blockId                           cstackBANK0  00006F
AssembleEncryptionBlock@bufferIndex                       cstackBANK0  000073
AssembleEncryptionBlock@dir                               cstackBANK0  000072
AssembleEncryptionBlock@firstByte                         cstackBANK0  000070
AssembleEncryptionBlock@frameCounter                      cstackBANK0  00006B
AssembleEncryptionBlock@multicastStatus                   cstackBANK0  000071
AssemblePacket@buffer                                     cstackBANK0  0000C8
AssemblePacket@bufferIndex                                cstackBANK0  0000D2
AssemblePacket@bufferLength                               cstackBANK0  0000CA
AssemblePacket@confirmed                                  cstackBANK0  0000CE
AssemblePacket@fCtrl                                      cstackBANK0  0000D0
AssemblePacket@macCmdIdx                                  cstackBANK0  0000D1
AssemblePacket@mhdr                                       cstackBANK0  0000CF
AssemblePacket@port                                       cstackBANK0  0000C7
CheckFlags@hdr                                            cstackBANK0  000060
CheckMcastFlags@hdr                                       cstackBANK0  000060
ComputeMic@buffer                                         cstackBANK0  0000C9
ComputeMic@bufferLength                                   cstackBANK0  0000CB
ComputeMic@key                                            cstackBANK0  0000C7
ComputeMic@mic                                            cstackBANK0  0000CC
ComputeSessionKeys@joinAcceptBuffer                       cstackBANK0  000091
ConfigureRadio@dataRate                                   cstackBANK0  000072
ConfigureRadio@freq                                       cstackBANK0  00006E
ConfigureRadioRx@dataRate                                 cstackBANK0  000077
ConfigureRadioRx@freq                                     cstackBANK0  000073
ConfigureRadioTx@dataRate                                 cstackBANK0  000077
ConfigureRadioTx@freq                                     cstackBANK0  000073
ConfigureRadioTx@txPower                                  cstackBANK0  000078
CountfOptsLength@i                                        cstackBANK0  000067
CountfOptsLength@macCommandLength                         cstackBANK0  000066
EUSART1_Read@readValue                                    cstackCOMRAM 000001
EUSART1_SetErrorHandler@interruptHandler                  cstackBANK0  000060
EUSART1_SetFramingErrorHandler@interruptHandler           cstackBANK0  000060
EUSART1_SetOverrunErrorHandler@interruptHandler           cstackBANK0  000060
EUSART1_SetRxInterruptHandler@interruptHandler            cstackBANK0  000060
EUSART1_SetTxInterruptHandler@interruptHandler            cstackBANK0  000060
EUSART1_Write@txData                                      cstackBANK0  000060
EnableChannels1@channelIndexMax                           cstackBANK0  000068
EnableChannels1@channelIndexMin                           cstackBANK0  000067
EnableChannels1@channelMask                               cstackBANK0  000064
EnableChannels1@channelMaskCntl                           cstackBANK0  000066
EnableChannels1@i                                         cstackBANK0  00006B
EnableChannels@channelMask                                cstackBANK0  00006C
EnableChannels@channelMaskCntl                            cstackBANK0  00006E
EncKeySchedule@key                                        cstackBANK0  000060
EncodeShiftRow@stateTable                                 cstackBANK0  000060
EncodeShiftRow@temp                                       cstackBANK0  000062
EncryptFRMPayload@buffer                                  cstackBANK0  000091
EncryptFRMPayload@bufferLength                            cstackBANK0  000093
EncryptFRMPayload@bufferToBeEncrypted                     cstackBANK0  00009C
EncryptFRMPayload@dir                                     cstackBANK0  000094
EncryptFRMPayload@frameCounter                            cstackBANK0  000095
EncryptFRMPayload@i                                       cstackBANK0  0000A5
EncryptFRMPayload@j                                       cstackBANK0  0000A6
EncryptFRMPayload@k                                       cstackBANK0  0000A4
EncryptFRMPayload@key                                     cstackBANK0  000099
EncryptFRMPayload@macBufferIndex                          cstackBANK0  00009B
EncryptFRMPayload@multicastStatus                         cstackBANK0  00009E
ExecuteDevStatus@ptr                                      cstackBANK0  000060
ExecuteDutyCycle@maxDCycle                                cstackBANK0  000065
ExecuteDutyCycle@ptr                                      cstackBANK0  000060
ExecuteLinkAdr@channelMask                                cstackBANK0  000073
ExecuteLinkAdr@dataRate                                   cstackBANK0  000078
ExecuteLinkAdr@ptr                                        cstackBANK0  00006F
ExecuteLinkAdr@redundancy                                 cstackBANK0  000076
ExecuteLinkAdr@txPower                                    cstackBANK0  000075
ExecuteLinkCheck@ptr                                      cstackBANK0  000060
ExecuteNewChannel@channelIndex                            cstackBANK0  0000AF
ExecuteNewChannel@drRange                                 cstackBANK0  0000AA
ExecuteNewChannel@frequency                               cstackBANK0  0000AB
ExecuteNewChannel@ptr                                     cstackBANK0  0000A6
ExecuteRxParamSetupReq@dlSettings                         cstackBANK0  0000AE
ExecuteRxParamSetupReq@frequency                          cstackBANK0  0000AA
ExecuteRxParamSetupReq@ptr                                cstackBANK0  0000A6
ExecuteRxTimingSetup@delay                                cstackBANK0  000069
ExecuteRxTimingSetup@ptr                                  cstackBANK0  000067
ExtractMic@buffer                                         cstackBANK0  00006B
ExtractMic@bufferLength                                   cstackBANK0  00006D
ExtractMic@mic                                            cstackBANK0  000073
FillSubKey@carry                                          cstackBANK0  000066
FillSubKey@i                                              cstackBANK0  000067
FillSubKey@key                                            cstackBANK0  000062
FillSubKey@size                                           cstackBANK0  000064
FillSubKey@source                                         cstackBANK0  000060
FindSmallestDataRate@dataRate                             cstackBANK0  000063
FindSmallestDataRate@found                                cstackBANK0  000061
FindSmallestDataRate@i                                    cstackBANK0  000062
GenerateSubkey@F7103                                      dataBANK3    0003B7
GenerateSubkey@const_Rb                                   cstackBANK0  000098
GenerateSubkey@i                                          cstackBANK0  0000B8
GenerateSubkey@k1                                         cstackBANK0  000093
GenerateSubkey@k2                                         cstackBANK0  000095
GenerateSubkey@key                                        cstackBANK0  000091
GenerateSubkey@l                                          cstackBANK0  0000A8
HALResetPinOutputValue@value                              cstackBANK0  000060
HALSPISend@data                                           cstackBANK0  000061
INT1_SetInterruptHandler@InterruptHandler                 cstackBANK0  000060
INT2_SetInterruptHandler@InterruptHandler                 cstackBANK0  000060
INTERRUPT_GetDioStatus@a                                  cstackBANK0  000060
IOCB4_SetInterruptHandler@InterruptHandler                cstackBANK0  000060
IncludeMacCommandsResponse@bIncludeInFopts                cstackBANK0  000064
IncludeMacCommandsResponse@bufferIndex                    cstackBANK0  00006E
IncludeMacCommandsResponse@i                              cstackBANK0  00006D
IncludeMacCommandsResponse@macBuffer                      cstackBANK0  000060
IncludeMacCommandsResponse@pBufferIndex                   cstackBANK0  000062
InitDefault433Channels@i                                  cstackBANK0  00006B
InitDefault868Channels@i                                  cstackBANK0  00006B
LORAWAN_GetMaxPayloadSize@macCommandsLength               cstackBANK0  000069
LORAWAN_GetMaxPayloadSize@result                          cstackBANK0  00006A
LORAWAN_Init@RxJoinResponse                               cstackBANK0  0000B4
LORAWAN_Init@RxPayload                                    cstackBANK0  0000B2
LORAWAN_Join@activationTypeNew                            cstackBANK0  0000DD
LORAWAN_Join@bufferIndex                                  cstackBANK0  0000DB
LORAWAN_Join@result                                       cstackBANK0  0000DC
LORAWAN_LinkCheckConfigure@iCtr                           cstackBANK0  0000B0
LORAWAN_LinkCheckConfigure@period                         cstackBANK0  0000A6
LORAWAN_Reset@ismBandNew                                  cstackBANK0  0000B1
LORAWAN_RxDone@buffer                                     cstackBANK1  0001F5
LORAWAN_RxDone@bufferIndex                                cstackBANK0  0000E6
LORAWAN_RxDone@bufferLength                               cstackBANK1  0001F7
LORAWAN_RxDone@channelIndex                               cstackBANK0  0000E0
LORAWAN_RxDone@computedMic                                cstackBANK0  0000EA
LORAWAN_RxDone@extractedMic                               cstackBANK0  0000E2
LORAWAN_RxDone@fPort                                      cstackBANK0  0000DF
LORAWAN_RxDone@frmPayloadLength                           cstackBANK0  0000F0
LORAWAN_RxDone@hdr                                        cstackBANK0  0000F1
LORAWAN_RxDone@joinAccept                                 cstackBANK0  0000EE
LORAWAN_RxDone@mhdr                                       cstackBANK0  0000E1
LORAWAN_RxDone@packet                                     cstackBANK0  0000E8
LORAWAN_RxDone@temp                                       cstackBANK0  0000E7
LORAWAN_RxTimeout@i                                       cstackBANK0  0000CA
LORAWAN_RxTimeout@minim                                   cstackBANK0  0000C6
LORAWAN_Send@buffer                                       cstackBANK0  0000D4
LORAWAN_Send@bufferLength                                 cstackBANK0  0000D6
LORAWAN_Send@confirmed                                    cstackBANK0  0000D9
LORAWAN_Send@port                                         cstackBANK0  0000D3
LORAWAN_Send@result                                       cstackBANK0  0000D8
LORAWAN_SetApplicationSessionKey@applicationSessionKeyNew cstackBANK0  00006B
LORAWAN_SetChannelIdStatus@channelId                      cstackBANK0  000066
LORAWAN_SetChannelIdStatus@result                         cstackBANK0  000065
LORAWAN_SetChannelIdStatus@statusNew                      cstackBANK0  000064
LORAWAN_SetDeviceAddress@deviceAddressNew                 cstackBANK0  000060
LORAWAN_SetNetworkSessionKey@networkSessionKeyNew         cstackBANK0  00006B
LORAWAN_TxDone@delta                                      cstackBANK0  0000D2
LORAWAN_TxDone@found                                      cstackBANK0  0000D1
LORAWAN_TxDone@i                                          cstackBANK0  0000E2
LORAWAN_TxDone@minim                                      cstackBANK0  0000DE
LORAWAN_TxDone@ticks                                      cstackBANK0  0000DA
LORAWAN_TxDone@timeOnAir                                  cstackBANK0  0000BB
MacExecuteCommands@buffer                                 cstackBANK0  0000B0
MacExecuteCommands@done                                   cstackBANK0  0000B5
MacExecuteCommands@fOptsLen                               cstackBANK0  0000B2
MacExecuteCommands@ptr                                    cstackBANK0  0000B6
PrepareJoinRequestFrame@bufferIndex                       cstackBANK0  0000DA
PrepareJoinRequestFrame@iCtr                              cstackBANK0  0000D9
PrepareJoinRequestFrame@mhdr                              cstackBANK0  0000D8
PrepareJoinRequestFrame@mic                               cstackBANK0  0000D4
PrepareSessionKeys@appNonce                               cstackBANK0  00006D
PrepareSessionKeys@index                                  cstackBANK0  000071
PrepareSessionKeys@networkId                              cstackBANK0  00006F
PrepareSessionKeys@sessionKey                             cstackBANK0  00006B
RADIO_DIO0@dioMapping                                     cstackBANK0  0000F7
RADIO_DIO0@opMode                                         cstackBANK0  0000F8
RADIO_DIO1@dioMapping                                     cstackBANK0  0000CC
RADIO_DIO2@dioMapping                                     cstackBANK0  00007C
RADIO_DIO2@opMode                                         cstackBANK0  00007B
RADIO_DIO3@dioMapping                                     cstackBANK0  000066
RADIO_DIO4@dioMapping                                     cstackBANK0  000067
RADIO_DIO5@dioMapping                                     cstackBANK0  000066
RADIO_FHSSChangeChannel@irqFlags                          cstackBANK0  000079
RADIO_FSKPacketSent@irqFlags                              cstackBANK0  0000EF
RADIO_FSKPacketSent@timeOnAir                             cstackBANK0  0000E7
RADIO_FSKPayloadReady@i                                   cstackBANK0  0000F4
RADIO_FSKPayloadReady@irqFlags                            cstackBANK0  0000F3
RADIO_Init@frequency                                      cstackBANK0  00007B
RADIO_Init@radioBuffer                                    cstackBANK0  000079
RADIO_ReadRandom@i                                        cstackBANK0  000071
RADIO_ReadRandom@retVal                                   cstackBANK0  00006F
RADIO_ReceiveStart@rxWindowSize                           cstackBANK0  0000B1
RADIO_RegisterRead@readValue                              cstackBANK0  000063
RADIO_RegisterRead@reg                                    cstackBANK0  000062
RADIO_RegisterWrite@reg                                   cstackBANK0  000063
RADIO_RegisterWrite@value                                 cstackBANK0  000062
RADIO_RxDone@i                                            cstackBANK0  0000F4
RADIO_RxDone@irqFlags                                     cstackBANK0  0000F3
RADIO_SetBandwidth@bandwidth                              cstackBANK0  000060
RADIO_SetCRC@crc                                          cstackBANK0  000060
RADIO_SetChannelFrequency@frequency                       cstackBANK0  000060
RADIO_SetFSKSyncWord@syncWord                             cstackBANK0  00006B
RADIO_SetFSKSyncWord@syncWordLen                          cstackBANK0  00006D
RADIO_SetFrequencyHopPeriod@frequencyHopPeriod            cstackBANK0  000060
RADIO_SetIQInverted@iqInverted                            cstackBANK0  000060
RADIO_SetLoRaSyncWord@syncWord                            cstackBANK0  000060
RADIO_SetModulation@modulation                            cstackBANK0  000060
RADIO_SetOutputPower@power                                cstackBANK0  000060
RADIO_SetSpreadingFactor@spreadingFactor                  cstackBANK0  000060
RADIO_Transmit@buffer                                     cstackBANK0  0000B1
RADIO_Transmit@bufferLen                                  cstackBANK0  0000B3
RADIO_Transmit@i                                          cstackBANK0  0000C1
RADIO_Transmit@regValue                                   cstackBANK0  0000C0
RADIO_TxDone@timeOnAir                                    cstackBANK0  0000E7
RADIO_UnhandledInterrupt@modulation                       cstackBANK0  000064
RADIO_WriteConfiguration@i                                cstackBANK0  0000AB
RADIO_WriteConfiguration@regValue                         cstackBANK0  0000B0
RADIO_WriteConfiguration@symbolTimeout                    cstackBANK0  0000A6
RADIO_WriteConfiguration@tempValue                        cstackBANK0  0000AC
RADIO_WriteFSKBitRate@bitRate                             cstackBANK0  00006D
RADIO_WriteFSKBitRate@num                                 cstackBANK0  000071
RADIO_WriteFSKFrequencyDeviation@frequencyDeviation       cstackBANK0  00006D
RADIO_WriteFSKFrequencyDeviation@num                      cstackBANK0  000071
RADIO_WriteFrequency@frequency                            cstackBANK0  00006D
RADIO_WriteFrequency@num                                  cstackBANK0  000075
RADIO_WriteFrequency@num_mod                              cstackBANK0  000071
RADIO_WriteMode@blocking                                  cstackBANK0  000066
RADIO_WriteMode@currentMode                               cstackBANK0  000069
RADIO_WriteMode@currentModulation                         cstackBANK0  000067
RADIO_WriteMode@dioMapping                                cstackBANK0  000068
RADIO_WriteMode@newMode                                   cstackBANK0  00006A
RADIO_WriteMode@newModulation                             cstackBANK0  000065
RADIO_WriteMode@opMode                                    cstackBANK0  00006B
RADIO_WritePower@ocp                                      cstackBANK0  000064
RADIO_WritePower@paDac                                    cstackBANK0  000065
RADIO_WritePower@power                                    cstackBANK0  000066
Random@max                                                cstackBANK0  0000AD
RxData@dataLength                                         cstackBANK0  000062
RxData@pData                                              cstackBANK0  000060
RxData@status                                             cstackBANK0  000063
SPI2_Exchange8bit@data                                    cstackBANK0  000060
SearchAvailableChannel@channelIndex                       cstackBANK0  0000B0
SearchAvailableChannel@i                                  cstackBANK0  0000BA
SearchAvailableChannel@maxChannels                        cstackBANK0  0000B8
SearchAvailableChannel@randomNumber                       cstackBANK0  0000B9
SearchAvailableChannel@randomNumberCopy                   cstackBANK0  0000B6
SearchAvailableChannel@result                             cstackBANK0  0000B7
SearchAvailableChannel@transmissionType                   cstackBANK0  0000AF
SelectChannelForTransmission@channelIndex                 cstackBANK0  0000BD
SelectChannelForTransmission@result                       cstackBANK0  0000BC
SelectChannelForTransmission@transmissionType             cstackBANK0  0000BB
StartReTxTimer@i                                          cstackBANK0  0000A2
StartReTxTimer@minim                                      cstackBANK0  00009E
SwTimerCreate@retVal                                      cstackBANK0  000060
SwTimerIsRunning@isRunning                                cstackBANK0  000061
SwTimerIsRunning@timerId                                  cstackBANK0  000060
SwTimerReadValue@ticksCount                               cstackBANK0  000095
SwTimerReadValue@timerId                                  cstackBANK0  000099
SwTimerSetCallback@callback                               cstackBANK0  000060
SwTimerSetCallback@callbackParameter                      cstackBANK0  000062
SwTimerSetCallback@timerId                                cstackBANK0  000063
SwTimerSetTimeout@timeout                                 cstackBANK0  00006D
SwTimerSetTimeout@timerId                                 cstackBANK0  000075
SwTimerStart@ticksRemaining                               cstackBANK0  000095
SwTimerStart@timerId                                      cstackBANK0  000099
SwTimerStop@timerId                                       cstackBANK0  000060
SwTimersExecute@i                                         cstackBANK0  0000DE
SwTimersInterrupt@i                                       cstackBANK0  000090
SwTimersInterrupt@ticksToNextTimerEvent                   cstackBANK0  00008C
SwTimersInterrupt@timeElapsed                             cstackBANK0  000088
SystemBlockingWaitMs@ms                                   cstackBANK0  000060
TMR1_ReadTimer@readVal                                    cstackBANK0  000064
TMR1_ReadTimer@readValHigh                                cstackBANK0  000066
TMR1_ReadTimer@readValLow                                 cstackBANK0  000067
TMR1_SetInterruptHandler@InterruptHandler                 cstackBANK0  000060
TMR1_WriteTimer@timerVal                                  cstackBANK0  000060
TMR_GetDeltaTime@retVal                                   bssBANK1     000100
TMR_GetDeltaTime@tmrVal                                   bssBANK1     00014A
TMR_OverrideRemaining@oldReloadVal                        cstackBANK0  000072
TMR_OverrideRemaining@ticksRemaining                      cstackBANK0  00006A
TMR_OverrideRemaining@tmrVal                              cstackBANK0  000070
TMR_SwapTimer@oldVal                                      bssBANK1     000148
TMR_SwapTimer@retVal                                      bssBANK1     000146
TMR_SwapTimer@timerVal                                    cstackBANK0  000068
UpdateCfList@bufferLength                                 cstackBANK0  0000A8
UpdateCfList@channelIndex                                 cstackBANK0  0000AD
UpdateCfList@frequency                                    cstackBANK0  0000A9
UpdateCfList@i                                            cstackBANK0  0000AE
UpdateCfList@joinAccept                                   cstackBANK0  0000A6
UpdateChannelIdStatus@channelId                           cstackBANK0  000062
UpdateChannelIdStatus@i                                   cstackBANK0  000063
UpdateChannelIdStatus@statusNew                           cstackBANK0  000060
UpdateCurrentDataRate@valueNew                            cstackBANK0  000060
UpdateDLSettings@dlRx1DrOffset                            cstackBANK0  000060
UpdateDLSettings@dlRx2Dr                                  cstackBANK0  000061
UpdateDataRange@channelId                                 cstackBANK0  000062
UpdateDataRange@dataRangeNew                              cstackBANK0  000060
UpdateDataRange@i                                         cstackBANK0  000063
UpdateDutyCycle@channelId                                 cstackBANK0  000062
UpdateDutyCycle@dutyCycleNew                              cstackBANK0  000060
UpdateFrequency@channelId                                 cstackBANK0  000064
UpdateFrequency@frequencyNew                              cstackBANK0  000060
UpdateJoinInProgress@state                                cstackBANK0  000060
UpdateMinMaxChDataRate@i                                  cstackBANK0  000061
UpdateReceiveDelays@delay                                 cstackBANK0  000066
UpdateReceiveWindow2Parameters@dataRate                   cstackBANK0  000064
UpdateReceiveWindow2Parameters@frequency                  cstackBANK0  000060
UpdateTxPower@txPowerNew                                  cstackBANK0  000060
ValidateChannelId@allowedForDefaultChannels               cstackBANK0  000060
ValidateChannelId@channelId                               cstackBANK0  000062
ValidateChannelId@result                                  cstackBANK0  000061
[...]
 Parameters:    Size  Location     Type
		None
 Auto vars:     Size  Location     Type
		None
 Return value:  Size  Location     Type
                  1    wreg      void 
 Registers used:
		wreg, fsr2l, fsr2h, status,2, status,0, prodl, prodh, cstack
 Tracked objects:
		On entry : 
		On exit  : 
		Unchanged: 
 Data sizes:     COMRAM   BANK0   BANK1   BANK2   BANK3   BANK4   BANK5   BANK6   BANK7   BANK8   BANK9  BANK10  BANK11  BANK12  BANK13  BANK14  BANK15
      Params:         0       0       0       0       0       0       0       0       0       0       0       0       0       0       0       0       0
      Locals:         0       0       0       0       0       0       0       0       0       0       0       0       0       0       0       0       0
      Temps:          0       0       0       0       0       0       0       0       0       0       0       0       0       0       0       0       0
      Totals:         0       0       0       0       0       0       0       0       0       0       0       0       0       0       0       0       0
Total ram usage:        0 bytes
 Hardware stack levels used:    1
 Hardware stack levels required when called:    1
 This function calls:
		_EUSART1_RxDataHandler
 This function is called by:
		_EUSART1_Initialize
		_EUSART1_Receive_ISR
 This function uses a non-reentrant model


 *************** function _EUSART1_RxDataHandler *****************
 Defined at:
		line 297 in file "mcc_generated_files/eusart1.c"
 Parameters:    Size  Location     Type
		None
 Auto vars:     Size  Location     Type
		None
 Return value:  Size  Location     Type
                  1    wreg      void 
 Registers used:
		wreg, fsr2l, fsr2h, status,2, status,0, prodl, prodh
 Tracked objects:
		On entry : 
		On exit  : 
		Unchanged: 
 Data sizes:     COMRAM   BANK0   BANK1   BANK2   BANK3   BANK4   BANK5   BANK6   BANK7   BANK8   BANK9  BANK10  BANK11  BANK12  BANK13  BANK14  BANK15
      Params:         0       0       0       0       0       0       0       0       0       0       0       0       0       0       0       0       0
      Locals:         0       0       0       0       0       0       0       0       0       0       0       0       0       0       0       0       0
      Temps:          0       0       0       0       0       0       0       0       0       0       0       0       0       0       0       0       0
      Totals:         0       0       0       0       0       0       0       0       0       0       0       0       0       0       0       0       0
Total ram usage:        0 bytes
 Hardware stack levels used:    1
 This function calls:
		Nothing
 This function is called by:
		_EUSART1_Receive_ISR
		_EUSART1_DefaultErrorHandler
 This function uses a non-reentrant model



MODULE INFORMATION

Module		Function		Class		Link	Load	Size
mcc_generated_files/LoRaWAN/lorawan.c
		_UpdateReceiveWindow2Parameters		CODE           	938A	0000	23
		_ExecuteRxTimingSetup		CODE           	8FBE	0000	41
		_ComputeMic    		CODE           	8134	0000	99
		_SetReceptionNotOkState		CODE           	7B9A	0000	127
		_PrepareJoinRequestFrame		CODE           	4DD0	0000	401
		_LORAWAN_ReceiveWindow2Callback		CODE           	6D20	0000	217
		_LORAWAN_LinkCheckConfigure		CODE           	5810	0000	351
		_LORAWAN_SetApplicationSessionKey		CODE           	8E3A	0000	47
		_CountfOptsLength		CODE           	6F98	0000	203
		_AssembleEncryptionBlock		CODE           	65E0	0000	245
		_UpdateCurrentDataRate		CODE           	9518	0000	11
		_UnconfirmedTransmissionCallback		CODE           	7C96	0000	121
		_LORAWAN_SetNetworkSessionKey		CODE           	8E0C	0000	47
		_MacExecuteCommands		CODE           	32EA	0000	759
		_IncludeMacCommandsResponse		CODE           	1A2C	0000	1123
		_LORAWAN_GetMaxPayloadSize		CODE           	825A	0000	97
		_CheckMcastFlags		CODE           	7A98	0000	131
		_SetJoinFailState		CODE           	8D1C	0000	49
		_AckRetransmissionCallback		CODE           	60C4	0000	287
		_PrepareSessionKeys		CODE           	727C	0000	173
		_UpdateMinMaxChDataRate		CODE           	64E6	0000	251
		_EncryptFRMPayload		CODE           	4F60	0000	397
		_ResetParametersForUnconfirmedTransmission		CODE           	93A0	0000	21
		_AutomaticReplyCallback		CODE           	9084	0000	39
		_ResetParametersForConfirmedTransmission		CODE           	93EE	0000	19
		_FindSmallestDataRate		CODE           	6B64	0000	223
		_LORAWAN_SetDeviceAddress		CODE           	9342	0000	25
		_UpdateTxPower 		CODE           	950E	0000	11
		_CheckFlags    		CODE           	8378	0000	95
		_ExtractMic    		CODE           	848C	0000	91
		_LORAWAN_ReceiveWindow1Callback		CODE           	7062	0000	185
		_LORAWAN_Send  		CODE           	6DF8	0000	211
		_LORAWAN_Join  		CODE           	73D0	0000	165
		_ConfigureRadioRx		CODE           	8F6C	0000	43
		_UpdateReceiveDelays		CODE           	8AD6	0000	67
		_ComputeSessionKeys		CODE           	798E	0000	135
		_LORAWAN_LinkCheckCallback		CODE           	526E	0000	365
		_UpdateJoinSuccessState		CODE           	5C08	0000	319
		_LORAWAN_EnterContinuousReceive		CODE           	7C18	0000	127
		_ExecuteLinkCheck		CODE           	8CEA	0000	51
		_LORAWAN_Mainloop		CODE           	8B98	0000	63
		_AssemblePacket		CODE           	1E8E	0000	945
		_UpdateRetransmissionAckTimeoutState		CODE           	7D80	0000	115
		_Random        		CODE           	9138	0000	35
		_LORAWAN_RxDone		CODE           	00D4	0000	3239
		_UpdateJoinInProgress		CODE           	930E	0000	27

mcc_generated_files/LoRaWAN/lorawan.c estimated size: 11816

mcc_generated_files/LoRaWAN/interrupt_manager_lora_addons.c
		_INTERRUPT_GetDioStatus		CODE           	93B4	0000	21
		_DIO0_ISR_Lora 		CODE           	95BC	0000	7
		_DIO1_ISR_Lora 		CODE           	95B6	0000	7
		_DIO2_ISR_Lora 		CODE           	95B0	0000	7

mcc_generated_files/LoRaWAN/interrupt_manager_lora_addons.c estimated size: 42

mcc_generated_files/LoRaWAN/lorawan_aes.c
		_AESEncodeLoRa 		CODE           	8C50	0000	55

mcc_generated_files/LoRaWAN/lorawan_aes.c estimated size: 55

C:\Program Files (x86)\Microchip\xc8\v1.45\sources\common\abdiv.c
		___abdiv       		CODE           	8004	0000	103

C:\Program Files (x86)\Microchip\xc8\v1.45\sources\common\abdiv.c estimated size: 103

mcc_generated_files/LoRaWAN/sw_timer.c
		_SwTimerStop   		CODE           	9036	0000	41
		_SwTimerStart  		CODE           	75B4	0000	151
		_TMR_GetDeltaTime		CODE           	4C24	0000	429
		_SwTimerReadValue		CODE           	8B58	0000	65
		_SwTimerIsRunning		CODE           	8F42	0000	43
		_SwTimerCreate 		CODE           	76DA	0000	145
		_TMR_OverrideRemaining		CODE           	7518	0000	157
		_TMR_SwapTimer 		CODE           	87D8	0000	75
		_SwTimerSetCallback		CODE           	8A0A	0000	69
		_SwTimerSetTimeout		CODE           	8A4E	0000	69
		_SwTimersInterrupt		CODE           	61E2	0000	263
		_SystemBlockingWaitMs		CODE           	8D7C	0000	49
		_SwTimersExecute		CODE           	68B4	0000	235
		_SystemTimerInit		CODE           	9586	0000	9

mcc_generated_files/LoRaWAN/sw_timer.c estimated size: 1800

mcc_generated_files/interrupt_manager.c
		_INTERRUPT_Initialize		CODE           	95D6	0000	5
		_INTERRUPT_InterruptManager		CODE           	0008	0000	197

mcc_generated_files/interrupt_manager.c estimated size: 202

C:\Program Files (x86)\Microchip\xc8\v1.45\sources\common\Umul16.c
		___wmul        		CODE           	8FE6	0000	41

C:\Program Files (x86)\Microchip\xc8\v1.45\sources\common\Umul16.c estimated size: 41

mcc_generated_files/pin_manager.c
		_IOCB4_DefaultInterruptHandler		CODE           	95F6	0000	3
		_PIN_MANAGER_Initialize		CODE           	85EC	0000	85
		_PIN_MANAGER_IOC		CODE           	957C	0000	11
		_IOCB4_SetInterruptHandler		CODE           	94BE	0000	11
		_IOCB4_ISR     		CODE           	923C	0000	33

mcc_generated_files/pin_manager.c estimated size: 143

C:\Program Files (x86)\Microchip\xc8\v1.45\sources\common\memcpy.c
		_memcpy        		CODE           	82BA	0000	97

C:\Program Files (x86)\Microchip\xc8\v1.45\sources\common\memcpy.c estimated size: 97

C:\Program Files (x86)\Microchip\xc8\v1.45\sources\common\lwmod.c
		___lwmod       		CODE           	89C6	0000	69

C:\Program Files (x86)\Microchip\xc8\v1.45\sources\common\lwmod.c estimated size: 69

C:\Program Files (x86)\Microchip\xc8\v1.45\sources\common\awmod.c
		___awmod       		CODE           	7D0E	0000	115

C:\Program Files (x86)\Microchip\xc8\v1.45\sources\common\awmod.c estimated size: 115

mcc_generated_files/LoRaWAN/lorawan_init.c
		_DIO0_ISR_Lora_Init		CODE           	9452	0000	17
		_DIO1_ISR_Lora_Init		CODE           	9442	0000	17
		_DIO2_ISR_Lora_Init		CODE           	9432	0000	17
		_DIO3_ISR_Lora_Init		CODE           	95EE	0000	3
		_DIO4_ISR_Lora_Init		CODE           	95EC	0000	3
		_LORAWAN_PlatformInit		CODE           	90F4	0000	35
		_DIO5_ISR_Lora_Init		CODE           	95EA	0000	3

mcc_generated_files/LoRaWAN/lorawan_init.c estimated size: 95

mcc_generated_files/LoRaWAN/radio_driver_hal.c
		_HALDIO5PinValue		CODE           	94A8	0000	13
		_HALResetPinMakeInput		CODE           	95E6	0000	5
		_HALResetPinMakeOutput		CODE           	95E2	0000	5
		_HALResetPinOutputValue		CODE           	9328	0000	27
		_HALSPISend    		CODE           	948E	0000	15
		_HALSPICSDeassert		CODE           	95DA	0000	5
		_HALSPICSAssert		CODE           	95DE	0000	5

mcc_generated_files/LoRaWAN/radio_driver_hal.c estimated size: 75

C:\Program Files (x86)\Microchip\xc8\v1.45\sources\common\llmod.c
		___llmod       		CODE           	7F9C	0000	105

C:\Program Files (x86)\Microchip\xc8\v1.45\sources\common\llmod.c estimated size: 105

C:\Program Files (x86)\Microchip\xc8\v1.45\sources\common\almod.c
		___almod       		CODE           	71CE	0000	175

C:\Program Files (x86)\Microchip\xc8\v1.45\sources\common\almod.c estimated size: 175

mcc_generated_files/LoRaWAN/lorawan_aes_cmac.c
		_GenerateSubkey		CODE           	5ABC	0000	333
		_AESCmac       		CODE           	223E	0000	939
		_FillSubKey    		CODE           	8196	0000	99

mcc_generated_files/LoRaWAN/lorawan_aes_cmac.c estimated size: 1371

C:\Program Files (x86)\Microchip\xc8\v1.45\sources\common\Umul32.c
		___lmul        		CODE           	84E6	0000	89

C:\Program Files (x86)\Microchip\xc8\v1.45\sources\common\Umul32.c estimated size: 89

C:\Program Files (x86)\Microchip\xc8\v1.45\sources\common\rand.c
		_srand         		CODE           	9462	0000	17
		_rand          		CODE           	83D6	0000	93

C:\Program Files (x86)\Microchip\xc8\v1.45\sources\common\rand.c estimated size: 110

mcc_generated_files/LoRaWAN/radio_driver_SX1276.c
		_RADIO_ReceiveStart		CODE           	425A	0000	561
		_RADIO_Init    		CODE           	4A5A	0000	459
		_RADIO_SetSpreadingFactor		CODE           	954A	0000	11
		_RADIO_WriteConfiguration		CODE           	152C	0000	1281
		_RADIO_RxFSKTimeout		CODE           	8C14	0000	61
		_RADIO_WriteFSKBitRate		CODE           	7F34	0000	105
		_RADIO_WriteMode		CODE           	63E8	0000	255
		_RADIO_Reset   		CODE           	88F8	0000	71
		_RADIO_GetStatus		CODE           	95A4	0000	7
		_RADIO_RxDone  		CODE           	699E	0000	229
		_RADIO_WriteFSKFrequencyDeviation		CODE           	7ECA	0000	107
		_RADIO_GetPacketSnr		CODE           	959E	0000	7
		_RADIO_SetModulation		CODE           	9554	0000	11
		_RADIO_RegisterWrite		CODE           	91BC	0000	33
		_RADIO_ReadRandom		CODE           	7474	0000	165
		_RADIO_ReleaseData		CODE           	95AA	0000	7
		_RADIO_FSKPacketSent		CODE           	5D46	0000	303
		_RADIO_RegisterRead		CODE           	900E	0000	41
		_RADIO_SetBandwidth		CODE           	9568	0000	11
		_RADIO_ReceiveStop		CODE           	919C	0000	33
		_RADIO_DIO0    		CODE           	764A	0000	145
		_RADIO_DIO1    		CODE           	878A	0000	79
		_RADIO_DIO2    		CODE           	8596	0000	87
		_RADIO_DIO3    		CODE           	9116	0000	35
		_RADIO_DIO4    		CODE           	8C86	0000	51
		_RADIO_DIO5    		CODE           	8F96	0000	41
		_RADIO_FHSSChangeChannel		CODE           	8B18	0000	65
		_RADIO_TxDone  		CODE           	5F9E	0000	295
		_RADIO_SetFrequencyHopPeriod		CODE           	955E	0000	11
		_RADIO_FSKPayloadReady		CODE           	711A	0000	181
		_RADIO_SetLoRaSyncWord		CODE           	9572	0000	11
		_RADIO_SetIQInverted		CODE           	9536	0000	11
		_RADIO_SetFSKSyncWord		CODE           	8D4C	0000	49
		_RADIO_RxTimeout		CODE           	8E68	0000	47
		_RADIO_WritePower		CODE           	66D4	0000	241
		_RADIO_SetOutputPower		CODE           	952C	0000	11
		_RADIO_WatchdogTimeout		CODE           	886C	0000	71
		_RADIO_SetChannelFrequency		CODE           	776A	0000	139
		_RADIO_Transmit		CODE           	4022	0000	569
		_RADIO_UnhandledInterrupt		CODE           	8CB8	0000	51
		_RADIO_SetCRC  		CODE           	9540	0000	11
		_RADIO_WriteFrequency		CODE           	67C4	0000	241

mcc_generated_files/LoRaWAN/radio_driver_SX1276.c estimated size: 6200

mcc_generated_files/ext_int.c
		_INT1_SetInterruptHandler		CODE           	94D2	0000	11
		_EXT_INT_Initialize		CODE           	8EEE	0000	43
		_INT2_SetInterruptHandler		CODE           	94C8	0000	11
		_INT1_DefaultInterruptHandler		CODE           	95FA	0000	3
		_INT1_CallBack 		CODE           	927C	0000	33
		_INT2_DefaultInterruptHandler		CODE           	95F8	0000	3
		_INT2_CallBack 		CODE           	925C	0000	33
		_INT1_ISR      		CODE           	9596	0000	9
		_INT2_ISR      		CODE           	958E	0000	9

mcc_generated_files/ext_int.c estimated size: 155

mcc_generated_files/LoRaWAN/tmr_lora_addons.c
		_TMR_ISR_Lora_Init		CODE           	9422	0000	17
		_TMR_ISR_lora  		CODE           	853E	0000	89

mcc_generated_files/LoRaWAN/tmr_lora_addons.c estimated size: 106

mcc_generated_files/tmr5.c
		_TMR5_HasOverflowOccured		CODE           	949C	0000	13
		_TMR5_Initialize		CODE           	929C	0000	31

mcc_generated_files/tmr5.c estimated size: 44

shared
		_spreadingFactor		MEDIUMCONST    	FF8E	0000	8
		_maxPayloadSize		MEDIUMCONST    	FF77	0000	9
		_DefaultChannels433		MEDIUMCONST    	FFA8	0000	43
		_FskSyncWordBuff		MEDIUMCONST    	FFFC	0000	4
		_rxWindowSize  		MEDIUMCONST    	FF7F	0000	9
		i2_TMR_SwapTimer		CODE           	8A92	0000	69
		i2_TMR1_ReadTimer		CODE           	921C	0000	33
		_DefaultChannels868		MEDIUMCONST    	FFD2	0000	43
		_macEndDevCmdReplyLen		MEDIUMCONST    	FF95	0000	8
		__initialization		CODE           	6A82	0000	221
		_txPower433    		MEDIUMCONST    	0000	0000	0
		_txPower868    		MEDIUMCONST    	FFA2	0000	7
		i2_TMR1_WriteTimer		CODE           	92F2	0000	29
		_rxWindowOffset		MEDIUMCONST    	FF6F	0000	9
		_STable        		MEDIUMCONST    	FE67	0000	257
		_modulation    		MEDIUMCONST    	FF67	0000	9
		i2_SwTimersInterrupt		CODE           	62E8	0000	257
		_bandwidth     		MEDIUMCONST    	FF87	0000	8
		i2_TMR_GetDeltaTime		CODE           	53DA	0000	365

shared estimated size: 1388

mcc_generated_files/eusart1.c
		_EUSART1_SetRxInterruptHandler		CODE           	94E6	0000	11
		_EUSART1_SetTxInterruptHandler		CODE           	94DC	0000	11
		_EUSART1_Initialize		CODE           	7B1A	0000	129
		_EUSART1_DefaultErrorHandler		CODE           	95C8	0000	7
		_EUSART1_SetFramingErrorHandler		CODE           	94FA	0000	11
		_EUSART1_Read  		CODE           	8822	0000	75
		_EUSART1_SetOverrunErrorHandler		CODE           	94F0	0000	11
		_EUSART1_SetErrorHandler		CODE           	9504	0000	11
		_EUSART1_Write 		CODE           	8BD6	0000	63
		_EUSART1_Receive_ISR		CODE           	3DBC	0000	615
		_EUSART1_RxDataHandler		CODE           	90AA	0000	39
		_EUSART1_DefaultOverrunErrorHandler		CODE           	95C2	0000	7
		_EUSART1_Transmit_ISR		CODE           	8DDC	0000	49
		_EUSART1_DefaultFramingErrorHandler		CODE           	95FC	0000	3

mcc_generated_files/eusart1.c estimated size: 1042

mcc_generated_files/LoRaWAN/lorawan_eu.c
		_ExecuteNewChannel		CODE           	3B4C	0000	625
		_ExecuteLinkAdr		CODE           	35E0	0000	713
		_UpdateDataRange		CODE           	596E	0000	335
		_UpdateDutyCycle		CODE           	8982	0000	69
		_ValidateChannelMaskCntl		CODE           	917C	0000	33
		_LORAWAN_RxTimeout		CODE           	25E8	0000	869
		_ValidateChannelId		CODE           	90D0	0000	37
		_InitDefault433Channels		CODE           	787E	0000	139
		_DutyCycleCallback		CODE           	2FE4	0000	775
		_InitDefault868Channels		CODE           	77F4	0000	139
		_SelectChannelForTransmission		CODE           	7E5E	0000	109
		_ValidateChannelMask		CODE           	831A	0000	95
		_ValidateDataRate		CODE           	9372	0000	25
		_ValidateRxOffset		CODE           	935A	0000	25
		_ValidateDataRange		CODE           	88B2	0000	71
		_SetCallbackSoftwareTimers		CODE           	6C42	0000	223
		_StartReTxTimer		CODE           	50EC	0000	387
		_SearchAvailableChannel		CODE           	5E74	0000	299
		_EnableChannels		CODE           	92D6	0000	29
		_UpdateFrequency		CODE           	893E	0000	69
		_ValidateFrequency		CODE           	806A	0000	103
		_EnableChannels1		CODE           	7DF2	0000	109
		_ExecuteRxParamSetupReq		CODE           	448A	0000	533
		_UpdateDLSettings		CODE           	92BA	0000	29
		_GetRx1Freq    		CODE           	93DC	0000	19
		_ValidateTxPower		CODE           	8F18	0000	43
		_LORAWAN_Init  		CODE           	81F8	0000	99
		_ConfigureRadioTx		CODE           	8694	0000	83
		_LORAWAN_Reset 		CODE           	488C	0000	463
		_ExecuteDutyCycle		CODE           	8640	0000	85
		_UpdateCfList  		CODE           	469E	0000	495
		_LORAWAN_SetChannelIdStatus		CODE           	8432	0000	91
		_StopAllSoftwareTimers		CODE           	86E6	0000	83
		_UpdateChannelIdStatus		CODE           	5546	0000	359
		_ConfigureRadio		CODE           	7328	0000	169
		_LORAWAN_TxDone		CODE           	0D7A	0000	1971
		_ExecuteDevStatus		CODE           	9522	0000	11
		_CreateAllSoftwareTimers		CODE           	8738	0000	83

mcc_generated_files/LoRaWAN/lorawan_eu.c estimated size: 9894

mcc_generated_files/mcc.c
		_OSCILLATOR_Initialize		CODE           	9480	0000	15
		_SYSTEM_Initialize		CODE           	905E	0000	39

mcc_generated_files/mcc.c estimated size: 54

mcc_generated_files/tmr1.c
		_TMR1_Initialize		CODE           	8EC2	0000	45
		_TMR1_SetInterruptHandler		CODE           	94B4	0000	11
		_TMR1_DefaultInterruptHandler		CODE           	95F4	0000	3
		_TMR1_CallBack 		CODE           	91FC	0000	33
		_TMR1_WriteTimer		CODE           	91DC	0000	33
		_TMR1_ReadTimer		CODE           	915A	0000	35
		_TMR1_ISR      		CODE           	93C8	0000	21

mcc_generated_files/tmr1.c estimated size: 181

C:\Program Files (x86)\Microchip\xc8\v1.45\sources\common\awdiv.c
		___awdiv       		CODE           	7908	0000	135

C:\Program Files (x86)\Microchip\xc8\v1.45\sources\common\awdiv.c estimated size: 135

C:\Program Files (x86)\Microchip\xc8\v1.45\sources\common\strncat.c
		_strncat       		CODE           	80D0	0000	101

C:\Program Files (x86)\Microchip\xc8\v1.45\sources\common\strncat.c estimated size: 101

mcc_generated_files/LoRaWAN/AES.c
		_AESEncode     		CODE           	2C9A	0000	843
		_EncKeySchedule		CODE           	38A8	0000	677
		_EncodeShiftRow		CODE           	56AC	0000	357

mcc_generated_files/LoRaWAN/AES.c estimated size: 1877

C:\Program Files (x86)\Microchip\xc8\v1.45\sources\common\lldiv.c
		___lldiv       		CODE           	7A14	0000	133

C:\Program Files (x86)\Microchip\xc8\v1.45\sources\common\lldiv.c estimated size: 133

C:\Program Files (x86)\Microchip\xc8\v1.45\sources\common\aldiv.c
		___aldiv       		CODE           	6ECA	0000	207

C:\Program Files (x86)\Microchip\xc8\v1.45\sources\common\aldiv.c estimated size: 207

mcc_generated_files/spi2.c
		_SPI2_Exchange8bit		CODE           	9400	0000	19
		_SPI2_Initialize		CODE           	9472	0000	15

mcc_generated_files/spi2.c estimated size: 34

main.c
		_RxData        		CODE           	95F2	0000	3
		_main          		CODE           	294C	0000	847
		_RxJoinResponse		CODE           	95F0	0000	3

main.c estimated size: 853

C:\Program Files (x86)\Microchip\xc8\v1.45\sources\common\memset.c
		_memset        		CODE           	8DAC	0000	49

C:\Program Files (x86)\Microchip\xc8\v1.45\sources\common\memset.c estimated size: 49

