Microchip MPLAB XC8 Compiler V1.45 ()

Linker command line:

-W-3 --edf=C:\Program Files (x86)\Microchip\xc8\v1.45\dat\en_msgs.txt -cs \
  -h+dist/default/production\usart.X.production.sym \
  --cmf=dist/default/production\usart.X.production.cmf -z -w9 \
  --disl=596:off --norlf -Q18LF46K22 \
  -oC:\Users\Lenovo\AppData\Local\Temp\s4p4.2 \
  -Mdist/default/production/usart.X.production.map -E1 -ver=XC8 \
  -ACODE=00h-0FFFFh -ACONST=00h-0FFFFh -ASMALLCONST=01000h-010FFhx240 \
  -AMEDIUMCONST=01000h-0FFFFh -ACOMRAM=01h-05Fh -AABS1=00h-0F37h \
  -ABIGRAM=01h-0F37h -ARAM=060h-0FFh,0100h-01FFhx14,0F00h-0F37h \
  -ABANK0=060h-0FFh -ABANK1=0100h-01FFh -ABANK2=0200h-02FFh \
  -ABANK3=0300h-03FFh -ABANK4=0400h-04FFh -ABANK5=0500h-05FFh \
  -ABANK6=0600h-06FFh -ABANK7=0700h-07FFh -ABANK8=0800h-08FFh \
  -ABANK9=0900h-09FFh -ABANK10=0A00h-0AFFh -ABANK11=0B00h-0BFFh \
  -ABANK12=0C00h-0CFFh -ABANK13=0D00h-0DFFh -ABANK14=0E00h-0EFFh \
  -ABANK15=0F00h-0F37h -ASFR=0F38h-0F5Fh,0F60h-0FFFh \
  -preset_vec=00h,intcode,intcodelo,powerup,init -pramtop=01000h \
  -psmallconst=SMALLCONST -pmediumconst=MEDIUMCONST -pconst=CONST \
  -AFARRAM=00h-00h -ACONFIG=0300000h-030000Dh -pconfig=CONFIG \
  -AIDLOC=0200000h-0200007h -pidloc=IDLOC -AEEDATA=0F00000h-0F003FFh \
  -peeprom_data=EEDATA \
  -prdata=COMRAM,nvrram=COMRAM,nvbit=COMRAM,rbss=COMRAM,rbit=COMRAM \
  -pfarbss=FARRAM,fardata=FARRAM,nvFARRAM=FARRAM \
  -pintsave_regs=BIGRAM,bigbss=BIGRAM,bigdata=BIGRAM -pbss=RAM \
  -pidata=CODE,irdata=CODE,ibigdata=CODE,ifardata=CODE \
  C:\Users\Lenovo\AppData\Local\Temp\s4p4.obj \
  dist/default/production\usart.X.production.obj 

Object code version is 3.11

Machine type is 18LF46K22

Call graph: (short form)




                Name                               Link     Load   Length Selector   Space Scale
C:\Users\Lenovo\AppData\Local\Temp\s4p4.obj
                init                                 C4       C4        4        0       0
dist/default/production\usart.X.production.obj
                intcode                               0        0       C4        0       0
                temp                                 4C       4C        C        1       1
                mediumconst                        FE66     FE66      19A     7F33       0
                text59                             F3F8     F3F8       26     79FC       0
                text58                             F1B8     F1B8        6     78DC       0
                text57                             F1A4     F1A4        2     78D2       0
                text56                             F1BE     F1BE        6     78DF       0
                text55                             F54C     F54C       4A     7AA6       0
                text54                             F646     F646       64     7B23       0
                text53                             FC00     FC00      266     7E00       0
                text52                             F49A     F49A       30     7A4D       0
                text51                             F1A6     F1A6        2     78D3       0
                text50                             F1C4     F1C4        6     78E2       0
                text49                             F316     F316       20     798B       0
                text48                             F1DC     F1DC        8     78EE       0
                text47                             F1A8     F1A8        2     78D4       0
                text46                             F1CA     F1CA        6     78E5       0
                text45                             F336     F336       20     799B       0
                text44                             F1E4     F1E4        8     78F2       0
                text43                             F1AA     F1AA        2     78D5       0
                text42                             F1D0     F1D0        6     78E8       0
                text41                             F356     F356       20     79AB       0
                text40                             F1EC     F1EC        A     78F6       0
                text39                             F376     F376       20     79BB       0
                text38                             FA96     FA96      16A     7D4B       0
                text37                             F85A     F85A       FE     7C2D       0
                text36                             F2DC     F2DC       1C     796E       0
                text35                             F508     F508       44     7A84       0
                text34                             F5EA     F5EA       5C     7AF5       0
                text33                             F1AC     F1AC        2     78D6       0
                text32                             F396     F396       20     79CB       0
                text31                             F2C8     F2C8       14     7964       0
                text29                             F4CA     F4CA       3E     7A65       0
                text28                             F1F6     F1F6        A     78FB       0
                text27                             F200     F200        A     7900       0
                text26                             F20A     F20A        A     7905       0
                text25                             F214     F214        A     790A       0
                text24                             F21E     F21E        A     790F       0
                text23                             F718     F718       80     7B8C       0
                text22                             F228     F228        A     7914       0
                text21                             F232     F232        A     7919       0
                text20                             F444     F444       2A     7A22       0
                text19                             F1B4     F1B4        4     78DA       0
                text18                             F278     F278       10     793C       0
                text17                             F288     F288       10     7944       0
                text16                             F23C     F23C        A     791E       0
                text15                             F298     F298       10     794C       0
                text14                             F1AE     F1AE        2     78D7       0
                text13                             F1B0     F1B0        2     78D8       0
                text12                             F1B2     F1B2        2     78D9       0
                text11                             F1D6     F1D6        6     78EB       0
                text10                             F246     F246        A     7923       0
                text9                              F2A8     F2A8       10     7954       0
                text8                              F3D6     F3D6       22     79EB       0
                text7                              F25C     F25C        E     792E       0
                text6                              F596     F596       54     7ACB       0
                text5                              F26A     F26A        E     7935       0
                text4                              F46E     F46E       2C     7A37       0
                text3                              F2F8     F2F8       1E     797C       0
                text2                              F41E     F41E       26     7A0F       0
                text1                              F6AA     F6AA       6E     7B55       0
                text0                              F958     F958      13E     7CAC       0
                cstackCOMRAM                          1        1       3D        1       1
                cstackBANK0                          D6       D6       10       60       1
                bssBIGRAM                             0        0      DD6        0       1
                bssBANK4                            400      400       64      400       1
                dataBANK3                           3A0      3A0       20      300       1
                bssBANK3                            300      300       A0      300       1
                dataBANK2                           2F0      2F0       10      200       1
                bssBANK2                            200      200       F0      200       1
                bssBANK1                            100      100       F5      100       1
                dataBANK0                            F3       F3        C       60       1
                bssBANK0                             60       60       76       60       1
                bssCOMRAM                            3E       3E        E        1       1
                cinit                              F798     F798       C2     7BCC       0
                nvBANK1                             1F5      1F5        A      100       1
                nvBANK0                              E6       E6        D       60       1
                idataBANK3                         F3B6     F3B6       20     F3B6       0
                idataBANK2                         F2B8     F2B8       10     F2B8       0
                idataBANK0                         F250     F250        C     F250       0

TOTAL           Name                               Link     Load   Length     Space
        CLASS   CODE           
                intcode                               0        0       C4         0
                init                                 C4       C4        4         0
                text59                             F3F8     F3F8       26         0
                text58                             F1B8     F1B8        6         0
                text57                             F1A4     F1A4        2         0
                text56                             F1BE     F1BE        6         0
                text55                             F54C     F54C       4A         0
                text54                             F646     F646       64         0
                text53                             FC00     FC00      266         0
                text52                             F49A     F49A       30         0
                text51                             F1A6     F1A6        2         0
                text50                             F1C4     F1C4        6         0
                text49                             F316     F316       20         0
                text48                             F1DC     F1DC        8         0
                text47                             F1A8     F1A8        2         0
                text46                             F1CA     F1CA        6         0
                text45                             F336     F336       20         0
                text44                             F1E4     F1E4        8         0
                text43                             F1AA     F1AA        2         0
                text42                             F1D0     F1D0        6         0
                text41                             F356     F356       20         0
                text40                             F1EC     F1EC        A         0
                text39                             F376     F376       20         0
                text38                             FA96     FA96      16A         0
                text37                             F85A     F85A       FE         0
                text36                             F2DC     F2DC       1C         0
                text35                             F508     F508       44         0
                text34                             F5EA     F5EA       5C         0
                text33                             F1AC     F1AC        2         0
                text32                             F396     F396       20         0
                text31                             F2C8     F2C8       14         0
                text29                             F4CA     F4CA       3E         0
                text28                             F1F6     F1F6        A         0
                text27                             F200     F200        A         0
                text26                             F20A     F20A        A         0
                text25                             F214     F214        A         0
                text24                             F21E     F21E        A         0
                text23                             F718     F718       80         0
                text22                             F228     F228        A         0
                text21                             F232     F232        A         0
                text20                             F444     F444       2A         0
                text19                             F1B4     F1B4        4         0
                text18                             F278     F278       10         0
                text17                             F288     F288       10         0
                text16                             F23C     F23C        A         0
                text15                             F298     F298       10         0
                text14                             F1AE     F1AE        2         0
                text13                             F1B0     F1B0        2         0
                text12                             F1B2     F1B2        2         0
                text11                             F1D6     F1D6        6         0
                text10                             F246     F246        A         0
                text9                              F2A8     F2A8       10         0
                text8                              F3D6     F3D6       22         0
                text7                              F25C     F25C        E         0
                text6                              F596     F596       54         0
                text5                              F26A     F26A        E         0
                text4                              F46E     F46E       2C         0
                text3                              F2F8     F2F8       1E         0
                text2                              F41E     F41E       26         0
                text1                              F6AA     F6AA       6E         0
                text0                              F958     F958      13E         0
                cinit                              F798     F798       C2         0
                idataBANK3                         F3B6     F3B6       20         0
                idataBANK2                         F2B8     F2B8       10         0
                idataBANK0                         F250     F250        C         0

        CLASS   CONST          

        CLASS   SMALLCONST     

        CLASS   MEDIUMCONST    
                mediumconst                        FE66     FE66      19A         0

        CLASS   COMRAM         
                temp                                 4C       4C        C         1
                cstackCOMRAM                          1        1       3D         1
                bssCOMRAM                            3E       3E        E         1

        CLASS   ABS1           

        CLASS   BIGRAM         
                bssBIGRAM                             0        0      DD6         1

        CLASS   RAM            

        CLASS   BANK0          
                cstackBANK0                          D6       D6       10         1
                dataBANK0                            F3       F3        C         1
                bssBANK0                             60       60       76         1
                nvBANK0                              E6       E6        D         1

        CLASS   BANK1          
                bssBANK1                            100      100       F5         1
                nvBANK1                             1F5      1F5        A         1

        CLASS   BANK2          
                dataBANK2                           2F0      2F0       10         1
                bssBANK2                            200      200       F0         1

        CLASS   BANK3          
                dataBANK3                           3A0      3A0       20         1
                bssBANK3                            300      300       A0         1

        CLASS   BANK4          
                bssBANK4                            400      400       64         1

        CLASS   BANK5          

        CLASS   BANK6          

        CLASS   BANK7          

        CLASS   BANK8          

        CLASS   BANK9          

        CLASS   BANK10         

        CLASS   BANK11         

        CLASS   BANK12         

        CLASS   BANK13         

        CLASS   BANK14         

        CLASS   BANK15         

        CLASS   SFR            

        CLASS   FARRAM         

        CLASS   CONFIG         

        CLASS   IDLOC          

        CLASS   EEDATA         

        CLASS   STACK          



SEGMENTS        Name                           Load    Length   Top    Selector   Space  Class

                reset_vec                      000000  0000C8  0000C8         0       0  CODE    
                cstackCOMRAM                   000001  000057  000058         1       1  COMRAM  
                bssBANK0                       000060  00009F  0000FF        60       1  BANK0   
                bssBANK1                       000100  0000FF  0001FF       100       1  BANK1   
                bssBANK2                       000200  000100  000300       200       1  BANK2   
                bssBANK3                       000300  0000C0  0003C0       300       1  BANK3   
                bssBANK4                       000400  000064  000464       400       1  BANK4   
                text57                         00F1A4  000002  00F1A6      78D2       0  CODE    
                text51                         00F1A6  000002  00F1A8      78D3       0  CODE    
                text47                         00F1A8  000002  00F1AA      78D4       0  CODE    
                text43                         00F1AA  000002  00F1AC      78D5       0  CODE    
                text33                         00F1AC  000002  00F1AE      78D6       0  CODE    
                text14                         00F1AE  000002  00F1B0      78D7       0  CODE    
                text13                         00F1B0  000002  00F1B2      78D8       0  CODE    
                text12                         00F1B2  000002  00F1B4      78D9       0  CODE    
                text19                         00F1B4  000004  00F1B8      78DA       0  CODE    
                text58                         00F1B8  000006  00F1BE      78DC       0  CODE    
                text56                         00F1BE  000006  00F1C4      78DF       0  CODE    
                text50                         00F1C4  000006  00F1CA      78E2       0  CODE    
                text46                         00F1CA  000006  00F1D0      78E5       0  CODE    
                text42                         00F1D0  000006  00F1D6      78E8       0  CODE    
                text11                         00F1D6  000006  00F1DC      78EB       0  CODE    
                text48                         00F1DC  000008  00F1E4      78EE       0  CODE    
                text44                         00F1E4  000008  00F1EC      78F2       0  CODE    
                text40                         00F1EC  00000A  00F1F6      78F6       0  CODE    
                text28                         00F1F6  00000A  00F200      78FB       0  CODE    
                text27                         00F200  00000A  00F20A      7900       0  CODE    
                text26                         00F20A  00000A  00F214      7905       0  CODE    
                text25                         00F214  00000A  00F21E      790A       0  CODE    
                text24                         00F21E  00000A  00F228      790F       0  CODE    
                text22                         00F228  00000A  00F232      7914       0  CODE    
                text21                         00F232  00000A  00F23C      7919       0  CODE    
                text16                         00F23C  00000A  00F246      791E       0  CODE    
                text10                         00F246  00000A  00F250      7923       0  CODE    
                idataBANK0                     00F250  00000C  00F25C      F250       0  CODE    
                text7                          00F25C  00000E  00F26A      792E       0  CODE    
                text5                          00F26A  00000E  00F278      7935       0  CODE    
                text18                         00F278  000010  00F288      793C       0  CODE    
                text17                         00F288  000010  00F298      7944       0  CODE    
                text15                         00F298  000010  00F2A8      794C       0  CODE    
                text9                          00F2A8  000010  00F2B8      7954       0  CODE    
                idataBANK2                     00F2B8  000010  00F2C8      F2B8       0  CODE    
                text31                         00F2C8  000014  00F2DC      7964       0  CODE    
                text36                         00F2DC  00001C  00F2F8      796E       0  CODE    
                text3                          00F2F8  00001E  00F316      797C       0  CODE    
                text49                         00F316  000020  00F336      798B       0  CODE    
                text45                         00F336  000020  00F356      799B       0  CODE    
                text41                         00F356  000020  00F376      79AB       0  CODE    
                text39                         00F376  000020  00F396      79BB       0  CODE    
                text32                         00F396  000020  00F3B6      79CB       0  CODE    
                idataBANK3                     00F3B6  000020  00F3D6      F3B6       0  CODE    
                text8                          00F3D6  000022  00F3F8      79EB       0  CODE    
                text59                         00F3F8  000026  00F41E      79FC       0  CODE    
                text2                          00F41E  000026  00F444      7A0F       0  CODE    
                text20                         00F444  00002A  00F46E      7A22       0  CODE    
                text4                          00F46E  00002C  00F49A      7A37       0  CODE    
                text52                         00F49A  000030  00F4CA      7A4D       0  CODE    
                text29                         00F4CA  00003E  00F508      7A65       0  CODE    
                text35                         00F508  000044  00F54C      7A84       0  CODE    
                text55                         00F54C  00004A  00F596      7AA6       0  CODE    
                text6                          00F596  000054  00F5EA      7ACB       0  CODE    
                text34                         00F5EA  00005C  00F646      7AF5       0  CODE    
                text54                         00F646  000064  00F6AA      7B23       0  CODE    
                text1                          00F6AA  00006E  00F718      7B55       0  CODE    
                text23                         00F718  000080  00F798      7B8C       0  CODE    
                cinit                          00F798  0000C2  00F85A      7BCC       0  CODE    
                text37                         00F85A  0000FE  00F958      7C2D       0  CODE    
                text0                          00F958  00013E  00FA96      7CAC       0  CODE    
                text38                         00FA96  00016A  00FC00      7D4B       0  CODE    
                text53                         00FC00  000266  00FE66      7E00       0  CODE    
                mediumconst                    00FE66  00019A  010000      7F33       0  MEDIUMCO


UNUSED ADDRESS RANGES

        Name                Unused          Largest block    Delta
        BANK13           00DD6-00DFF              2A
        BANK14           00E00-00EFF             100
        BANK15           00F00-00F37              38
        BIGRAM           00DD6-00F37             162
        CODE             000C8-0F1A3            F0DC
        CONFIG           300000-30000D               E
        CONST            000C8-0F1A3            F0DC
        EEDATA           F00000-F003FF             400
        IDLOC            200000-200007               8
        MEDIUMCONST      01000-0F1A3            E1A4
        RAM              00DD6-00F37             100
        SFR              00F38-00FFF              28
        SMALLCONST       01000-0F1A3             100

                                  Symbol Table

_AckRetransmissionCallback                      (abs)        00000
_AutomaticReplyCallback                         (abs)        00000
_DutyCycleCallback                              (abs)        00000
_INTERRUPT_InterruptManager                     intcode      00000
_LORAWAN_LinkCheckCallback                      (abs)        00000
_LORAWAN_ReceiveWindow1Callback                 (abs)        00000
_LORAWAN_ReceiveWindow2Callback                 (abs)        00000
_RADIO_RxFSKTimeout                             (abs)        00000
_RADIO_WatchdogTimeout                          (abs)        00000
_UnconfirmedTransmissionCallback                (abs)        00000
_UpdateJoinSuccessState                         (abs)        00000
__CFG_BOREN$SBORDIS                             (abs)        00000
__CFG_BORV$190                                  (abs)        00000
__CFG_CCP2MX$PORTC1                             (abs)        00000
__CFG_CCP3MX$PORTB5                             (abs)        00000
__CFG_CP0$OFF                                   (abs)        00000
__CFG_CP1$OFF                                   (abs)        00000
__CFG_CP2$OFF                                   (abs)        00000
__CFG_CP3$OFF                                   (abs)        00000
__CFG_CPB$OFF                                   (abs)        00000
__CFG_CPD$OFF                                   (abs)        00000
__CFG_DEBUG$OFF                                 (abs)        00000
__CFG_EBTR0$OFF                                 (abs)        00000
__CFG_EBTR1$OFF                                 (abs)        00000
__CFG_EBTR2$OFF                                 (abs)        00000
__CFG_EBTR3$OFF                                 (abs)        00000
__CFG_EBTRB$OFF                                 (abs)        00000
__CFG_FCMEN$OFF                                 (abs)        00000
__CFG_FOSC$INTIO67                              (abs)        00000
__CFG_HFOFST$ON                                 (abs)        00000
__CFG_IESO$OFF                                  (abs)        00000
__CFG_LVP$ON                                    (abs)        00000
__CFG_MCLRE$EXTMCLR                             (abs)        00000
__CFG_P2BMX$PORTD2                              (abs)        00000
__CFG_PBADEN$ON                                 (abs)        00000
__CFG_PLLCFG$OFF                                (abs)        00000
__CFG_PRICLKEN$ON                               (abs)        00000
__CFG_PWRTEN$OFF                                (abs)        00000
__CFG_STVREN$ON                                 (abs)        00000
__CFG_T3CMX$PORTC0                              (abs)        00000
__CFG_WDTEN$OFF                                 (abs)        00000
__CFG_WDTPS$32768                               (abs)        00000
__CFG_WRT0$OFF                                  (abs)        00000
__CFG_WRT1$OFF                                  (abs)        00000
__CFG_WRT2$OFF                                  (abs)        00000
__CFG_WRT3$OFF                                  (abs)        00000
__CFG_WRTB$OFF                                  (abs)        00000
__CFG_WRTC$OFF                                  (abs)        00000
__CFG_WRTD$OFF                                  (abs)        00000
__CFG_XINST$OFF                                 (abs)        00000
__HRAM                                          (abs)        00000
__Habs1                                         abs1         00000
__Hbank0                                        bank0        00000
__Hbank1                                        bank1        00000
__Hbank10                                       bank10       00000
__Hbank11                                       bank11       00000
__Hbank12                                       bank12       00000
__Hbank13                                       bank13       00000
__Hbank14                                       bank14       00000
__Hbank15                                       bank15       00000
__Hbank2                                        bank2        00000
__Hbank3                                        bank3        00000
__Hbank4                                        bank4        00000
__Hbank5                                        bank5        00000
__Hbank6                                        bank6        00000
__Hbank7                                        bank7        00000
__Hbank8                                        bank8        00000
__Hbank9                                        bank9        00000
__Hbigbss                                       bigbss       00000
__Hbigdata                                      bigdata      00000
__Hbigram                                       bigram       00000
__Hbss                                          bss          00000
__HbssBIGRAM                                    bssBIGRAM    00000
__Hclrtext                                      clrtext      00000
__Hcomram                                       comram       00000
__Hconfig                                       config       00000
__Hconst                                        const        00000
__HcstackBANK0                                  cstackBANK0  00000
__HcstackCOMRAM                                 cstackCOMRAM 00000
__Hdata                                         data         00000
__Heeprom_data                                  eeprom_data  00000
__Hfarbss                                       farbss       00000
__Hfardata                                      fardata      00000
__Hibigdata                                     ibigdata     00000
__Hidata                                        idata        00000
__Hidloc                                        idloc        00000
__Hifardata                                     ifardata     00000
__Hintcode_body                                 intcode_body 00000
__Hintentry                                     intentry     00000
__Hintret                                       intret       00000
__Hintsave_regs                                 intsave_regs 00000
__Hirdata                                       irdata       00000
__HnvFARRAM                                     nvFARRAM     00000
__Hnvbit                                        nvbit        00000
__Hnvrram                                       nvrram       00000
__Hparam                                        rparam       00000
__Hram                                          ram          00000
__Hrbit                                         rbit         00000
__Hrbss                                         rbss         00000
__Hrdata                                        rdata        00000
__Hreset_vec                                    reset_vec    00000
__Hrparam                                       rparam       00000
__Hsfr                                          sfr          00000
__Hsmallconst                                   smallconst   00000
__Hspace_2                                      (abs)        00000
__Hstack                                        stack        00000
__Hstruct                                       struct       00000
__Htext                                         text         00000
__Htext0                                        text0        00000
__Htext1                                        text1        00000
__Htext10                                       text10       00000
__Htext11                                       text11       00000
__Htext12                                       text12       00000
__Htext13                                       text13       00000
__Htext14                                       text14       00000
__Htext15                                       text15       00000
__Htext16                                       text16       00000
__Htext17                                       text17       00000
__Htext18                                       text18       00000
__Htext19                                       text19       00000
__Htext2                                        text2        00000
__Htext20                                       text20       00000
__Htext21                                       text21       00000
__Htext22                                       text22       00000
__Htext23                                       text23       00000
__Htext24                                       text24       00000
__Htext25                                       text25       00000
__Htext26                                       text26       00000
__Htext27                                       text27       00000
__Htext28                                       text28       00000
__Htext29                                       text29       00000
__Htext3                                        text3        00000
__Htext31                                       text31       00000
__Htext32                                       text32       00000
__Htext33                                       text33       00000
__Htext34                                       text34       00000
__Htext35                                       text35       00000
__Htext36                                       text36       00000
__Htext37                                       text37       00000
__Htext38                                       text38       00000
__Htext39                                       text39       00000
__Htext4                                        text4        00000
__Htext40                                       text40       00000
__Htext41                                       text41       00000
__Htext42                                       text42       00000
__Htext43                                       text43       00000
__Htext44                                       text44       00000
__Htext45                                       text45       00000
__Htext46                                       text46       00000
__Htext47                                       text47       00000
__Htext48                                       text48       00000
__Htext49                                       text49       00000
__Htext5                                        text5        00000
__Htext50                                       text50       00000
__Htext51                                       text51       00000
__Htext52                                       text52       00000
__Htext53                                       text53       00000
__Htext54                                       text54       00000
__Htext55                                       text55       00000
__Htext56                                       text56       00000
__Htext57                                       text57       00000
__Htext58                                       text58       00000
__Htext59                                       text59       00000
__Htext6                                        text6        00000
__Htext60                                       text60       00000
__Htext7                                        text7        00000
__Htext8                                        text8        00000
__Htext9                                        text9        00000
__Labs1                                         abs1         00000
__Lbank0                                        bank0        00000
__Lbank1                                        bank1        00000
__Lbank10                                       bank10       00000
__Lbank11                                       bank11       00000
__Lbank12                                       bank12       00000
__Lbank13                                       bank13       00000
__Lbank14                                       bank14       00000
__Lbank15                                       bank15       00000
__Lbank2                                        bank2        00000
__Lbank3                                        bank3        00000
__Lbank4                                        bank4        00000
__Lbank5                                        bank5        00000
__Lbank6                                        bank6        00000
__Lbank7                                        bank7        00000
__Lbank8                                        bank8        00000
__Lbank9                                        bank9        00000
__Lbigbss                                       bigbss       00000
__Lbigdata                                      bigdata      00000
__Lbigram                                       bigram       00000
__Lbss                                          bss          00000
__LbssBIGRAM                                    bssBIGRAM    00000
__Lclrtext                                      clrtext      00000
__Lcomram                                       comram       00000
__Lconfig                                       config       00000
__Lconst                                        const        00000
__LcstackBANK0                                  cstackBANK0  00000
__LcstackCOMRAM                                 cstackCOMRAM 00000
__Ldata                                         data         00000
__Leeprom_data                                  eeprom_data  00000
__Lfarbss                                       farbss       00000
__Lfardata                                      fardata      00000
__Libigdata                                     ibigdata     00000
__Lidata                                        idata        00000
__Lidloc                                        idloc        00000
__Lifardata                                     ifardata     00000
__Lintcode                                      intcode      00000
__Lintcode_body                                 intcode_body 00000
__Lintentry                                     intentry     00000
__Lintret                                       intret       00000
__Lintsave_regs                                 intsave_regs 00000
__Lirdata                                       irdata       00000
__LnvFARRAM                                     nvFARRAM     00000
__Lnvbit                                        nvbit        00000
__Lnvrram                                       nvrram       00000
__Lparam                                        rparam       00000
__Lram                                          ram          00000
__Lrbit                                         rbit         00000
__Lrbss                                         rbss         00000
__Lrdata                                        rdata        00000
__Lreset_vec                                    reset_vec    00000
__Lrparam                                       rparam       00000
__Lsfr                                          sfr          00000
__Lsmallconst                                   smallconst   00000
__Lspace_0                                      (abs)        00000
__Lspace_1                                      (abs)        00000
__Lspace_2                                      (abs)        00000
__Lstack                                        stack        00000
__Lstruct                                       struct       00000
__Ltext                                         text         00000
__Ltext0                                        text0        00000
__Ltext1                                        text1        00000
__Ltext10                                       text10       00000
__Ltext11                                       text11       00000
__Ltext12                                       text12       00000
__Ltext13                                       text13       00000
__Ltext14                                       text14       00000
__Ltext15                                       text15       00000
__Ltext16                                       text16       00000
__Ltext17                                       text17       00000
__Ltext18                                       text18       00000
__Ltext19                                       text19       00000
__Ltext2                                        text2        00000
__Ltext20                                       text20       00000
__Ltext21                                       text21       00000
__Ltext22                                       text22       00000
__Ltext23                                       text23       00000
__Ltext24                                       text24       00000
__Ltext25                                       text25       00000
__Ltext26                                       text26       00000
__Ltext27                                       text27       00000
__Ltext28                                       text28       00000
__Ltext29                                       text29       00000
__Ltext3                                        text3        00000
__Ltext31                                       text31       00000
__Ltext32                                       text32       00000
__Ltext33                                       text33       00000
__Ltext34                                       text34       00000
__Ltext35                                       text35       00000
__Ltext36                                       text36       00000
__Ltext37                                       text37       00000
__Ltext38                                       text38       00000
__Ltext39                                       text39       00000
__Ltext4                                        text4        00000
__Ltext40                                       text40       00000
__Ltext41                                       text41       00000
__Ltext42                                       text42       00000
__Ltext43                                       text43       00000
__Ltext44                                       text44       00000
__Ltext45                                       text45       00000
__Ltext46                                       text46       00000
__Ltext47                                       text47       00000
__Ltext48                                       text48       00000
__Ltext49                                       text49       00000
__Ltext5                                        text5        00000
__Ltext50                                       text50       00000
__Ltext51                                       text51       00000
__Ltext52                                       text52       00000
__Ltext53                                       text53       00000
__Ltext54                                       text54       00000
__Ltext55                                       text55       00000
__Ltext56                                       text56       00000
__Ltext57                                       text57       00000
__Ltext58                                       text58       00000
__Ltext59                                       text59       00000
__Ltext6                                        text6        00000
__Ltext60                                       text60       00000
__Ltext7                                        text7        00000
__Ltext8                                        text8        00000
__Ltext9                                        text9        00000
___inthi_sp                                     stack        00000
___intlo_sp                                     stack        00000
___param_bank                                   (abs)        00000
___sp                                           stack        00000
__pbssBIGRAM                                    bssBIGRAM    00000
__pintcode                                      intcode      00000
__ptext60                                       text60       00000
__size_of_DIO0_ISR_Lora                         (abs)        00000
__size_of_DIO0_ISR_Lora_Init                    (abs)        00000
__size_of_DIO1_ISR_Lora                         (abs)        00000
__size_of_DIO1_ISR_Lora_Init                    (abs)        00000
__size_of_DIO2_ISR_Lora                         (abs)        00000
__size_of_DIO2_ISR_Lora_Init                    (abs)        00000
__size_of_DIO3_ISR_Lora_Init                    (abs)        00000
__size_of_DIO4_ISR_Lora_Init                    (abs)        00000
__size_of_DIO5_ISR_Lora_Init                    (abs)        00000
__size_of_EUSART1_DefaultErrorHandler           (abs)        00000
__size_of_EUSART1_DefaultFramingErrorHandler    (abs)        00000
__size_of_EUSART1_DefaultOverrunErrorHandler    (abs)        00000
__size_of_EUSART1_Initialize                    (abs)        00000
__size_of_EUSART1_Read                          (abs)        00000
__size_of_EUSART1_Receive_ISR                   (abs)        00000
__size_of_EUSART1_RxDataHandler                 (abs)        00000
__size_of_EUSART1_SetErrorHandler               (abs)        00000
__size_of_EUSART1_SetFramingErrorHandler        (abs)        00000
__size_of_EUSART1_SetOverrunErrorHandler        (abs)        00000
__size_of_EUSART1_SetRxInterruptHandler         (abs)        00000
__size_of_EUSART1_SetTxInterruptHandler         (abs)        00000
__size_of_EUSART1_Transmit_ISR                  (abs)        00000
__size_of_EUSART1_Write                         (abs)        00000
__size_of_EXT_INT_Initialize                    (abs)        00000
__size_of_INT1_CallBack                         (abs)        00000
__size_of_INT1_DefaultInterruptHandler          (abs)        00000
__size_of_INT1_ISR                              (abs)        00000
__size_of_INT1_SetInterruptHandler              (abs)        00000
__size_of_INT2_CallBack                         (abs)        00000
__size_of_INT2_DefaultInterruptHandler          (abs)        00000
__size_of_INT2_ISR                              (abs)        00000
__size_of_INT2_SetInterruptHandler              (abs)        00000
__size_of_INTERRUPT_Initialize                  (abs)        00000
__size_of_INTERRUPT_InterruptManager            (abs)        00000
__size_of_IOCB4_DefaultInterruptHandler         (abs)        00000
__size_of_IOCB4_ISR                             (abs)        00000
__size_of_IOCB4_SetInterruptHandler             (abs)        00000
__size_of_LORAWAN_PlatformInit                  (abs)        00000
__size_of_OSCILLATOR_Initialize                 (abs)        00000
__size_of_PIN_MANAGER_IOC                       (abs)        00000
__size_of_PIN_MANAGER_Initialize                (abs)        00000
__size_of_SPI2_Initialize                       (abs)        00000
__size_of_SYSTEM_Initialize                     (abs)        00000
__size_of_SwTimersInterrupt                     (abs)        00000
__size_of_SystemTimerInit                       (abs)        00000
__size_of_TMR1_CallBack                         (abs)        00000
__size_of_TMR1_DefaultInterruptHandler          (abs)        00000
__size_of_TMR1_ISR                              (abs)        00000
__size_of_TMR1_Initialize                       (abs)        00000
__size_of_TMR1_ReadTimer                        (abs)        00000
__size_of_TMR1_SetInterruptHandler              (abs)        00000
__size_of_TMR1_WriteTimer                       (abs)        00000
__size_of_TMR5_Initialize                       (abs)        00000
__size_of_TMR_GetDeltaTime                      (abs)        00000
__size_of_TMR_ISR_Lora_Init                     (abs)        00000
__size_of_TMR_ISR_lora                          (abs)        00000
__size_of_TMR_SwapTimer                         (abs)        00000
__size_of_main                                  (abs)        00000
__size_of_strncat                               (abs)        00000
__size_of_substring                             (abs)        00000
__smallconst                                    smallconst   00000
_dataxstr                                       bssBIGRAM    00000
intlevel0                                       text         00000
intlevel1                                       text         00000
intlevel2                                       text         00000
intlevel3                                       text         00000
?_TMR1_ReadTimer                                cstackCOMRAM 00001
EUSART1_Read@readValue                          cstackCOMRAM 00001
TMR1_WriteTimer@timerVal                        cstackCOMRAM 00001
__LRAM                                          (abs)        00001
___rparam_used                                  (abs)        00001
__pcstackCOMRAM                                 cstackCOMRAM 00001
__activetblptr                                  (abs)        00003
TMR1_ReadTimer@readVal                          cstackCOMRAM 00005
TMR1_ReadTimer@readValHigh                      cstackCOMRAM 00007
TMR1_ReadTimer@readValLow                       cstackCOMRAM 00008
?_TMR_GetDeltaTime                              cstackCOMRAM 00009
?_TMR_SwapTimer                                 cstackCOMRAM 00009
TMR_SwapTimer@timerVal                          cstackCOMRAM 00009
?_SwTimersInterrupt                             cstackCOMRAM 00021
SwTimersInterrupt@timeElapsed                   cstackCOMRAM 00029
SwTimersInterrupt@ticksToNextTimerEvent         cstackCOMRAM 0002D
SwTimersInterrupt@i                             cstackCOMRAM 00031
__pbssCOMRAM                                    bssCOMRAM    0003E
_rxPayload                                      bssCOMRAM    0003E
_datatobesolved                                 bssCOMRAM    00042
_reloadVal                                      bssCOMRAM    00044
_eusart1RxStatusBuffer                          bssCOMRAM    00046
_eusart1RxTail                                  bssCOMRAM    00047
_eusart1RxHead                                  bssCOMRAM    00048
__rcon                                          bssCOMRAM    00049
_allocatedTimers                                bssCOMRAM    0004A
_localDioStatus                                 bssCOMRAM    0004B
__Ltemp                                         temp         0004C
btemp                                           temp         0004C
ltemp0                                          temp         0004C
ltemp1                                          temp         00050
ltemp2                                          temp         00054
__Htemp                                         temp         00058
TMR_GetDeltaTime@retVal                         bssBANK0     00060
__accesstop                                     (abs)        00060
__pbssBANK0                                     bssBANK0     00060
_ticksAccounted                                 bssBANK0     00064
_ticksAdded                                     bssBANK0     00068
_counterx                                       bssBANK0     0006C
_bitStatus7                                     bssBANK0     0006E
_bitStatus6                                     bssBANK0     00070
_bitStatus5                                     bssBANK0     00072
_bitStatus4                                     bssBANK0     00074
_bitStatus3                                     bssBANK0     00076
_bitStatus2                                     bssBANK0     00078
_bitStatus1                                     bssBANK0     0007A
_bitStatus                                      bssBANK0     0007C
_bitStatusbefore7                               bssBANK0     0007E
_bitStatusbefore6                               bssBANK0     00080
_bitStatusbefore5                               bssBANK0     00082
_bitStatusbefore4                               bssBANK0     00084
_bitStatusbefore3                               bssBANK0     00086
_bitStatusbefore2                               bssBANK0     00088
_bitStatusbefore1                               bssBANK0     0008A
_counterinterrupt                               bssBANK0     0008C
TMR_SwapTimer@retVal                            bssBANK0     0008E
TMR_SwapTimer@oldVal                            bssBANK0     00090
TMR_GetDeltaTime@tmrVal                         bssBANK0     00092
_datax                                          bssBANK0     00094
_eusart1RxLastError                             bssBANK0     00095
_eusart1RxCount                                 bssBANK0     00096
_eusart1RxBuffer                                bssBANK0     00097
_eusart1TxBuffer                                bssBANK0     00098
_eusart1TxTail                                  bssBANK0     00099
_eusart1TxHead                                  bssBANK0     0009A
__roundCounter                                  bssBANK0     0009B
_timerOverflow                                  bssBANK0     0009C
_dioStatus                                      bssBANK0     0009D
_RadioConfiguration                             bssBANK0     0009E
__Hintcode                                      intcode      000C4
__Hintcodelo                                    intcodelo    000C4
__Hpowerup                                      powerup      000C4
__Linit                                         init         000C4
__Lintcodelo                                    intcodelo    000C4
__Lpowerup                                      powerup      000C4
__end_of_INTERRUPT_InterruptManager             intcode      000C4
__Hinit                                         init         000C8
_dataresult                                     bssBANK0     000D4
EUSART1_SetErrorHandler@interruptHandler        cstackBANK0  000D6
EUSART1_SetFramingErrorHandler@interruptHandler cstackBANK0  000D6
EUSART1_SetOverrunErrorHandler@interruptHandler cstackBANK0  000D6
EUSART1_SetRxInterruptHandler@interruptHandler  cstackBANK0  000D6
EUSART1_SetTxInterruptHandler@interruptHandler  cstackBANK0  000D6
EUSART1_Write@txData                            cstackBANK0  000D6
INT1_SetInterruptHandler@InterruptHandler       cstackBANK0  000D6
INT2_SetInterruptHandler@InterruptHandler       cstackBANK0  000D6
IOCB4_SetInterruptHandler@InterruptHandler      cstackBANK0  000D6
TMR1_SetInterruptHandler@InterruptHandler       cstackBANK0  000D6
__pcstackBANK0                                  cstackBANK0  000D6
__pnvBANK0                                      nvBANK0      000E6
_timer5ReloadVal                                nvBANK0      000E6
_TMR1_InterruptHandler                          nvBANK0      000E8
_timer1ReloadVal                                nvBANK0      000EA
_IOCB4_InterruptHandler                         nvBANK0      000EC
_INT2_InterruptHandler                          nvBANK0      000EE
_INT1_InterruptHandler                          nvBANK0      000F0
_eusart1TxBufferRemaining                       nvBANK0      000F2
__pdataBANK0                                    dataBANK0    000F3
_randx                                          dataBANK0    000F3
_devAddr                                        dataBANK0    000F7
_ticksToScheduledInterrupt                      dataBANK0    000FB
__pbssBANK1                                     bssBANK1     00100
_loRa                                           bssBANK1     00100
_EUSART1_ErrorHandler                           nvBANK1      001F5
__pnvBANK1                                      nvBANK1      001F5
_EUSART1_OverrunErrorHandler                    nvBANK1      001F7
_EUSART1_FramingErrorHandler                    nvBANK1      001F9
_EUSART1_RxDefaultInterruptHandler              nvBANK1      001FB
_EUSART1_TxDefaultInterruptHandler              nvBANK1      001FD
_Channels                                       bssBANK2     00200
__pbssBANK2                                     bssBANK2     00200
_aesBuffer                                      bssBANK2     002E0
GenerateSubkey@F7103                            dataBANK2    002F0
__pdataBANK2                                    dataBANK2    002F0
__pbssBANK3                                     bssBANK3     00300
_swTimers                                       bssBANK3     00300
__pdataBANK3                                    dataBANK3    003A0
_appSKey                                        dataBANK3    003A0
_nwkSKey                                        dataBANK3    003B0
__pbssBANK4                                     bssBANK4     00400
_sub                                            bssBANK4     00400
__S1                                            (abs)        00464
_radioBuffer                                    bssBIGRAM    00BB8
_macBuffer                                      bssBIGRAM    00CC7
__HbssBANK0                                     bssBANK0     00DD6
__HbssBANK1                                     bssBANK1     00DD6
__HbssBANK2                                     bssBANK2     00DD6
__HbssBANK3                                     bssBANK3     00DD6
__HbssBANK4                                     bssBANK4     00DD6
__HbssCOMRAM                                    bssCOMRAM    00DD6
__Hcinit                                        cinit        00DD6
__HdataBANK0                                    dataBANK0    00DD6
__HdataBANK2                                    dataBANK2    00DD6
__HdataBANK3                                    dataBANK3    00DD6
__HidataBANK0                                   idataBANK0   00DD6
__HidataBANK2                                   idataBANK2   00DD6
__HidataBANK3                                   idataBANK3   00DD6
__HnvBANK0                                      nvBANK0      00DD6
__HnvBANK1                                      nvBANK1      00DD6
__Hspace_1                                      (abs)        00DD6
__LbssBANK0                                     bssBANK0     00DD6
__LbssBANK1                                     bssBANK1     00DD6
__LbssBANK2                                     bssBANK2     00DD6
__LbssBANK3                                     bssBANK3     00DD6
__LbssBANK4                                     bssBANK4     00DD6
__LbssCOMRAM                                    bssCOMRAM    00DD6
__Lcinit                                        cinit        00DD6
__LdataBANK0                                    dataBANK0    00DD6
__LdataBANK2                                    dataBANK2    00DD6
__LdataBANK3                                    dataBANK3    00DD6
__LidataBANK0                                   idataBANK0   00DD6
__LidataBANK2                                   idataBANK2   00DD6
__LidataBANK3                                   idataBANK3   00DD6
__LnvBANK0                                      nvBANK0      00DD6
__LnvBANK1                                      nvBANK1      00DD6
_ANSELA                                         (abs)        00F38
_ANSELB                                         (abs)        00F39
_ANSELC                                         (abs)        00F3A
_ANSELD                                         (abs)        00F3B
_ANSELE                                         (abs)        00F3C
_T5GCON                                         (abs)        00F4D
_T5GCONbits                                     (abs)        00F4D
_T5CON                                          (abs)        00F4E
_T5CONbits                                      (abs)        00F4E
_TMR5                                           (abs)        00F4F
_TMR5L                                          (abs)        00F4F
_TMR5H                                          (abs)        00F50
_WPUB                                           (abs)        00F61
_IOCBbits                                       (abs)        00F62
_SSP2CON1                                       (abs)        00F6C
_SSP2CON1bits                                   (abs)        00F6C
_SSP2STAT                                       (abs)        00F6D
_SSP2STATbits                                   (abs)        00F6D
_SSP2ADD                                        (abs)        00F6E
_SSP2BUF                                        (abs)        00F6F
_PIR5bits                                       (abs)        00F7E
_PORTBbits                                      (abs)        00F81
_LATA                                           (abs)        00F89
_LATB                                           (abs)        00F8A
_LATC                                           (abs)        00F8B
_LATD                                           (abs)        00F8C
_LATE                                           (abs)        00F8D
_TRISA                                          (abs)        00F92
_TRISB                                          (abs)        00F93
_TRISC                                          (abs)        00F94
_TRISD                                          (abs)        00F95
_TRISE                                          (abs)        00F96
_OSCTUNE                                        (abs)        00F9B
_PIE1bits                                       (abs)        00F9D
_PIR1bits                                       (abs)        00F9E
_RCSTA1                                         (abs)        00FAB
_RCSTA1bits                                     (abs)        00FAB
_TXSTA1                                         (abs)        00FAC
_TXSTA1bits                                     (abs)        00FAC
_TXREG                                          (abs)        00FAD
_TXREG1                                         (abs)        00FAD
_RCREG1                                         (abs)        00FAE
_SPBRG1                                         (abs)        00FAF
_SPBRGH1                                        (abs)        00FB0
_BAUDCON1                                       (abs)        00FB8
_T1GCON                                         (abs)        00FCC
_T1GCONbits                                     (abs)        00FCC
_T1CON                                          (abs)        00FCD
_T1CONbits                                      (abs)        00FCD
_TMR1                                           (abs)        00FCE
_TMR1L                                          (abs)        00FCE
_TMR1H                                          (abs)        00FCF
_RCONbits                                       (abs)        00FD0
_OSCCON2                                        (abs)        00FD2
_OSCCON                                         (abs)        00FD3
_INTCON3bits                                    (abs)        00FF0
_INTCON2bits                                    (abs)        00FF1
_INTCONbits                                     (abs)        00FF2
__Hramtop                                       ramtop       01000
__Lramtop                                       ramtop       01000
__ramtop                                        ramtop       01000
_LATC2                                          (abs)        07C5A
_LATD3                                          (abs)        07C63
_TRISC2                                         (abs)        07CA2
_EUSART1_DefaultFramingErrorHandler             text57       0F1A4
__ptext57                                       text57       0F1A4
_INT1_DefaultInterruptHandler                   text51       0F1A6
__end_of_EUSART1_DefaultFramingErrorHandler     text57       0F1A6
__ptext51                                       text51       0F1A6
_INT2_DefaultInterruptHandler                   text47       0F1A8
__end_of_INT1_DefaultInterruptHandler           text51       0F1A8
__ptext47                                       text47       0F1A8
_IOCB4_DefaultInterruptHandler                  text43       0F1AA
__end_of_INT2_DefaultInterruptHandler           text47       0F1AA
__ptext43                                       text43       0F1AA
_TMR1_DefaultInterruptHandler                   text33       0F1AC
__end_of_IOCB4_DefaultInterruptHandler          text43       0F1AC
__ptext33                                       text33       0F1AC
_DIO3_ISR_Lora_Init                             text14       0F1AE
__end_of_TMR1_DefaultInterruptHandler           text33       0F1AE
__ptext14                                       text14       0F1AE
_DIO4_ISR_Lora_Init                             text13       0F1B0
__end_of_DIO3_ISR_Lora_Init                     text14       0F1B0
__ptext13                                       text13       0F1B0
_DIO5_ISR_Lora_Init                             text12       0F1B2
__end_of_DIO4_ISR_Lora_Init                     text13       0F1B2
__ptext12                                       text12       0F1B2
_INTERRUPT_Initialize                           text19       0F1B4
__end_of_DIO5_ISR_Lora_Init                     text12       0F1B4
__ptext19                                       text19       0F1B4
_EUSART1_DefaultErrorHandler                    text58       0F1B8
__end_of_INTERRUPT_Initialize                   text19       0F1B8
__ptext58                                       text58       0F1B8
_EUSART1_DefaultOverrunErrorHandler             text56       0F1BE
__end_of_EUSART1_DefaultErrorHandler            text58       0F1BE
__ptext56                                       text56       0F1BE
_DIO0_ISR_Lora                                  text50       0F1C4
__end_of_EUSART1_DefaultOverrunErrorHandler     text56       0F1C4
__ptext50                                       text50       0F1C4
_DIO1_ISR_Lora                                  text46       0F1CA
__end_of_DIO0_ISR_Lora                          text50       0F1CA
__ptext46                                       text46       0F1CA
_DIO2_ISR_Lora                                  text42       0F1D0
__end_of_DIO1_ISR_Lora                          text46       0F1D0
__ptext42                                       text42       0F1D0
_SystemTimerInit                                text11       0F1D6
__end_of_DIO2_ISR_Lora                          text42       0F1D6
__ptext11                                       text11       0F1D6
_INT1_ISR                                       text48       0F1DC
__end_of_SystemTimerInit                        text11       0F1DC
__ptext48                                       text48       0F1DC
_INT2_ISR                                       text44       0F1E4
__end_of_INT1_ISR                               text48       0F1E4
__ptext44                                       text44       0F1E4
_PIN_MANAGER_IOC                                text40       0F1EC
__end_of_INT2_ISR                               text44       0F1EC
__ptext40                                       text40       0F1EC
_EUSART1_SetErrorHandler                        text28       0F1F6
__end_of_PIN_MANAGER_IOC                        text40       0F1F6
__ptext28                                       text28       0F1F6
_EUSART1_SetFramingErrorHandler                 text27       0F200
__end_of_EUSART1_SetErrorHandler                text28       0F200
__ptext27                                       text27       0F200
_EUSART1_SetOverrunErrorHandler                 text26       0F20A
__end_of_EUSART1_SetFramingErrorHandler         text27       0F20A
__ptext26                                       text26       0F20A
_EUSART1_SetRxInterruptHandler                  text25       0F214
__end_of_EUSART1_SetOverrunErrorHandler         text26       0F214
__ptext25                                       text25       0F214
_EUSART1_SetTxInterruptHandler                  text24       0F21E
__end_of_EUSART1_SetRxInterruptHandler          text25       0F21E
__ptext24                                       text24       0F21E
_INT1_SetInterruptHandler                       text22       0F228
__end_of_EUSART1_SetTxInterruptHandler          text24       0F228
__ptext22                                       text22       0F228
_INT2_SetInterruptHandler                       text21       0F232
__end_of_INT1_SetInterruptHandler               text22       0F232
__ptext21                                       text21       0F232
_IOCB4_SetInterruptHandler                      text16       0F23C
__end_of_INT2_SetInterruptHandler               text21       0F23C
__ptext16                                       text16       0F23C
_TMR1_SetInterruptHandler                       text10       0F246
__end_of_IOCB4_SetInterruptHandler              text16       0F246
__ptext10                                       text10       0F246
__end_of_TMR1_SetInterruptHandler               text10       0F250
__pidataBANK0                                   idataBANK0   0F250
_OSCILLATOR_Initialize                          text7        0F25C
__ptext7                                        text7        0F25C
_SPI2_Initialize                                text5        0F26A
__end_of_OSCILLATOR_Initialize                  text7        0F26A
__ptext5                                        text5        0F26A
_DIO0_ISR_Lora_Init                             text18       0F278
__end_of_SPI2_Initialize                        text5        0F278
__ptext18                                       text18       0F278
_DIO1_ISR_Lora_Init                             text17       0F288
__end_of_DIO0_ISR_Lora_Init                     text18       0F288
__ptext17                                       text17       0F288
_DIO2_ISR_Lora_Init                             text15       0F298
__end_of_DIO1_ISR_Lora_Init                     text17       0F298
__ptext15                                       text15       0F298
_TMR_ISR_Lora_Init                              text9        0F2A8
__end_of_DIO2_ISR_Lora_Init                     text15       0F2A8
__ptext9                                        text9        0F2A8
__end_of_TMR_ISR_Lora_Init                      text9        0F2B8
__pidataBANK2                                   idataBANK2   0F2B8
_TMR1_ISR                                       text31       0F2C8
__ptext31                                       text31       0F2C8
_TMR1_WriteTimer                                text36       0F2DC
__end_of_TMR1_ISR                               text31       0F2DC
__ptext36                                       text36       0F2DC
_TMR5_Initialize                                text3        0F2F8
__end_of_TMR1_WriteTimer                        text36       0F2F8
__ptext3                                        text3        0F2F8
_INT1_CallBack                                  text49       0F316
__end_of_TMR5_Initialize                        text3        0F316
__ptext49                                       text49       0F316
_INT2_CallBack                                  text45       0F336
__end_of_INT1_CallBack                          text49       0F336
__ptext45                                       text45       0F336
_IOCB4_ISR                                      text41       0F356
__end_of_INT2_CallBack                          text45       0F356
__ptext41                                       text41       0F356
_TMR1_ReadTimer                                 text39       0F376
__end_of_IOCB4_ISR                              text41       0F376
__ptext39                                       text39       0F376
_TMR1_CallBack                                  text32       0F396
__end_of_TMR1_ReadTimer                         text39       0F396
__ptext32                                       text32       0F396
__end_of_TMR1_CallBack                          text32       0F3B6
__pidataBANK3                                   idataBANK3   0F3B6
_LORAWAN_PlatformInit                           text8        0F3D6
__ptext8                                        text8        0F3D6
_EUSART1_RxDataHandler                          text59       0F3F8
__end_of_LORAWAN_PlatformInit                   text8        0F3F8
__ptext59                                       text59       0F3F8
_SYSTEM_Initialize                              text2        0F41E
__end_of_EUSART1_RxDataHandler                  text59       0F41E
__ptext2                                        text2        0F41E
_EXT_INT_Initialize                             text20       0F444
__end_of_SYSTEM_Initialize                      text2        0F444
__ptext20                                       text20       0F444
_TMR1_Initialize                                text4        0F46E
__end_of_EXT_INT_Initialize                     text20       0F46E
__ptext4                                        text4        0F46E
_EUSART1_Transmit_ISR                           text52       0F49A
__end_of_TMR1_Initialize                        text4        0F49A
__ptext52                                       text52       0F49A
_EUSART1_Write                                  text29       0F4CA
__end_of_EUSART1_Transmit_ISR                   text52       0F4CA
__ptext29                                       text29       0F4CA
_TMR_SwapTimer                                  text35       0F508
__end_of_EUSART1_Write                          text29       0F508
__ptext35                                       text35       0F508
_EUSART1_Read                                   text55       0F54C
__end_of_TMR_SwapTimer                          text35       0F54C
__ptext55                                       text55       0F54C
_PIN_MANAGER_Initialize                         text6        0F596
__end_of_EUSART1_Read                           text55       0F596
__ptext6                                        text6        0F596
_TMR_ISR_lora                                   text34       0F5EA
__end_of_PIN_MANAGER_Initialize                 text6        0F5EA
__ptext34                                       text34       0F5EA
__end_of_TMR_ISR_lora                           text34       0F646
__ptext54                                       text54       0F646
_strncat                                        text54       0F646
__end_of_strncat                                text54       0F6AA
__ptext1                                        text1        0F6AA
_substring                                      text1        0F6AA
_EUSART1_Initialize                             text23       0F718
__end_of_substring                              text1        0F718
__ptext23                                       text23       0F718
__end_of_EUSART1_Initialize                     text23       0F798
__initialization                                cinit        0F798
__pcinit                                        cinit        0F798
__end_of__initialization                        cinit        0F854
end_of_initialization                           cinit        0F854
_SwTimersInterrupt                              text37       0F85A
__ptext37                                       text37       0F85A
__end_of_SwTimersInterrupt                      text37       0F958
__ptext0                                        text0        0F958
_main                                           text0        0F958
_TMR_GetDeltaTime                               text38       0FA96
__end_of_main                                   text0        0FA96
__ptext38                                       text38       0FA96
_EUSART1_Receive_ISR                            text53       0FC00
__end_of_TMR_GetDeltaTime                       text38       0FC00
__ptext53                                       text53       0FC00
__Lmediumconst                                  mediumconst  0FE66
__end_of_EUSART1_Receive_ISR                    text53       0FE66
__mediumconst                                   mediumconst  0FE66
__pmediumconst                                  mediumconst  0FE66
_STable                                         mediumconst  0FE67
__end_of_STable                                 mediumconst  0FF67
_modulation                                     mediumconst  0FF67
__end_of_modulation                             mediumconst  0FF6F
_rxWindowOffset                                 mediumconst  0FF6F
__end_of_rxWindowOffset                         mediumconst  0FF77
_maxPayloadSize                                 mediumconst  0FF77
__end_of_maxPayloadSize                         mediumconst  0FF7F
_rxWindowSize                                   mediumconst  0FF7F
__end_of_rxWindowSize                           mediumconst  0FF87
_bandwidth                                      mediumconst  0FF87
__end_of_bandwidth                              mediumconst  0FF8E
_spreadingFactor                                mediumconst  0FF8E
__end_of_spreadingFactor                        mediumconst  0FF95
_macEndDevCmdReplyLen                           mediumconst  0FF95
__end_of_macEndDevCmdReplyLen                   mediumconst  0FF9C
__end_of_txPower433                             mediumconst  0FFA2
_txPower868                                     mediumconst  0FFA2
_DefaultChannels433                             mediumconst  0FFA8
__end_of_txPower868                             mediumconst  0FFA8
_DefaultChannels868                             mediumconst  0FFD2
__end_of_DefaultChannels433                     mediumconst  0FFD2
_FskSyncWordBuff                                mediumconst  0FFFC
__end_of_DefaultChannels868                     mediumconst  0FFFC
__end_of_FskSyncWordBuff                        mediumconst  0FFFF
__Hmediumconst                                  mediumconst  10000
__Hspace_0                                      (abs)        10000
__S0                                            (abs)        10000
stackhi                                         (abs)        00000
stacklo                                         (abs)        00000
strncat@to                                      cstackCOMRAM 00001
strncat@from                                    cstackCOMRAM 00003
strncat@size                                    cstackCOMRAM 00005
strncat@cp                                      cstackCOMRAM 00007
start                                           init         000C4
start_initialization                            cinit        0F798
substring@s                                     cstackBANK0  000D6
substring@sub                                   cstackBANK0  000D8
substring@p                                     cstackBANK0  000DA
substring@l                                     cstackBANK0  000DC
substring@c                                     cstackBANK0  000E2
ttemp0                                          temp         0004C
wtemp0                                          temp         0004C
wtemp6                                          temp         0004D
wtemp1                                          temp         0004E
ttemp1                                          temp         0004F
wtemp2                                          temp         00050
ttemp2                                          temp         00052
wtemp3                                          temp         00052
wtemp4                                          temp         00054
ttemp3                                          temp         00055
wtemp5                                          temp         00056
